Component: ARM Compiler 5.06 update 4 (build 422) Tool: armlink [4d35d2]

==============================================================================

Section Cross References

    main.o(i.blinkRate) refers to nrf_drv_twi.o(i.nrf_drv_twi_tx) for nrf_drv_twi_tx
    main.o(i.blinkRate) refers to app_error.o(i.app_error_handler_bare) for app_error_handler_bare
    main.o(i.blinkRate) refers to main.o(.constdata) for .constdata
    main.o(i.blinkRate) refers to main.o(.data) for .data
    main.o(i.clearAllScreens) refers to main.o(i.clearHT16K33) for clearHT16K33
    main.o(i.clearAllScreens) refers to main.o(i.writeDisplayHT16K33) for writeDisplayHT16K33
    main.o(i.clearAllScreens) refers to main.o(i.nrf_delay_ms) for nrf_delay_ms
    main.o(i.clearHT16K33) refers to main.o(.bss) for .bss
    main.o(i.drawColonHT16K33) refers to main.o(.bss) for .bss
    main.o(i.initAllScreens) refers to main.o(i.initHT16K33) for initHT16K33
    main.o(i.initAllScreens) refers to main.o(i.nrf_delay_ms) for nrf_delay_ms
    main.o(i.initHT16K33) refers to nrf_drv_twi.o(i.nrf_drv_twi_tx) for nrf_drv_twi_tx
    main.o(i.initHT16K33) refers to app_error.o(i.app_error_handler_bare) for app_error_handler_bare
    main.o(i.initHT16K33) refers to main.o(i.nrf_delay_ms) for nrf_delay_ms
    main.o(i.initHT16K33) refers to main.o(i.blinkRate) for blinkRate
    main.o(i.initHT16K33) refers to main.o(i.setBrightness) for setBrightness
    main.o(i.initHT16K33) refers to main.o(.constdata) for .constdata
    main.o(i.initHT16K33) refers to main.o(.data) for .data
    main.o(i.initTimer) refers to boards.o(i.bsp_board_leds_init) for bsp_board_leds_init
    main.o(i.initTimer) refers to nrf_drv_timer.o(i.nrf_drv_timer_init) for nrf_drv_timer_init
    main.o(i.initTimer) refers to app_error.o(i.app_error_handler_bare) for app_error_handler_bare
    main.o(i.initTimer) refers to main.o(i.nrf_drv_timer_ms_to_ticks) for nrf_drv_timer_ms_to_ticks
    main.o(i.initTimer) refers to nrf_drv_timer.o(i.nrf_drv_timer_extended_compare) for nrf_drv_timer_extended_compare
    main.o(i.initTimer) refers to nrf_drv_timer.o(i.nrf_drv_timer_enable) for nrf_drv_timer_enable
    main.o(i.initTimer) refers to main.o(.constdata) for .constdata
    main.o(i.initTimer) refers to main.o(i.timer_event_handler) for timer_event_handler
    main.o(i.initTimer) refers to main.o(.data) for .data
    main.o(i.main) refers to nrf_log_frontend.o(i.nrf_log_init) for nrf_log_init
    main.o(i.main) refers to app_error.o(i.app_error_handler_bare) for app_error_handler_bare
    main.o(i.main) refers to nrf_log_frontend.o(i.nrf_log_frontend_std_0) for nrf_log_frontend_std_0
    main.o(i.main) refers to main.o(i.twi_init) for twi_init
    main.o(i.main) refers to main.o(i.nrf_delay_ms) for nrf_delay_ms
    main.o(i.main) refers to main.o(i.gpio_init) for gpio_init
    main.o(i.main) refers to main.o(i.initAllScreens) for initAllScreens
    main.o(i.main) refers to main.o(i.writeNullChrono) for writeNullChrono
    main.o(i.main) refers to main.o(i.writeDisplayHT16K33) for writeDisplayHT16K33
    main.o(i.main) refers to main.o(i.clearHT16K33) for clearHT16K33
    main.o(i.main) refers to main.o(i.writeNull) for writeNull
    main.o(i.main) refers to main.o(i.initTimer) for initTimer
    main.o(i.main) refers to nrf_log_frontend.o(i.nrf_log_frontend_dequeue) for nrf_log_frontend_dequeue
    main.o(i.main) refers to main.o(i.nrf_gpio_pin_read) for nrf_gpio_pin_read
    main.o(i.main) refers to nrf_log_frontend.o(i.nrf_log_frontend_std_1) for nrf_log_frontend_std_1
    main.o(i.main) refers to main.o(i.printChrono) for printChrono
    main.o(i.main) refers to main.o(i.printLaps) for printLaps
    main.o(i.main) refers to nrf_log_frontend.o(i.nrf_log_frontend_std_2) for nrf_log_frontend_std_2
    main.o(i.main) refers to dfltui.o(.text) for __aeabi_ui2d
    main.o(i.main) refers to f2d.o(.text) for __aeabi_f2d
    main.o(i.main) refers to dmul.o(.text) for __aeabi_dmul
    main.o(i.main) refers to ddiv.o(.text) for __aeabi_ddiv
    main.o(i.main) refers to dfixui.o(.text) for __aeabi_d2uiz
    main.o(i.main) refers to dadd.o(.text) for __aeabi_dadd
    main.o(i.main) refers to d2f.o(.text) for __aeabi_d2f
    main.o(i.main) refers to main.o(.data) for .data
    main.o(i.nrf_delay_ms) refers to main.o(i.nrf_delay_us) for nrf_delay_us
    main.o(i.nrf_delay_us) refers to system_nrf52.o(.data) for SystemCoreClock
    main.o(i.printChrono) refers to printf8.o(i.__0sprintf$8) for __2sprintf
    main.o(i.printChrono) refers to strlen.o(.text) for strlen
    main.o(i.printChrono) refers to strtol.o(.text) for strtol
    main.o(i.printChrono) refers to main.o(i.writeDigitNumHT16K33) for writeDigitNumHT16K33
    main.o(i.printErrorHT16K33) refers to main.o(i.writeDigitRawHT16K33) for writeDigitRawHT16K33
    main.o(i.printFloat) refers to printf8.o(i.__0sprintf$8) for __2sprintf
    main.o(i.printFloat) refers to strlen.o(.text) for strlen
[...]
    Removing app_error.o(i.app_error_save_and_stop), (100 bytes).
    Removing app_error.o(.bss), (32 bytes).
    Removing app_error_weak.o(.rev16_text), (4 bytes).
    Removing app_error_weak.o(.revsh_text), (4 bytes).
    Removing app_error_weak.o(.rrx_text), (6 bytes).
    Removing app_util_platform.o(.rev16_text), (4 bytes).
    Removing app_util_platform.o(.revsh_text), (4 bytes).
    Removing app_util_platform.o(.rrx_text), (6 bytes).
    Removing nrf_assert.o(.rev16_text), (4 bytes).
    Removing nrf_assert.o(.revsh_text), (4 bytes).
    Removing nrf_assert.o(.rrx_text), (6 bytes).
    Removing nrf_assert.o(i.assert_nrf_callback), (22 bytes).
    Removing sdk_errors.o(.conststring), (403 bytes).
    Removing sdk_errors.o(.conststring), (282 bytes).
    Removing sdk_errors.o(.conststring), (88 bytes).
    Removing sdk_errors.o(.data), (72 bytes).
    Removing sdk_errors.o(.data), (36 bytes).
    Removing sdk_errors.o(.data), (12 bytes).
    Removing app_fifo.o(.rev16_text), (4 bytes).
    Removing app_fifo.o(.revsh_text), (4 bytes).
    Removing app_fifo.o(.rrx_text), (6 bytes).
    Removing app_fifo.o(i.app_fifo_flush), (8 bytes).
    Removing app_fifo.o(i.app_fifo_get), (22 bytes).
    Removing app_fifo.o(i.app_fifo_init), (32 bytes).
    Removing app_fifo.o(i.app_fifo_peek), (34 bytes).
    Removing app_fifo.o(i.app_fifo_put), (26 bytes).
    Removing app_fifo.o(i.app_fifo_read), (74 bytes).
    Removing app_fifo.o(i.app_fifo_write), (82 bytes).
    Removing app_fifo.o(i.fifo_get), (20 bytes).
    Removing app_fifo.o(i.fifo_put), (18 bytes).
    Removing app_sdcard.o(.rev16_text), (4 bytes).
    Removing app_sdcard.o(.revsh_text), (4 bytes).
    Removing app_sdcard.o(.rrx_text), (6 bytes).
    Removing app_sdcard.o(i.app_sdc_block_read), (88 bytes).
    Removing app_sdcard.o(i.app_sdc_block_write), (108 bytes).
    Removing app_sdcard.o(i.app_sdc_busy_check), (28 bytes).
    Removing app_sdcard.o(i.app_sdc_info_get), (24 bytes).
    Removing app_sdcard.o(i.app_sdc_init), (200 bytes).
    Removing app_sdcard.o(i.app_sdc_uninit), (72 bytes).
    Removing app_sdcard.o(i.nrf_gpio_cfg), (36 bytes).
    Removing app_sdcard.o(i.nrf_gpio_pin_set), (14 bytes).
    Removing app_sdcard.o(i.sdc_cmd), (184 bytes).
    Removing app_sdcard.o(i.sdc_pt_identification), (668 bytes).
    Removing app_sdcard.o(i.sdc_pt_read), (128 bytes).
    Removing app_sdcard.o(i.sdc_pt_sub_data_read), (352 bytes).
    Removing app_sdcard.o(i.sdc_pt_write), (520 bytes).
    Removing app_sdcard.o(i.sdc_spi_transfer), (60 bytes).
    Removing app_sdcard.o(i.spi_handler), (456 bytes).
    Removing app_sdcard.o(.bss), (92 bytes).
    Removing app_sdcard.o(.constdata), (24 bytes).
    Removing app_uart_fifo.o(.rev16_text), (4 bytes).
    Removing app_uart_fifo.o(.revsh_text), (4 bytes).
    Removing app_uart_fifo.o(.rrx_text), (6 bytes).
    Removing app_uart_fifo.o(i.app_uart_close), (16 bytes).
    Removing app_uart_fifo.o(i.app_uart_flush), (32 bytes).
    Removing app_uart_fifo.o(i.app_uart_get), (52 bytes).
    Removing app_uart_fifo.o(i.app_uart_init), (180 bytes).
    Removing app_uart_fifo.o(i.app_uart_put), (60 bytes).
    Removing app_uart_fifo.o(i.uart_event_handler), (160 bytes).
    Removing app_uart_fifo.o(.bss), (32 bytes).
    Removing app_uart_fifo.o(.constdata), (32 bytes).
    Removing app_uart_fifo.o(.data), (16 bytes).
    Removing nrf_block_dev_sdc.o(.rev16_text), (4 bytes).
    Removing nrf_block_dev_sdc.o(.revsh_text), (4 bytes).
    Removing nrf_block_dev_sdc.o(.rrx_text), (6 bytes).
    Removing nrf_block_dev_sdc.o(i.block_dev_sdc_geometry), (4 bytes).
    Removing nrf_block_dev_sdc.o(i.block_dev_sdc_init), (116 bytes).
    Removing nrf_block_dev_sdc.o(i.block_dev_sdc_ioctl), (32 bytes).
    Removing nrf_block_dev_sdc.o(i.block_dev_sdc_read_req), (124 bytes).
    Removing nrf_block_dev_sdc.o(i.block_dev_sdc_uninit), (84 bytes).
    Removing nrf_block_dev_sdc.o(i.block_dev_sdc_write_req), (124 bytes).
    Removing nrf_block_dev_sdc.o(i.sdc_handler), (144 bytes).
    Removing nrf_block_dev_sdc.o(.constdata), (24 bytes).
    Removing nrf_block_dev_sdc.o(.constdata), (72 bytes).
    Removing nrf_block_dev_sdc.o(.data), (8 bytes).
    Removing nrf_log_backend_serial.o(.rev16_text), (4 bytes).
    Removing nrf_log_backend_serial.o(.revsh_text), (4 bytes).
    Removing nrf_log_backend_serial.o(.rrx_text), (6 bytes).
    Removing nrf_log_backend_serial.o(i.nrf_log_backend_getchar), (52 bytes).
    Removing nrf_log_backend_serial.o(.constdata), (5 bytes).
    Removing nrf_log_frontend.o(.rev16_text), (4 bytes).
    Removing nrf_log_frontend.o(.revsh_text), (4 bytes).
    Removing nrf_log_frontend.o(.rrx_text), (6 bytes).
    Removing nrf_log_frontend.o(i.cont_buf_prealloc), (116 bytes).
    Removing nrf_log_frontend.o(i.nrf_log_frontend_hexdump), (144 bytes).
    Removing nrf_log_frontend.o(i.nrf_log_frontend_std_3), (124 bytes).
    Removing nrf_log_frontend.o(i.nrf_log_frontend_std_4), (136 bytes).
    Removing nrf_log_frontend.o(i.nrf_log_frontend_std_5), (152 bytes).
    Removing nrf_log_frontend.o(i.nrf_log_frontend_std_6), (164 bytes).
    Removing nrf_log_frontend.o(i.nrf_log_getchar), (4 bytes).
    Removing nrf_log_frontend.o(i.nrf_log_push), (96 bytes).
    Removing segger_rtt.o(.rev16_text), (4 bytes).
    Removing segger_rtt.o(.revsh_text), (4 bytes).
    Removing segger_rtt.o(.rrx_text), (6 bytes).
    Removing segger_rtt.o(i.SEGGER_RTT_ConfigDownBuffer), (92 bytes).
    Removing segger_rtt.o(i.SEGGER_RTT_ConfigUpBuffer), (92 bytes).
    Removing segger_rtt.o(i.SEGGER_RTT_GetKey), (28 bytes).
    Removing segger_rtt.o(i.SEGGER_RTT_HasData), (24 bytes).
    Removing segger_rtt.o(i.SEGGER_RTT_HasKey), (32 bytes).
    Removing segger_rtt.o(i.SEGGER_RTT_Init), (20 bytes).
    Removing segger_rtt.o(i.SEGGER_RTT_Read), (38 bytes).
    Removing segger_rtt.o(i.SEGGER_RTT_ReadNoLock), (124 bytes).
    Removing segger_rtt.o(i.SEGGER_RTT_SetNameDownBuffer), (60 bytes).
    Removing segger_rtt.o(i.SEGGER_RTT_SetNameUpBuffer), (60 bytes).
    Removing segger_rtt.o(i.SEGGER_RTT_SetTerminal), (132 bytes).
    Removing segger_rtt.o(i.SEGGER_RTT_TerminalOut), (172 bytes).
    Removing segger_rtt.o(i.SEGGER_RTT_WaitKey), (14 bytes).
    Removing segger_rtt.o(i.SEGGER_RTT_Write), (52 bytes).
    Removing segger_rtt.o(i.SEGGER_RTT_WriteNoLock), (92 bytes).
    Removing segger_rtt.o(i.SEGGER_RTT_WriteSkipNoLock), (116 bytes).
    Removing segger_rtt.o(i.SEGGER_RTT_WriteString), (26 bytes).
    Removing segger_rtt.o(i._DoInit), (104 bytes).
    Removing segger_rtt.o(i._GetAvailWriteSpace), (22 bytes).
    Removing segger_rtt.o(i._PostTerminalSwitch), (32 bytes).
    Removing segger_rtt.o(i._WriteBlocking), (90 bytes).
    Removing segger_rtt.o(i._WriteNoCheck), (62 bytes).
    Removing segger_rtt.o(.bss), (200 bytes).
    Removing segger_rtt.o(.data), (17 bytes).
    Removing arm_startup_nrf52.o(HEAP), (8192 bytes).
    Removing system_nrf52.o(.rev16_text), (4 bytes).
    Removing system_nrf52.o(.revsh_text), (4 bytes).
    Removing system_nrf52.o(.rrx_text), (6 bytes).
    Removing system_nrf52.o(i.SystemCoreClockUpdate), (16 bytes).
    Removing dfixul.o(.text), (48 bytes).
    Removing cdrcmple.o(.text), (48 bytes).

351 unused section(s) (total 31292 bytes) removed from the image.

==============================================================================

Image Symbol Table

    Local Symbols

    Symbol Name                              Value     Ov Type        Size  Object(Section)

    RESET                                    0x00000000   Section     1024  arm_startup_nrf52.o(RESET)
    ../clib/microlib/ctype/ctype.c           0x00000000   Number         0  isalpha_o.o ABSOLUTE
    ../clib/microlib/ctype/ctype.c           0x00000000   Number         0  isblank_o.o ABSOLUTE
    ../clib/microlib/ctype/ctype.c           0x00000000   Number         0  iscntrl_o.o ABSOLUTE
    ../clib/microlib/ctype/ctype.c           0x00000000   Number         0  isdigit_o.o ABSOLUTE
    ../clib/microlib/ctype/ctype.c           0x00000000   Number         0  isupper_o.o ABSOLUTE
    ../clib/microlib/ctype/ctype.c           0x00000000   Number         0  isgraph_o.o ABSOLUTE
    ../clib/microlib/ctype/ctype.c           0x00000000   Number         0  isprint_o.o ABSOLUTE
    ../clib/microlib/ctype/ctype.c           0x00000000   Number         0  isspace_o.o ABSOLUTE
    ../clib/microlib/ctype/ctype.c           0x00000000   Number         0  isxdigit_o.o ABSOLUTE
    ../clib/microlib/ctype/ctype.c           0x00000000   Number         0  islower_o.o ABSOLUTE
    ../clib/microlib/ctype/ctype.c           0x00000000   Number         0  ispunct_o.o ABSOLUTE
    ../clib/microlib/ctype/ctype.c           0x00000000   Number         0  ctype_o.o ABSOLUTE
    ../clib/microlib/ctype/ctype.c           0x00000000   Number         0  isalnum_o.o ABSOLUTE
    ../clib/microlib/division.c              0x00000000   Number         0  uldiv.o ABSOLUTE
    ../clib/microlib/division.c              0x00000000   Number         0  uidiv.o ABSOLUTE
    ../clib/microlib/errno.c                 0x00000000   Number         0  errno.o ABSOLUTE
    ../clib/microlib/init/entry.s            0x00000000   Number         0  entry11a.o ABSOLUTE
    ../clib/microlib/init/entry.s            0x00000000   Number         0  entry10b.o ABSOLUTE
    ../clib/microlib/init/entry.s            0x00000000   Number         0  entry8a.o ABSOLUTE
    ../clib/microlib/init/entry.s            0x00000000   Number         0  entry9b.o ABSOLUTE
    ../clib/microlib/init/entry.s            0x00000000   Number         0  entry9a.o ABSOLUTE
    ../clib/microlib/init/entry.s            0x00000000   Number         0  entry7b.o ABSOLUTE
    ../clib/microlib/init/entry.s            0x00000000   Number         0  entry7a.o ABSOLUTE
    ../clib/microlib/init/entry.s            0x00000000   Number         0  entry8b.o ABSOLUTE
    ../clib/microlib/init/entry.s            0x00000000   Number         0  entry10a.o ABSOLUTE
    ../clib/microlib/init/entry.s            0x00000000   Number         0  entry5.o ABSOLUTE
    ../clib/microlib/init/entry.s            0x00000000   Number         0  entry2.o ABSOLUTE
    ../clib/microlib/init/entry.s            0x00000000   Number         0  entry.o ABSOLUTE
    ../clib/microlib/init/entry.s            0x00000000   Number         0  entry11b.o ABSOLUTE
    ../clib/microlib/longlong.c              0x00000000   Number         0  llsshr.o ABSOLUTE
    ../clib/microlib/longlong.c              0x00000000   Number         0  llshl.o ABSOLUTE
    ../clib/microlib/longlong.c              0x00000000   Number         0  llushr.o ABSOLUTE
    ../clib/microlib/printf/printf.c         0x00000000   Number         0  printf1.o ABSOLUTE
    ../clib/microlib/printf/printf.c         0x00000000   Number         0  printf3.o ABSOLUTE
    ../clib/microlib/printf/printf.c         0x00000000   Number         0  printf4.o ABSOLUTE
    ../clib/microlib/printf/printf.c         0x00000000   Number         0  printf5.o ABSOLUTE
    ../clib/microlib/printf/printf.c         0x00000000   Number         0  printf7.o ABSOLUTE
    ../clib/microlib/printf/printf.c         0x00000000   Number         0  printf8.o ABSOLUTE
    ../clib/microlib/printf/printf.c         0x00000000   Number         0  printfb.o ABSOLUTE
    ../clib/microlib/printf/printf.c         0x00000000   Number         0  printf6.o ABSOLUTE
    ../clib/microlib/printf/printf.c         0x00000000   Number         0  printfa.o ABSOLUTE
    ../clib/microlib/printf/printf.c         0x00000000   Number         0  printf2.o ABSOLUTE
    ../clib/microlib/printf/printf.c         0x00000000   Number         0  printf0.o ABSOLUTE
    ../clib/microlib/printf/stubs.s          0x00000000   Number         0  stubs.o ABSOLUTE
    ../clib/microlib/stdio/fputc.c           0x00000000   Number         0  fputc.o ABSOLUTE
    ../clib/microlib/stdio/semi.s            0x00000000   Number         0  semi.o ABSOLUTE
    ../clib/microlib/stdio/streams.c         0x00000000   Number         0  stdout.o ABSOLUTE
    ../clib/microlib/string/memcpy.c         0x00000000   Number         0  memcpyb.o ABSOLUTE
    ../clib/microlib/string/memcpy.c         0x00000000   Number         0  memcpya.o ABSOLUTE
    ../clib/microlib/string/strcpy.c         0x00000000   Number         0  strcpy.o ABSOLUTE
    ../clib/microlib/string/strlen.c         0x00000000   Number         0  strlen.o ABSOLUTE
    ../clib/microlib/stubs.s                 0x00000000   Number         0  iusesemip.o ABSOLUTE
    ../clib/microlib/stubs.s                 0x00000000   Number         0  iusefp.o ABSOLUTE
    ../clib/scanf.c                          0x00000000   Number         0  strtol.o ABSOLUTE
    ../clib/scanf.c                          0x00000000   Number         0  _strtoul.o ABSOLUTE
    ../clib/scanf.c                          0x00000000   Number         0  _chval.o ABSOLUTE
    ../fplib/microlib/d2f.c                  0x00000000   Number         0  d2f.o ABSOLUTE
    ../fplib/microlib/f2d.c                  0x00000000   Number         0  f2d.o ABSOLUTE
    ../fplib/microlib/fpadd.c                0x00000000   Number         0  dadd.o ABSOLUTE
    ../fplib/microlib/fpdiv.c                0x00000000   Number         0  ddiv.o ABSOLUTE
    ../fplib/microlib/fpepilogue.c           0x00000000   Number         0  fepilogue.o ABSOLUTE
    ../fplib/microlib/fpepilogue.c           0x00000000   Number         0  depilogue.o ABSOLUTE
    ../fplib/microlib/fpfix.c                0x00000000   Number         0  dfixul.o ABSOLUTE
    ../fplib/microlib/fpfix.c                0x00000000   Number         0  dfixui.o ABSOLUTE
    ../fplib/microlib/fpflt.c                0x00000000   Number         0  dfltui.o ABSOLUTE
    ../fplib/microlib/fpmul.c                0x00000000   Number         0  dmul.o ABSOLUTE
    ..\..\..\..\..\..\components\boards\boards.c 0x00000000   Number         0  boards.o ABSOLUTE
    ..\..\..\..\..\..\components\drivers_nrf\common\nrf_drv_common.c 0x00000000   Number         0  nrf_drv_common.o ABSOLUTE
    ..\..\..\..\..\..\components\drivers_nrf\hal\nrf_saadc.c 0x00000000   Number         0  nrf_saadc.o ABSOLUTE
    ..\..\..\..\..\..\components\drivers_nrf\ppi\nrf_drv_ppi.c 0x00000000   Number         0  nrf_drv_ppi.o ABSOLUTE
    ..\..\..\..\..\..\components\drivers_nrf\saadc\nrf_drv_saadc.c 0x00000000   Number         0  nrf_drv_saadc.o ABSOLUTE
    ..\..\..\..\..\..\components\drivers_nrf\spi_master\nrf_drv_spi.c 0x00000000   Number         0  nrf_drv_spi.o ABSOLUTE
    ..\..\..\..\..\..\components\drivers_nrf\timer\nrf_drv_timer.c 0x00000000   Number         0  nrf_drv_timer.o ABSOLUTE
    ..\..\..\..\..\..\components\drivers_nrf\twi_master\nrf_drv_twi.c 0x00000000   Number         0  nrf_drv_twi.o ABSOLUTE
    ..\..\..\..\..\..\components\drivers_nrf\uart\nrf_drv_uart.c 0x00000000   Number         0  nrf_drv_uart.o ABSOLUTE
    ..\..\..\..\..\..\components\libraries\block_dev\sdc\nrf_block_dev_sdc.c 0x00000000   Number         0  nrf_block_dev_sdc.o ABSOLUTE
    ..\..\..\..\..\..\components\libraries\fifo\app_fifo.c 0x00000000   Number         0  app_fifo.o ABSOLUTE
    ..\..\..\..\..\..\components\libraries\log\src\nrf_log_backend_serial.c 0x00000000   Number         0  nrf_log_backend_serial.o ABSOLUTE
    ..\..\..\..\..\..\components\libraries\log\src\nrf_log_frontend.c 0x00000000   Number         0  nrf_log_frontend.o ABSOLUTE
    ..\..\..\..\..\..\components\libraries\sdcard\app_sdcard.c 0x00000000   Number         0  app_sdcard.o ABSOLUTE
    ..\..\..\..\..\..\components\libraries\uart\app_uart_fifo.c 0x00000000   Number         0  app_uart_fifo.o ABSOLUTE
    ..\..\..\..\..\..\components\libraries\util\app_error.c 0x00000000   Number         0  app_error.o ABSOLUTE
    ..\..\..\..\..\..\components\libraries\util\app_error_weak.c 0x00000000   Number         0  app_error_weak.o ABSOLUTE
    ..\..\..\..\..\..\components\libraries\util\app_util_platform.c 0x00000000   Number         0  app_util_platform.o ABSOLUTE
    ..\..\..\..\..\..\components\libraries\util\nrf_assert.c 0x00000000   Number         0  nrf_assert.o ABSOLUTE
    ..\..\..\..\..\..\components\libraries\util\sdk_errors.c 0x00000000   Number         0  sdk_errors.o ABSOLUTE
    ..\..\..\..\..\..\external\fatfs\port\diskio_blkdev.c 0x00000000   Number         0  diskio_blkdev.o ABSOLUTE
    ..\..\..\..\..\..\external\fatfs\src\ff.c 0x00000000   Number         0  ff.o ABSOLUTE
    ..\..\..\..\..\..\external\segger_rtt\RTT_Syscalls_KEIL.c 0x00000000   Number         0  rtt_syscalls_keil.o ABSOLUTE
    ..\..\..\..\..\..\external\segger_rtt\SEGGER_RTT.c 0x00000000   Number         0  segger_rtt.o ABSOLUTE
    ..\..\..\..\..\..\external\segger_rtt\SEGGER_RTT_printf.c 0x00000000   Number         0  segger_rtt_printf.o ABSOLUTE
    ..\..\..\main.c                          0x00000000   Number         0  main.o ABSOLUTE
    ..\\..\\..\\..\\..\\..\\components\\boards\\boards.c 0x00000000   Number         0  boards.o ABSOLUTE
    ..\\..\\..\\..\\..\\..\\components\\drivers_nrf\\common\\nrf_drv_common.c 0x00000000   Number         0  nrf_drv_common.o ABSOLUTE
    ..\\..\\..\\..\\..\\..\\components\\drivers_nrf\\hal\\nrf_saadc.c 0x00000000   Number         0  nrf_saadc.o ABSOLUTE
    ..\\..\\..\\..\\..\\..\\components\\drivers_nrf\\ppi\\nrf_drv_ppi.c 0x00000000   Number         0  nrf_drv_ppi.o ABSOLUTE
    ..\\..\\..\\..\\..\\..\\components\\drivers_nrf\\saadc\\nrf_drv_saadc.c 0x00000000   Number         0  nrf_drv_saadc.o ABSOLUTE
    ..\\..\\..\\..\\..\\..\\components\\drivers_nrf\\spi_master\\nrf_drv_spi.c 0x00000000   Number         0  nrf_drv_spi.o ABSOLUTE
    ..\\..\\..\\..\\..\\..\\components\\drivers_nrf\\timer\\nrf_drv_timer.c 0x00000000   Number         0  nrf_drv_timer.o ABSOLUTE
    ..\\..\\..\\..\\..\\..\\components\\drivers_nrf\\twi_master\\nrf_drv_twi.c 0x00000000   Number         0  nrf_drv_twi.o ABSOLUTE
    ..\\..\\..\\..\\..\\..\\components\\drivers_nrf\\uart\\nrf_drv_uart.c 0x00000000   Number         0  nrf_drv_uart.o ABSOLUTE
    ..\\..\\..\\..\\..\\..\\components\\libraries\\block_dev\\sdc\\nrf_block_dev_sdc.c 0x00000000   Number         0  nrf_block_dev_sdc.o ABSOLUTE
    ..\\..\\..\\..\\..\\..\\components\\libraries\\fifo\\app_fifo.c 0x00000000   Number         0  app_fifo.o ABSOLUTE
    ..\\..\\..\\..\\..\\..\\components\\libraries\\log\\src\\nrf_log_backend_serial.c 0x00000000   Number         0  nrf_log_backend_serial.o ABSOLUTE
    ..\\..\\..\\..\\..\\..\\components\\libraries\\log\\src\\nrf_log_frontend.c 0x00000000   Number         0  nrf_log_frontend.o ABSOLUTE
    ..\\..\\..\\..\\..\\..\\components\\libraries\\sdcard\\app_sdcard.c 0x00000000   Number         0  app_sdcard.o ABSOLUTE
    ..\\..\\..\\..\\..\\..\\components\\libraries\\uart\\app_uart_fifo.c 0x00000000   Number         0  app_uart_fifo.o ABSOLUTE
    ..\\..\\..\\..\\..\\..\\components\\libraries\\util\\app_error.c 0x00000000   Number         0  app_error.o ABSOLUTE
    ..\\..\\..\\..\\..\\..\\components\\libraries\\util\\app_error_weak.c 0x00000000   Number         0  app_error_weak.o ABSOLUTE
    ..\\..\\..\\..\\..\\..\\components\\libraries\\util\\app_util_platform.c 0x00000000   Number         0  app_util_platform.o ABSOLUTE
    ..\\..\\..\\..\\..\\..\\components\\libraries\\util\\nrf_assert.c 0x00000000   Number         0  nrf_assert.o ABSOLUTE
    ..\\..\\..\\..\\..\\..\\external\\fatfs\\port\\diskio_blkdev.c 0x00000000   Number         0  diskio_blkdev.o ABSOLUTE
    ..\\..\\..\\..\\..\\..\\external\\segger_rtt\\SEGGER_RTT.c 0x00000000   Number         0  segger_rtt.o ABSOLUTE
    ..\\..\\..\\main.c                       0x00000000   Number         0  main.o ABSOLUTE
    RTE\Device\nRF52832_xxAA\arm_startup_nrf52.s 0x00000000   Number         0  arm_startup_nrf52.o ABSOLUTE
    RTE\Device\nRF52832_xxAA\system_nrf52.c  0x00000000   Number         0  system_nrf52.o ABSOLUTE
    RTE\\Device\\nRF52832_xxAA\\system_nrf52.c 0x00000000   Number         0  system_nrf52.o ABSOLUTE
    cdrcmple.s                               0x00000000   Number         0  cdrcmple.o ABSOLUTE
    dc.s                                     0x00000000   Number         0  dc.o ABSOLUTE
    handlers.s                               0x00000000   Number         0  handlers.o ABSOLUTE
    init.s                                   0x00000000   Number         0  init.o ABSOLUTE
    .ARM.Collect$$$$00000000                 0x00000400   Section        0  entry.o(.ARM.Collect$$$$00000000)
    .ARM.Collect$$$$00000001                 0x00000400   Section        4  entry2.o(.ARM.Collect$$$$00000001)
    .ARM.Collect$$$$00000004                 0x00000404   Section        4  entry5.o(.ARM.Collect$$$$00000004)
    .ARM.Collect$$$$00000008                 0x00000408   Section        0  entry7b.o(.ARM.Collect$$$$00000008)
    .ARM.Collect$$$$0000000A                 0x00000408   Section        0  entry8b.o(.ARM.Collect$$$$0000000A)
    .ARM.Collect$$$$0000000B                 0x00000408   Section        8  entry9a.o(.ARM.Collect$$$$0000000B)
    .ARM.Collect$$$$0000000D                 0x00000410   Section        0  entry10a.o(.ARM.Collect$$$$0000000D)
    .ARM.Collect$$$$0000000F                 0x00000410   Section        0  entry11a.o(.ARM.Collect$$$$0000000F)
    .ARM.Collect$$$$00002712                 0x00000410   Section        4  entry2.o(.ARM.Collect$$$$00002712)
    __lit__00000000                          0x00000410   Data           4  entry2.o(.ARM.Collect$$$$00002712)
    .text                                    0x00000414   Section       36  arm_startup_nrf52.o(.text)
    $v0                                      0x00000414   Number         0  arm_startup_nrf52.o(.text)
    .text                                    0x00000438   Section        0  ctype_o.o(.text)
    .text                                    0x00000440   Section        0  memcpya.o(.text)
    .text                                    0x00000464   Section        0  strlen.o(.text)
    .text                                    0x00000472   Section        0  strtol.o(.text)
    .text                                    0x000004e2   Section        0  dadd.o(.text)
    .text                                    0x00000630   Section        0  dmul.o(.text)
    .text                                    0x00000714   Section        0  ddiv.o(.text)
    .text                                    0x000007f2   Section        0  dfltui.o(.text)
    .text                                    0x0000080c   Section        0  dfixui.o(.text)
    .text                                    0x0000083e   Section        0  f2d.o(.text)
    .text                                    0x00000864   Section        0  d2f.o(.text)
    .text                                    0x0000089c   Section        0  uldiv.o(.text)
    .text                                    0x000008fe   Section        0  llshl.o(.text)
    .text                                    0x0000091c   Section        0  llushr.o(.text)
    .text                                    0x0000093c   Section        0  llsshr.o(.text)
    .text                                    0x00000960   Section        0  _strtoul.o(.text)
    .text                                    0x000009fe   Section        0  fepilogue.o(.text)
    .text                                    0x000009fe   Section        0  iusefp.o(.text)
    .text                                    0x00000a6c   Section        0  depilogue.o(.text)
    .text                                    0x00000b28   Section       36  init.o(.text)
    .text                                    0x00000b4c   Section        0  _chval.o(.text)
    i.SAADC_IRQHandler                       0x00000b68   Section        0  nrf_drv_saadc.o(i.SAADC_IRQHandler)
    i.SPIM0_SPIS0_TWIM0_TWIS0_SPI0_TWI0_IRQHandler 0x00000cc0   Section        0  nrf_drv_twi.o(i.SPIM0_SPIS0_TWIM0_TWIS0_SPI0_TWI0_IRQHandler)
    i.SPIM1_SPIS1_TWIM1_TWIS1_SPI1_TWI1_IRQHandler 0x00000cd0   Section        0  nrf_drv_spi.o(i.SPIM1_SPIS1_TWIM1_TWIS1_SPI1_TWI1_IRQHandler)
    i.SystemInit                             0x00000d14   Section        0  system_nrf52.o(i.SystemInit)
    i.TIMER0_IRQHandler                      0x00000fb0   Section        0  nrf_drv_timer.o(i.TIMER0_IRQHandler)
    i.UARTE0_UART0_IRQHandler                0x00000ffc   Section        0  nrf_drv_uart.o(i.UARTE0_UART0_IRQHandler)
    i.__0snprintf$8                          0x00001018   Section        0  printf8.o(i.__0snprintf$8)
    i.__0sprintf$8                           0x00001048   Section        0  printf8.o(i.__0sprintf$8)
    i.__aeabi_errno_addr                     0x00001070   Section        0  errno.o(i.__aeabi_errno_addr)
    i.__scatterload_copy                     0x00001078   Section       14  handlers.o(i.__scatterload_copy)
    i.__scatterload_null                     0x00001086   Section        2  handlers.o(i.__scatterload_null)
    i.__scatterload_zeroinit                 0x00001088   Section       14  handlers.o(i.__scatterload_zeroinit)
    i._printf_core                           0x00001098   Section        0  printf8.o(i._printf_core)
    _printf_core                             0x00001099   Thumb Code   996  printf8.o(i._printf_core)
    i._printf_post_padding                   0x000014a8   Section        0  printf8.o(i._printf_post_padding)
    _printf_post_padding                     0x000014a9   Thumb Code    36  printf8.o(i._printf_post_padding)
    i._printf_pre_padding                    0x000014cc   Section        0  printf8.o(i._printf_pre_padding)
    _printf_pre_padding                      0x000014cd   Thumb Code    46  printf8.o(i._printf_pre_padding)
    i._snputc                                0x000014fa   Section        0  printf8.o(i._snputc)
    _snputc                                  0x000014fb   Thumb Code    22  printf8.o(i._snputc)
    i._sputc                                 0x00001510   Section        0  printf8.o(i._sputc)
    _sputc                                   0x00001511   Thumb Code    10  printf8.o(i._sputc)
    i.app_error_fault_handler                0x0000151c   Section        0  app_error_weak.o(i.app_error_fault_handler)
    i.app_error_handler_bare                 0x0000156c   Section        0  app_error.o(i.app_error_handler_bare)
    i.app_util_critical_region_enter         0x00001582   Section        0  app_util_platform.o(i.app_util_critical_region_enter)
    i.app_util_critical_region_exit          0x00001586   Section        0  app_util_platform.o(i.app_util_critical_region_exit)
    i.app_util_disable_irq                   0x0000158c   Section        0  app_util_platform.o(i.app_util_disable_irq)
    i.app_util_enable_irq                    0x0000159c   Section        0  app_util_platform.o(i.app_util_enable_irq)
    i.apply_config                           0x000015b0   Section        0  nrf_drv_uart.o(i.apply_config)
    apply_config                             0x000015b1   Thumb Code   180  nrf_drv_uart.o(i.apply_config)
    i.blinkRate                              0x00001668   Section        0  main.o(i.blinkRate)
    i.bsp_board_led_off                      0x00001698   Section        0  boards.o(i.bsp_board_led_off)
    i.bsp_board_leds_init                    0x000016a8   Section        0  boards.o(i.bsp_board_leds_init)
    i.bsp_board_leds_off                     0x000016d4   Section        0  boards.o(i.bsp_board_leds_off)
    i.buf_len_update                         0x000016e6   Section        0  nrf_log_backend_serial.o(i.buf_len_update)
    buf_len_update                           0x000016e7   Thumb Code    18  nrf_log_backend_serial.o(i.buf_len_update)
    i.buf_prealloc                           0x000016f8   Section        0  nrf_log_frontend.o(i.buf_prealloc)
    buf_prealloc                             0x000016f9   Thumb Code    84  nrf_log_frontend.o(i.buf_prealloc)
    i.buffer_is_empty                        0x00001758   Section        0  nrf_log_frontend.o(i.buffer_is_empty)
    i.clearHT16K33                           0x0000176c   Section        0  main.o(i.clearHT16K33)
    i.gpio_init                              0x00001788   Section        0  main.o(i.gpio_init)
    gpio_init                                0x00001789   Thumb Code    16  main.o(i.gpio_init)
    i.initAllScreens                         0x00001798   Section        0  main.o(i.initAllScreens)
    i.initHT16K33                            0x000017e8   Section        0  main.o(i.initHT16K33)
    i.initTimer                              0x00001838   Section        0  main.o(i.initTimer)
    i.interrupts_enable                      0x00001890   Section        0  nrf_drv_uart.o(i.interrupts_enable)
    interrupts_enable                        0x00001891   Thumb Code   106  nrf_drv_uart.o(i.interrupts_enable)
    i.irq_handler_twim                       0x00001908   Section        0  nrf_drv_twi.o(i.irq_handler_twim)
    irq_handler_twim                         0x00001909   Thumb Code   334  nrf_drv_twi.o(i.irq_handler_twim)
    i.main                                   0x00001a58   Section        0  main.o(i.main)
    i.nrf_delay_ms                           0x00001fcc   Section        0  main.o(i.nrf_delay_ms)
    nrf_delay_ms                             0x00001fcd   Thumb Code    10  main.o(i.nrf_delay_ms)
    i.nrf_delay_us                           0x00001fd8   Section        0  main.o(i.nrf_delay_us)
    nrf_delay_us                             0x00001fd9   Thumb Code   132  main.o(i.nrf_delay_us)
    i.nrf_delay_us                           0x00002064   Section        0  nrf_drv_twi.o(i.nrf_delay_us)
    nrf_delay_us                             0x00002065   Thumb Code   132  nrf_drv_twi.o(i.nrf_delay_us)
    i.nrf_drv_common_irq_disable             0x000020f0   Section        0  nrf_drv_uart.o(i.nrf_drv_common_irq_disable)
    nrf_drv_common_irq_disable               0x000020f1   Thumb Code    22  nrf_drv_uart.o(i.nrf_drv_common_irq_disable)
    i.nrf_drv_common_irq_enable              0x00002106   Section        0  nrf_drv_common.o(i.nrf_drv_common_irq_enable)
    i.nrf_drv_get_IRQn                       0x0000213e   Section        0  nrf_drv_uart.o(i.nrf_drv_get_IRQn)
    nrf_drv_get_IRQn                         0x0000213f   Thumb Code     6  nrf_drv_uart.o(i.nrf_drv_get_IRQn)
    i.nrf_drv_is_in_RAM                      0x00002144   Section        0  nrf_drv_twi.o(i.nrf_drv_is_in_RAM)
    nrf_drv_is_in_RAM                        0x00002145   Thumb Code    16  nrf_drv_twi.o(i.nrf_drv_is_in_RAM)
    i.nrf_drv_is_in_RAM                      0x00002154   Section        0  nrf_drv_uart.o(i.nrf_drv_is_in_RAM)
    nrf_drv_is_in_RAM                        0x00002155   Thumb Code    16  nrf_drv_uart.o(i.nrf_drv_is_in_RAM)
    i.nrf_drv_timer_compare                  0x00002164   Section        0  nrf_drv_timer.o(i.nrf_drv_timer_compare)
    i.nrf_drv_timer_enable                   0x00002188   Section        0  nrf_drv_timer.o(i.nrf_drv_timer_enable)
    i.nrf_drv_timer_extended_compare         0x000021a4   Section        0  nrf_drv_timer.o(i.nrf_drv_timer_extended_compare)
    i.nrf_drv_timer_init                     0x000021d0   Section        0  nrf_drv_timer.o(i.nrf_drv_timer_init)
    i.nrf_drv_timer_ms_to_ticks              0x00002260   Section        0  main.o(i.nrf_drv_timer_ms_to_ticks)
    nrf_drv_timer_ms_to_ticks                0x00002261   Thumb Code    16  main.o(i.nrf_drv_timer_ms_to_ticks)
    i.nrf_drv_twi_enable                     0x00002270   Section        0  nrf_drv_twi.o(i.nrf_drv_twi_enable)
    i.nrf_drv_twi_init                       0x00002290   Section        0  nrf_drv_twi.o(i.nrf_drv_twi_init)
    i.nrf_drv_twi_tx                         0x0000231c   Section        0  nrf_drv_twi.o(i.nrf_drv_twi_tx)
    i.nrf_drv_twi_xfer                       0x00002340   Section        0  nrf_drv_twi.o(i.nrf_drv_twi_xfer)
    i.nrf_drv_uart_init                      0x00002364   Section        0  nrf_drv_uart.o(i.nrf_drv_uart_init)
    i.nrf_drv_uart_tx                        0x000023cc   Section        0  nrf_drv_uart.o(i.nrf_drv_uart_tx)
    i.nrf_drv_uart_tx_in_progress            0x000024d8   Section        0  nrf_drv_uart.o(i.nrf_drv_uart_tx_in_progress)
    i.nrf_drv_uart_uninit                    0x000024f0   Section        0  nrf_drv_uart.o(i.nrf_drv_uart_uninit)
    i.nrf_gpio_cfg                           0x00002544   Section        0  boards.o(i.nrf_gpio_cfg)
    nrf_gpio_cfg                             0x00002545   Thumb Code    36  boards.o(i.nrf_gpio_cfg)
    i.nrf_gpio_cfg                           0x00002568   Section        0  nrf_drv_uart.o(i.nrf_gpio_cfg)
    nrf_gpio_cfg                             0x00002569   Thumb Code    36  nrf_drv_uart.o(i.nrf_gpio_cfg)
    i.nrf_gpio_cfg_default                   0x0000258c   Section        0  nrf_drv_uart.o(i.nrf_gpio_cfg_default)
    nrf_gpio_cfg_default                     0x0000258d   Thumb Code    18  nrf_drv_uart.o(i.nrf_gpio_cfg_default)
    i.nrf_gpio_cfg_input                     0x0000259e   Section        0  nrf_drv_uart.o(i.nrf_gpio_cfg_input)
    nrf_gpio_cfg_input                       0x0000259f   Thumb Code    18  nrf_drv_uart.o(i.nrf_gpio_cfg_input)
    i.nrf_gpio_cfg_output                    0x000025b0   Section        0  nrf_drv_uart.o(i.nrf_gpio_cfg_output)
    nrf_gpio_cfg_output                      0x000025b1   Thumb Code    20  nrf_drv_uart.o(i.nrf_gpio_cfg_output)
    i.nrf_gpio_pin_read                      0x000025c4   Section        0  main.o(i.nrf_gpio_pin_read)
    nrf_gpio_pin_read                        0x000025c5   Thumb Code    16  main.o(i.nrf_gpio_pin_read)
    i.nrf_gpio_pin_set                       0x000025d4   Section        0  nrf_drv_twi.o(i.nrf_gpio_pin_set)
    nrf_gpio_pin_set                         0x000025d5   Thumb Code    14  nrf_drv_twi.o(i.nrf_gpio_pin_set)
    i.nrf_gpio_pin_set                       0x000025e2   Section        0  nrf_drv_spi.o(i.nrf_gpio_pin_set)
    nrf_gpio_pin_set                         0x000025e3   Thumb Code    14  nrf_drv_spi.o(i.nrf_gpio_pin_set)
    i.nrf_gpio_pin_write                     0x000025f0   Section        0  boards.o(i.nrf_gpio_pin_write)
    nrf_gpio_pin_write                       0x000025f1   Thumb Code    22  boards.o(i.nrf_gpio_pin_write)
    i.nrf_log_backend_hexdump_handler_get    0x00002608   Section        0  nrf_log_backend_serial.o(i.nrf_log_backend_hexdump_handler_get)
    i.nrf_log_backend_init                   0x00002610   Section        0  nrf_log_backend_serial.o(i.nrf_log_backend_init)
    i.nrf_log_backend_serial_hexdump_handler 0x00002680   Section        0  nrf_log_backend_serial.o(i.nrf_log_backend_serial_hexdump_handler)
    nrf_log_backend_serial_hexdump_handler   0x00002681   Thumb Code   302  nrf_log_backend_serial.o(i.nrf_log_backend_serial_hexdump_handler)
    i.nrf_log_backend_serial_std_handler     0x000027ae   Section        0  nrf_log_backend_serial.o(i.nrf_log_backend_serial_std_handler)
    nrf_log_backend_serial_std_handler       0x000027af   Thumb Code   276  nrf_log_backend_serial.o(i.nrf_log_backend_serial_std_handler)
    i.nrf_log_backend_std_handler_get        0x000028c4   Section        0  nrf_log_backend_serial.o(i.nrf_log_backend_std_handler_get)
    i.nrf_log_blocking_backend_set           0x000028cc   Section        0  nrf_log_frontend.o(i.nrf_log_blocking_backend_set)
    i.nrf_log_frontend_dequeue               0x000028d4   Section        0  nrf_log_frontend.o(i.nrf_log_frontend_dequeue)
    i.nrf_log_frontend_init                  0x00002a04   Section        0  nrf_log_frontend.o(i.nrf_log_frontend_init)
    i.nrf_log_frontend_std_0                 0x00002a18   Section        0  nrf_log_frontend.o(i.nrf_log_frontend_std_0)
    i.nrf_log_frontend_std_1                 0x00002a64   Section        0  nrf_log_frontend.o(i.nrf_log_frontend_std_1)
    i.nrf_log_frontend_std_2                 0x00002abc   Section        0  nrf_log_frontend.o(i.nrf_log_frontend_std_2)
    i.nrf_log_handlers_set                   0x00002b24   Section        0  nrf_log_frontend.o(i.nrf_log_handlers_set)
    i.nrf_log_init                           0x00002b34   Section        0  nrf_log_frontend.o(i.nrf_log_init)
    i.nrf_saadc_buffer_init                  0x00002b58   Section        0  nrf_drv_saadc.o(i.nrf_saadc_buffer_init)
    nrf_saadc_buffer_init                    0x00002b59   Thumb Code    10  nrf_drv_saadc.o(i.nrf_saadc_buffer_init)
    i.nrf_saadc_event_check                  0x00002b68   Section        0  nrf_drv_saadc.o(i.nrf_saadc_event_check)
    nrf_saadc_event_check                    0x00002b69   Thumb Code    12  nrf_drv_saadc.o(i.nrf_saadc_event_check)
    i.nrf_saadc_event_clear                  0x00002b78   Section        0  nrf_drv_saadc.o(i.nrf_saadc_event_clear)
    nrf_saadc_event_clear                    0x00002b79   Thumb Code    16  nrf_drv_saadc.o(i.nrf_saadc_event_clear)
    i.nrf_spim_event_check                   0x00002b8c   Section        0  nrf_drv_spi.o(i.nrf_spim_event_check)
    nrf_spim_event_check                     0x00002b8d   Thumb Code    10  nrf_drv_spi.o(i.nrf_spim_event_check)
    i.nrf_twim_event_check                   0x00002b96   Section        0  nrf_drv_twi.o(i.nrf_twim_event_check)
    nrf_twim_event_check                     0x00002b97   Thumb Code    10  nrf_drv_twi.o(i.nrf_twim_event_check)
    i.nrf_twim_event_clear                   0x00002ba0   Section        0  nrf_drv_twi.o(i.nrf_twim_event_clear)
    nrf_twim_event_clear                     0x00002ba1   Thumb Code    12  nrf_drv_twi.o(i.nrf_twim_event_clear)
    i.nrf_uart_event_check                   0x00002bac   Section        0  nrf_drv_uart.o(i.nrf_uart_event_check)
    nrf_uart_event_check                     0x00002bad   Thumb Code    10  nrf_drv_uart.o(i.nrf_uart_event_check)
    i.nrf_uart_event_clear                   0x00002bb6   Section        0  nrf_drv_uart.o(i.nrf_uart_event_clear)
    nrf_uart_event_clear                     0x00002bb7   Thumb Code    12  nrf_drv_uart.o(i.nrf_uart_event_clear)
    i.nrf_uart_int_enable_check              0x00002bc2   Section        0  nrf_drv_uart.o(i.nrf_uart_int_enable_check)
    nrf_uart_int_enable_check                0x00002bc3   Thumb Code    12  nrf_drv_uart.o(i.nrf_uart_int_enable_check)
    i.nrf_uarte_event_check                  0x00002bce   Section        0  nrf_drv_uart.o(i.nrf_uarte_event_check)
    nrf_uarte_event_check                    0x00002bcf   Thumb Code    10  nrf_drv_uart.o(i.nrf_uarte_event_check)
    i.nrf_uarte_event_clear                  0x00002bd8   Section        0  nrf_drv_uart.o(i.nrf_uarte_event_clear)
    nrf_uarte_event_clear                    0x00002bd9   Thumb Code    12  nrf_drv_uart.o(i.nrf_uarte_event_clear)
    i.pins_to_default                        0x00002be4   Section        0  nrf_drv_uart.o(i.pins_to_default)
    pins_to_default                          0x00002be5   Thumb Code   114  nrf_drv_uart.o(i.pins_to_default)
    i.printChrono                            0x00002c5c   Section        0  main.o(i.printChrono)
    i.printLaps                              0x00002e34   Section        0  main.o(i.printLaps)
    i.rx_byte                                0x00002eb0   Section        0  nrf_drv_uart.o(i.rx_byte)
    rx_byte                                  0x00002eb1   Thumb Code    50  nrf_drv_uart.o(i.rx_byte)
    i.rx_done_event                          0x00002ee2   Section        0  nrf_drv_uart.o(i.rx_done_event)
    rx_done_event                            0x00002ee3   Thumb Code    24  nrf_drv_uart.o(i.rx_done_event)
    i.serial_is_busy                         0x00002efc   Section        0  nrf_log_backend_serial.o(i.serial_is_busy)
    serial_is_busy                           0x00002efd   Thumb Code     6  nrf_log_backend_serial.o(i.serial_is_busy)
    i.serial_tx                              0x00002f08   Section        0  nrf_log_backend_serial.o(i.serial_tx)
    serial_tx                                0x00002f09   Thumb Code    34  nrf_log_backend_serial.o(i.serial_tx)
    i.setBrightness                          0x00002f34   Section        0  main.o(i.setBrightness)
    i.timer_event_handler                    0x00002f64   Section        0  main.o(i.timer_event_handler)
    i.timestamp_process                      0x00002fbc   Section        0  nrf_log_backend_serial.o(i.timestamp_process)
    timestamp_process                        0x00002fbd   Thumb Code    44  nrf_log_backend_serial.o(i.timestamp_process)
    i.twi_clear_bus                          0x00002ff0   Section        0  nrf_drv_twi.o(i.twi_clear_bus)
    twi_clear_bus                            0x00002ff1   Thumb Code   170  nrf_drv_twi.o(i.twi_clear_bus)
    i.twi_handler                            0x0000309c   Section        0  main.o(i.twi_handler)
    i.twi_init                               0x000030ec   Section        0  main.o(i.twi_init)
    i.twim_xfer                              0x0000311c   Section        0  nrf_drv_twi.o(i.twim_xfer)
    twim_xfer                                0x0000311d   Thumb Code   570  nrf_drv_twi.o(i.twim_xfer)
    i.tx_byte                                0x0000335c   Section        0  nrf_drv_uart.o(i.tx_byte)
    tx_byte                                  0x0000335d   Thumb Code    32  nrf_drv_uart.o(i.tx_byte)
    i.tx_done_event                          0x0000337c   Section        0  nrf_drv_uart.o(i.tx_done_event)
    tx_done_event                            0x0000337d   Thumb Code    28  nrf_drv_uart.o(i.tx_done_event)
    i.uart_event_handler                     0x00003398   Section        0  nrf_log_backend_serial.o(i.uart_event_handler)
    uart_event_handler                       0x00003399   Thumb Code    12  nrf_log_backend_serial.o(i.uart_event_handler)
    i.uart_irq_handler                       0x000033a8   Section        0  nrf_drv_uart.o(i.uart_irq_handler)
    uart_irq_handler                         0x000033a9   Thumb Code   286  nrf_drv_uart.o(i.uart_irq_handler)
    i.uarte_irq_handler                      0x000034c6   Section        0  nrf_drv_uart.o(i.uarte_irq_handler)
    uarte_irq_handler                        0x000034c7   Thumb Code   240  nrf_drv_uart.o(i.uarte_irq_handler)
    i.writeDigitNumHT16K33                   0x000035b8   Section        0  main.o(i.writeDigitNumHT16K33)
    i.writeDigitRawHT16K33                   0x000035d0   Section        0  main.o(i.writeDigitRawHT16K33)
    i.writeDisplayHT16K33                    0x000035e0   Section        0  main.o(i.writeDisplayHT16K33)
    i.writeNull                              0x00003650   Section        0  main.o(i.writeNull)
    i.writeNullChrono                        0x0000365a   Section        0  main.o(i.writeNullChrono)
    .constdata                               0x00003694   Section       81  main.o(.constdata)
    m_twi                                    0x00003694   Data           8  main.o(.constdata)
    m_timer                                  0x0000369c   Data           8  main.o(.constdata)
    numbertable                              0x000036bc   Data          16  main.o(.constdata)
    .constdata                               0x000036e5   Section        8  boards.o(.constdata)
    m_board_led_list                         0x000036e5   Data           4  boards.o(.constdata)
    m_board_btn_list                         0x000036e9   Data           4  boards.o(.constdata)
    .constdata                               0x000036f0   Section       32  nrf_log_backend_serial.o(.constdata)
    .constdata                               0x00003710   Section       36  nrf_log_frontend.o(.constdata)
    .constdata                               0x00003734   Section      129  ctype_o.o(.constdata)
    .constdata                               0x000037b8   Section        4  ctype_o.o(.constdata)
    table                                    0x000037b8   Data           4  ctype_o.o(.constdata)
    .conststring                             0x000037bc   Section       11  nrf_log_frontend.o(.conststring)
    .data                                    0x20000000   Section       80  main.o(.data)
    m_xfer_done                              0x20000000   Data           1  main.o(.data)
    m_sample                                 0x2000000a   Data           1  main.o(.data)
    m_ppi_channel                            0x2000000d   Data           1  main.o(.data)
    i                                        0x20000034   Data           4  main.o(.data)
    m_buffer_pool                            0x2000003c   Data           4  main.o(.data)
    m_adc_evt_counter                        0x20000040   Data           4  main.o(.data)
    .data                                    0x20000050   Section        4  app_util_platform.o(.data)
    m_in_critical_region                     0x20000050   Data           4  app_util_platform.o(.data)
    .data                                    0x20000054   Section       12  nrf_log_backend_serial.o(.data)
    m_initialized                            0x20000054   Data           1  nrf_log_backend_serial.o(.data)
    m_blocking_mode                          0x20000055   Data           1  nrf_log_backend_serial.o(.data)
    m_rx_done                                0x20000056   Data           1  nrf_log_backend_serial.o(.data)
    m_uart                                   0x20000058   Data           8  nrf_log_backend_serial.o(.data)
    .data                                    0x20000060   Section        4  nrf_log_frontend.o(.data)
    m_overflow_info                          0x20000060   Data           4  nrf_log_frontend.o(.data)
    .data                                    0x20000064   Section        4  system_nrf52.o(.data)
    __tagsym$$used                           0x20000064   Number         0  system_nrf52.o(.data)
    .data                                    0x20000068   Section        4  errno.o(.data)
    _errno                                   0x20000068   Data           4  errno.o(.data)
    .bss                                     0x2000006c   Section       16  main.o(.bss)
    .bss                                     0x2000007c   Section       40  nrf_drv_twi.o(.bss)
    m_cb                                     0x2000007c   Data          40  nrf_drv_twi.o(.bss)
    .bss                                     0x200000a4   Section       32  nrf_drv_uart.o(.bss)
    m_cb                                     0x200000a4   Data          32  nrf_drv_uart.o(.bss)
    .bss                                     0x200000c4   Section       32  nrf_drv_spi.o(.bss)
    m_cb                                     0x200000c4   Data          32  nrf_drv_spi.o(.bss)
    .bss                                     0x200000e4   Section       48  nrf_drv_saadc.o(.bss)
    m_cb                                     0x200000e4   Data          48  nrf_drv_saadc.o(.bss)
    .bss                                     0x20000114   Section       12  nrf_drv_timer.o(.bss)
    m_cb                                     0x20000114   Data          12  nrf_drv_timer.o(.bss)
    .bss                                     0x20000120   Section      256  nrf_log_backend_serial.o(.bss)
    m_uart_buffer                            0x20000120   Data         256  nrf_log_backend_serial.o(.bss)
    .bss                                     0x20000220   Section     1048  nrf_log_frontend.o(.bss)
    m_log_data                               0x20000220   Data        1048  nrf_log_frontend.o(.bss)
    STACK                                    0x20000638   Section     8192  arm_startup_nrf52.o(STACK)

    Global Symbols

    Symbol Name                              Value     Ov Type        Size  Object(Section)

    BuildAttributes$$THM_ISAv4$E$P$D$K$B$S$7EM$VFPi3$EXTD16$VFPS$VFMA$PE$A:L22UL41UL21$X:L11$S22US41US21$IEEE1$IW$USESV6$~STKCKD$USESV7$~SHL$OTIME$ROPI$EBA8$MICROLIB$REQ8$PRES8$EABIv2 0x00000000   Number         0  anon$$obj.o ABSOLUTE
    __ARM_use_no_argv                        0x00000000   Number         0  main.o ABSOLUTE
    __Vectors                                0x00000000   Data           4  arm_startup_nrf52.o(RESET)
    _printf_a                                0x00000000   Number         0  stubs.o ABSOLUTE
    _printf_c                                0x00000000   Number         0  stubs.o ABSOLUTE
    _printf_charcount                        0x00000000   Number         0  stubs.o ABSOLUTE
    _printf_d                                0x00000000   Number         0  stubs.o ABSOLUTE
    _printf_e                                0x00000000   Number         0  stubs.o ABSOLUTE
    _printf_f                                0x00000000   Number         0  stubs.o ABSOLUTE
    _printf_flags                            0x00000000   Number         0  stubs.o ABSOLUTE
    _printf_fp_dec                           0x00000000   Number         0  stubs.o ABSOLUTE
    _printf_fp_hex                           0x00000000   Number         0  stubs.o ABSOLUTE
    _printf_g                                0x00000000   Number         0  stubs.o ABSOLUTE
    _printf_i                                0x00000000   Number         0  stubs.o ABSOLUTE
    _printf_int_dec                          0x00000000   Number         0  stubs.o ABSOLUTE
    _printf_l                                0x00000000   Number         0  stubs.o ABSOLUTE
    _printf_lc                               0x00000000   Number         0  stubs.o ABSOLUTE
    _printf_ll                               0x00000000   Number         0  stubs.o ABSOLUTE
    _printf_lld                              0x00000000   Number         0  stubs.o ABSOLUTE
    _printf_lli                              0x00000000   Number         0  stubs.o ABSOLUTE
    _printf_llo                              0x00000000   Number         0  stubs.o ABSOLUTE
    _printf_llu                              0x00000000   Number         0  stubs.o ABSOLUTE
    _printf_llx                              0x00000000   Number         0  stubs.o ABSOLUTE
    _printf_longlong_dec                     0x00000000   Number         0  stubs.o ABSOLUTE
    _printf_longlong_hex                     0x00000000   Number         0  stubs.o ABSOLUTE
    _printf_longlong_oct                     0x00000000   Number         0  stubs.o ABSOLUTE
    _printf_ls                               0x00000000   Number         0  stubs.o ABSOLUTE
    _printf_mbtowc                           0x00000000   Number         0  stubs.o ABSOLUTE
    _printf_n                                0x00000000   Number         0  stubs.o ABSOLUTE
    _printf_o                                0x00000000   Number         0  stubs.o ABSOLUTE
    _printf_p                                0x00000000   Number         0  stubs.o ABSOLUTE
    _printf_percent                          0x00000000   Number         0  stubs.o ABSOLUTE
    _printf_pre_padding                      0x00000000   Number         0  stubs.o ABSOLUTE
    _printf_return_value                     0x00000000   Number         0  stubs.o ABSOLUTE
    _printf_s                                0x00000000   Number         0  stubs.o ABSOLUTE
    _printf_sizespec                         0x00000000   Number         0  stubs.o ABSOLUTE
    _printf_str                              0x00000000   Number         0  stubs.o ABSOLUTE
    _printf_truncate_signed                  0x00000000   Number         0  stubs.o ABSOLUTE
    _printf_truncate_unsigned                0x00000000   Number         0  stubs.o ABSOLUTE
    _printf_u                                0x00000000   Number         0  stubs.o ABSOLUTE
    _printf_wc                               0x00000000   Number         0  stubs.o ABSOLUTE
    _printf_wctomb                           0x00000000   Number         0  stubs.o ABSOLUTE
    _printf_widthprec                        0x00000000   Number         0  stubs.o ABSOLUTE
    _printf_x                                0x00000000   Number         0  stubs.o ABSOLUTE
    __cpp_initialize__aeabi_                  - Undefined Weak Reference
    __cxa_finalize                            - Undefined Weak Reference
    __decompress                              - Undefined Weak Reference
    _clock_init                               - Undefined Weak Reference
    _microlib_exit                            - Undefined Weak Reference
    __Vectors_End                            0x00000400   Data           0  arm_startup_nrf52.o(RESET)
    __Vectors_Size                           0x00000400   Number         0  arm_startup_nrf52.o ABSOLUTE
    __main                                   0x00000401   Thumb Code     0  entry.o(.ARM.Collect$$$$00000000)
    _main_stk                                0x00000401   Thumb Code     0  entry2.o(.ARM.Collect$$$$00000001)
    _main_scatterload                        0x00000405   Thumb Code     0  entry5.o(.ARM.Collect$$$$00000004)
    __main_after_scatterload                 0x00000409   Thumb Code     0  entry5.o(.ARM.Collect$$$$00000004)
    _main_clock                              0x00000409   Thumb Code     0  entry7b.o(.ARM.Collect$$$$00000008)
    _main_cpp_init                           0x00000409   Thumb Code     0  entry8b.o(.ARM.Collect$$$$0000000A)
    _main_init                               0x00000409   Thumb Code     0  entry9a.o(.ARM.Collect$$$$0000000B)
    __rt_final_cpp                           0x00000411   Thumb Code     0  entry10a.o(.ARM.Collect$$$$0000000D)
    __rt_final_exit                          0x00000411   Thumb Code     0  entry11a.o(.ARM.Collect$$$$0000000F)
    Reset_Handler                            0x00000415   Thumb Code     8  arm_startup_nrf52.o(.text)
    NMI_Handler                              0x0000041d   Thumb Code     2  arm_startup_nrf52.o(.text)
    HardFault_Handler                        0x0000041f   Thumb Code     2  arm_startup_nrf52.o(.text)
    MemoryManagement_Handler                 0x00000421   Thumb Code     2  arm_startup_nrf52.o(.text)
    BusFault_Handler                         0x00000423   Thumb Code     2  arm_startup_nrf52.o(.text)
    UsageFault_Handler                       0x00000425   Thumb Code     2  arm_startup_nrf52.o(.text)
    SVC_Handler                              0x00000427   Thumb Code     2  arm_startup_nrf52.o(.text)
    DebugMon_Handler                         0x00000429   Thumb Code     2  arm_startup_nrf52.o(.text)
    PendSV_Handler                           0x0000042b   Thumb Code     2  arm_startup_nrf52.o(.text)
    SysTick_Handler                          0x0000042d   Thumb Code     2  arm_startup_nrf52.o(.text)
    CCM_AAR_IRQHandler                       0x0000042f   Thumb Code     0  arm_startup_nrf52.o(.text)
    COMP_LPCOMP_IRQHandler                   0x0000042f   Thumb Code     0  arm_startup_nrf52.o(.text)
    ECB_IRQHandler                           0x0000042f   Thumb Code     0  arm_startup_nrf52.o(.text)
    FPU_IRQHandler                           0x0000042f   Thumb Code     0  arm_startup_nrf52.o(.text)
    GPIOTE_IRQHandler                        0x0000042f   Thumb Code     0  arm_startup_nrf52.o(.text)
    I2S_IRQHandler                           0x0000042f   Thumb Code     0  arm_startup_nrf52.o(.text)
    MWU_IRQHandler                           0x0000042f   Thumb Code     0  arm_startup_nrf52.o(.text)
    NFCT_IRQHandler                          0x0000042f   Thumb Code     0  arm_startup_nrf52.o(.text)
    PDM_IRQHandler                           0x0000042f   Thumb Code     0  arm_startup_nrf52.o(.text)
    POWER_CLOCK_IRQHandler                   0x0000042f   Thumb Code     0  arm_startup_nrf52.o(.text)
    PWM0_IRQHandler                          0x0000042f   Thumb Code     0  arm_startup_nrf52.o(.text)
    PWM1_IRQHandler                          0x0000042f   Thumb Code     0  arm_startup_nrf52.o(.text)
    PWM2_IRQHandler                          0x0000042f   Thumb Code     0  arm_startup_nrf52.o(.text)
    QDEC_IRQHandler                          0x0000042f   Thumb Code     0  arm_startup_nrf52.o(.text)
    RADIO_IRQHandler                         0x0000042f   Thumb Code     0  arm_startup_nrf52.o(.text)
    RNG_IRQHandler                           0x0000042f   Thumb Code     0  arm_startup_nrf52.o(.text)
    RTC0_IRQHandler                          0x0000042f   Thumb Code     0  arm_startup_nrf52.o(.text)
    RTC1_IRQHandler                          0x0000042f   Thumb Code     0  arm_startup_nrf52.o(.text)
    RTC2_IRQHandler                          0x0000042f   Thumb Code     0  arm_startup_nrf52.o(.text)
    SPIM2_SPIS2_SPI2_IRQHandler              0x0000042f   Thumb Code     0  arm_startup_nrf52.o(.text)
    SWI0_EGU0_IRQHandler                     0x0000042f   Thumb Code     0  arm_startup_nrf52.o(.text)
    SWI1_EGU1_IRQHandler                     0x0000042f   Thumb Code     0  arm_startup_nrf52.o(.text)
    SWI2_EGU2_IRQHandler                     0x0000042f   Thumb Code     0  arm_startup_nrf52.o(.text)
    SWI3_EGU3_IRQHandler                     0x0000042f   Thumb Code     0  arm_startup_nrf52.o(.text)
    SWI4_EGU4_IRQHandler                     0x0000042f   Thumb Code     0  arm_startup_nrf52.o(.text)
    SWI5_EGU5_IRQHandler                     0x0000042f   Thumb Code     0  arm_startup_nrf52.o(.text)
    TEMP_IRQHandler                          0x0000042f   Thumb Code     0  arm_startup_nrf52.o(.text)
    TIMER1_IRQHandler                        0x0000042f   Thumb Code     0  arm_startup_nrf52.o(.text)
    TIMER2_IRQHandler                        0x0000042f   Thumb Code     0  arm_startup_nrf52.o(.text)
    TIMER3_IRQHandler                        0x0000042f   Thumb Code     0  arm_startup_nrf52.o(.text)
    TIMER4_IRQHandler                        0x0000042f   Thumb Code     0  arm_startup_nrf52.o(.text)
    WDT_IRQHandler                           0x0000042f   Thumb Code     0  arm_startup_nrf52.o(.text)
    __rt_ctype_table                         0x00000439   Thumb Code     4  ctype_o.o(.text)
    __aeabi_memcpy                           0x00000441   Thumb Code    36  memcpya.o(.text)
    __aeabi_memcpy4                          0x00000441   Thumb Code     0  memcpya.o(.text)
    __aeabi_memcpy8                          0x00000441   Thumb Code     0  memcpya.o(.text)
    strlen                                   0x00000465   Thumb Code    14  strlen.o(.text)
    strtol                                   0x00000473   Thumb Code   112  strtol.o(.text)
    __aeabi_dadd                             0x000004e3   Thumb Code   322  dadd.o(.text)
    __aeabi_dsub                             0x00000625   Thumb Code     6  dadd.o(.text)
    __aeabi_drsub                            0x0000062b   Thumb Code     6  dadd.o(.text)
    __aeabi_dmul                             0x00000631   Thumb Code   228  dmul.o(.text)
    __aeabi_ddiv                             0x00000715   Thumb Code   222  ddiv.o(.text)
    __aeabi_ui2d                             0x000007f3   Thumb Code    26  dfltui.o(.text)
    __aeabi_d2uiz                            0x0000080d   Thumb Code    50  dfixui.o(.text)
    __aeabi_f2d                              0x0000083f   Thumb Code    38  f2d.o(.text)
    __aeabi_d2f                              0x00000865   Thumb Code    56  d2f.o(.text)
    __aeabi_uldivmod                         0x0000089d   Thumb Code    98  uldiv.o(.text)
    __aeabi_llsl                             0x000008ff   Thumb Code    30  llshl.o(.text)
    _ll_shift_l                              0x000008ff   Thumb Code     0  llshl.o(.text)
    __aeabi_llsr                             0x0000091d   Thumb Code    32  llushr.o(.text)
    _ll_ushift_r                             0x0000091d   Thumb Code     0  llushr.o(.text)
    __aeabi_lasr                             0x0000093d   Thumb Code    36  llsshr.o(.text)
    _ll_sshift_r                             0x0000093d   Thumb Code     0  llsshr.o(.text)
    _strtoul                                 0x00000961   Thumb Code   158  _strtoul.o(.text)
    __I$use$fp                               0x000009ff   Thumb Code     0  iusefp.o(.text)
    _float_round                             0x000009ff   Thumb Code    18  fepilogue.o(.text)
    _float_epilogue                          0x00000a11   Thumb Code    92  fepilogue.o(.text)
    _double_round                            0x00000a6d   Thumb Code    30  depilogue.o(.text)
    _double_epilogue                         0x00000a8b   Thumb Code   156  depilogue.o(.text)
    __scatterload                            0x00000b29   Thumb Code    28  init.o(.text)
    __scatterload_rt2                        0x00000b29   Thumb Code     0  init.o(.text)
    _chval                                   0x00000b4d   Thumb Code    28  _chval.o(.text)
    SAADC_IRQHandler                         0x00000b69   Thumb Code   336  nrf_drv_saadc.o(i.SAADC_IRQHandler)
    SPIM0_SPIS0_TWIM0_TWIS0_SPI0_TWI0_IRQHandler 0x00000cc1   Thumb Code     8  nrf_drv_twi.o(i.SPIM0_SPIS0_TWIM0_TWIS0_SPI0_TWI0_IRQHandler)
    SPIM1_SPIS1_TWIM1_TWIS1_SPI1_TWI1_IRQHandler 0x00000cd1   Thumb Code    64  nrf_drv_spi.o(i.SPIM1_SPIS1_TWIM1_TWIS1_SPI1_TWI1_IRQHandler)
    SystemInit                               0x00000d15   Thumb Code   610  system_nrf52.o(i.SystemInit)
    TIMER0_IRQHandler                        0x00000fb1   Thumb Code    68  nrf_drv_timer.o(i.TIMER0_IRQHandler)
    UARTE0_UART0_IRQHandler                  0x00000ffd   Thumb Code    20  nrf_drv_uart.o(i.UARTE0_UART0_IRQHandler)
    __0snprintf$8                            0x00001019   Thumb Code    44  printf8.o(i.__0snprintf$8)
    __1snprintf$8                            0x00001019   Thumb Code     0  printf8.o(i.__0snprintf$8)
    __2snprintf                              0x00001019   Thumb Code     0  printf8.o(i.__0snprintf$8)
    __0sprintf$8                             0x00001049   Thumb Code    34  printf8.o(i.__0sprintf$8)
    __1sprintf$8                             0x00001049   Thumb Code     0  printf8.o(i.__0sprintf$8)
    __2sprintf                               0x00001049   Thumb Code     0  printf8.o(i.__0sprintf$8)
    __aeabi_errno_addr                       0x00001071   Thumb Code     4  errno.o(i.__aeabi_errno_addr)
    __rt_errno_addr                          0x00001071   Thumb Code     0  errno.o(i.__aeabi_errno_addr)
    __scatterload_copy                       0x00001079   Thumb Code    14  handlers.o(i.__scatterload_copy)
    __scatterload_null                       0x00001087   Thumb Code     2  handlers.o(i.__scatterload_null)
    __scatterload_zeroinit                   0x00001089   Thumb Code    14  handlers.o(i.__scatterload_zeroinit)
    app_error_fault_handler                  0x0000151d   Thumb Code    46  app_error_weak.o(i.app_error_fault_handler)
    app_error_handler_bare                   0x0000156d   Thumb Code    22  app_error.o(i.app_error_handler_bare)
    app_util_critical_region_enter           0x00001583   Thumb Code     4  app_util_platform.o(i.app_util_critical_region_enter)
    app_util_critical_region_exit            0x00001587   Thumb Code     4  app_util_platform.o(i.app_util_critical_region_exit)
    app_util_disable_irq                     0x0000158d   Thumb Code    12  app_util_platform.o(i.app_util_disable_irq)
    app_util_enable_irq                      0x0000159d   Thumb Code    14  app_util_platform.o(i.app_util_enable_irq)
    blinkRate                                0x00001669   Thumb Code    40  main.o(i.blinkRate)
    bsp_board_led_off                        0x00001699   Thumb Code    10  boards.o(i.bsp_board_led_off)
    bsp_board_leds_init                      0x000016a9   Thumb Code    38  boards.o(i.bsp_board_leds_init)
    bsp_board_leds_off                       0x000016d5   Thumb Code    18  boards.o(i.bsp_board_leds_off)
    buffer_is_empty                          0x00001759   Thumb Code    16  nrf_log_frontend.o(i.buffer_is_empty)
    clearHT16K33                             0x0000176d   Thumb Code    22  main.o(i.clearHT16K33)
    initAllScreens                           0x00001799   Thumb Code    78  main.o(i.initAllScreens)
    initHT16K33                              0x000017e9   Thumb Code    66  main.o(i.initHT16K33)
    initTimer                                0x00001839   Thumb Code    76  main.o(i.initTimer)
    main                                     0x00001a59   Thumb Code   820  main.o(i.main)
    nrf_drv_common_irq_enable                0x00002107   Thumb Code    56  nrf_drv_common.o(i.nrf_drv_common_irq_enable)
    nrf_drv_timer_compare                    0x00002165   Thumb Code    34  nrf_drv_timer.o(i.nrf_drv_timer_compare)
    nrf_drv_timer_enable                     0x00002189   Thumb Code    24  nrf_drv_timer.o(i.nrf_drv_timer_enable)
    nrf_drv_timer_extended_compare           0x000021a5   Thumb Code    42  nrf_drv_timer.o(i.nrf_drv_timer_extended_compare)
    nrf_drv_timer_init                       0x000021d1   Thumb Code   138  nrf_drv_timer.o(i.nrf_drv_timer_init)
    nrf_drv_twi_enable                       0x00002271   Thumb Code    28  nrf_drv_twi.o(i.nrf_drv_twi_enable)
    nrf_drv_twi_init                         0x00002291   Thumb Code   134  nrf_drv_twi.o(i.nrf_drv_twi_init)
    nrf_drv_twi_tx                           0x0000231d   Thumb Code    36  nrf_drv_twi.o(i.nrf_drv_twi_tx)
    nrf_drv_twi_xfer                         0x00002341   Thumb Code    30  nrf_drv_twi.o(i.nrf_drv_twi_xfer)
    nrf_drv_uart_init                        0x00002365   Thumb Code    98  nrf_drv_uart.o(i.nrf_drv_uart_init)
    nrf_drv_uart_tx                          0x000023cd   Thumb Code   262  nrf_drv_uart.o(i.nrf_drv_uart_tx)
    nrf_drv_uart_tx_in_progress              0x000024d9   Thumb Code    18  nrf_drv_uart.o(i.nrf_drv_uart_tx_in_progress)
    nrf_drv_uart_uninit                      0x000024f1   Thumb Code    74  nrf_drv_uart.o(i.nrf_drv_uart_uninit)
    nrf_log_backend_hexdump_handler_get      0x00002609   Thumb Code     4  nrf_log_backend_serial.o(i.nrf_log_backend_hexdump_handler_get)
    nrf_log_backend_init                     0x00002611   Thumb Code   100  nrf_log_backend_serial.o(i.nrf_log_backend_init)
    nrf_log_backend_std_handler_get          0x000028c5   Thumb Code     4  nrf_log_backend_serial.o(i.nrf_log_backend_std_handler_get)
    nrf_log_blocking_backend_set             0x000028cd   Thumb Code     6  nrf_log_frontend.o(i.nrf_log_blocking_backend_set)
    nrf_log_frontend_dequeue                 0x000028d5   Thumb Code   298  nrf_log_frontend.o(i.nrf_log_frontend_dequeue)
    nrf_log_frontend_init                    0x00002a05   Thumb Code    16  nrf_log_frontend.o(i.nrf_log_frontend_init)
    nrf_log_frontend_std_0                   0x00002a19   Thumb Code    68  nrf_log_frontend.o(i.nrf_log_frontend_std_0)
    nrf_log_frontend_std_1                   0x00002a65   Thumb Code    80  nrf_log_frontend.o(i.nrf_log_frontend_std_1)
    nrf_log_frontend_std_2                   0x00002abd   Thumb Code    96  nrf_log_frontend.o(i.nrf_log_frontend_std_2)
    nrf_log_handlers_set                     0x00002b25   Thumb Code    10  nrf_log_frontend.o(i.nrf_log_handlers_set)
    nrf_log_init                             0x00002b35   Thumb Code    36  nrf_log_frontend.o(i.nrf_log_init)
    printChrono                              0x00002c5d   Thumb Code   468  main.o(i.printChrono)
    printLaps                                0x00002e35   Thumb Code   120  main.o(i.printLaps)
    setBrightness                            0x00002f35   Thumb Code    40  main.o(i.setBrightness)
    timer_event_handler                      0x00002f65   Thumb Code    84  main.o(i.timer_event_handler)
    twi_handler                              0x0000309d   Thumb Code    32  main.o(i.twi_handler)
    twi_init                                 0x000030ed   Thumb Code    40  main.o(i.twi_init)
    writeDigitNumHT16K33                     0x000035b9   Thumb Code    18  main.o(i.writeDigitNumHT16K33)
    writeDigitRawHT16K33                     0x000035d1   Thumb Code    12  main.o(i.writeDigitRawHT16K33)
    writeDisplayHT16K33                      0x000035e1   Thumb Code   100  main.o(i.writeDisplayHT16K33)
    writeNull                                0x00003651   Thumb Code    10  main.o(i.writeNull)
    writeNullChrono                          0x0000365b   Thumb Code    56  main.o(i.writeNullChrono)
    TIMER                                    0x000036a4   Data           8  main.o(.constdata)
    __ctype_table                            0x00003734   Data         129  ctype_o.o(.constdata)
    Region$$Table$$Base                      0x000037c8   Number         0  anon$$obj.o(Region$$Table)
    Region$$Table$$Limit                     0x000037e8   Number         0  anon$$obj.o(Region$$Table)
    pin_value_before                         0x20000001   Data           1  main.o(.data)
    pin_valueBef                             0x20000002   Data           1  main.o(.data)
    chronoSec                                0x20000003   Data           1  main.o(.data)
    chronoMin                                0x20000004   Data           1  main.o(.data)
    chronoLapSec                             0x20000005   Data           1  main.o(.data)
    chronoLapMin                             0x20000006   Data           1  main.o(.data)
    num_laps                                 0x20000007   Data           1  main.o(.data)
    isChronoBegin                            0x20000008   Data           1  main.o(.data)
    hole                                     0x20000009   Data           1  main.o(.data)
    pin_value_after                          0x2000000b   Data           1  main.o(.data)
    pin_value                                0x2000000c   Data           1  main.o(.data)
    speed                                    0x2000000e   Data           1  main.o(.data)
    chronoBefore                             0x20000010   Data           2  main.o(.data)
    chronoLapsSec                            0x20000012   Data           2  main.o(.data)
    chronoLapsMin                            0x20000014   Data           2  main.o(.data)
    chronoLapBefore                          0x20000016   Data           2  main.o(.data)
    chrono                                   0x20000018   Data           4  main.o(.data)
    chrono2                                  0x2000001c   Data           4  main.o(.data)
    time_ms                                  0x20000020   Data           4  main.o(.data)
    timeS                                    0x20000024   Data           4  main.o(.data)
    diff                                     0x20000028   Data           4  main.o(.data)
    timeTurn                                 0x2000002c   Data           4  main.o(.data)
    distance                                 0x20000030   Data           4  main.o(.data)
    rc                                       0x20000038   Data           4  main.o(.data)
    time_ticks                               0x20000044   Data           4  main.o(.data)
    buttonBeginPush                          0x20000048   Data           4  main.o(.data)
    buttonBeginPush2                         0x2000004c   Data           4  main.o(.data)
    SystemCoreClock                          0x20000064   Data           4  system_nrf52.o(.data)
    displaybuffer                            0x2000006c   Data          16  main.o(.bss)
    __initial_sp                             0x20002638   Data           0  arm_startup_nrf52.o(STACK)



==============================================================================

Memory Map of the image

  Image Entry point : 0x00000401

  Load Region LR_IROM1 (Base: 0x00000000, Size: 0x00003854, Max: 0x00080000, ABSOLUTE)

    Execution Region ER_IROM1 (Base: 0x00000000, Size: 0x000037e8, Max: 0x00080000, ABSOLUTE)

    Base Addr    Size         Type   Attr      Idx    E Section Name        Object

    0x00000000   0x00000400   Data   RO         2745    RESET               arm_startup_nrf52.o
    0x00000400   0x00000000   Code   RO         2786  * .ARM.Collect$$$$00000000  mc_w.l(entry.o)
    0x00000400   0x00000004   Code   RO         3102    .ARM.Collect$$$$00000001  mc_w.l(entry2.o)
    0x00000404   0x00000004   Code   RO         3105    .ARM.Collect$$$$00000004  mc_w.l(entry5.o)
    0x00000408   0x00000000   Code   RO         3107    .ARM.Collect$$$$00000008  mc_w.l(entry7b.o)
    0x00000408   0x00000000   Code   RO         3109    .ARM.Collect$$$$0000000A  mc_w.l(entry8b.o)
    0x00000408   0x00000008   Code   RO         3110    .ARM.Collect$$$$0000000B  mc_w.l(entry9a.o)
    0x00000410   0x00000000   Code   RO         3112    .ARM.Collect$$$$0000000D  mc_w.l(entry10a.o)
    0x00000410   0x00000000   Code   RO         3114    .ARM.Collect$$$$0000000F  mc_w.l(entry11a.o)
    0x00000410   0x00000004   Code   RO         3103    .ARM.Collect$$$$00002712  mc_w.l(entry2.o)
    0x00000414   0x00000024   Code   RO         2746    .text               arm_startup_nrf52.o
    0x00000438   0x00000008   Code   RO         2789    .text               mc_w.l(ctype_o.o)
    0x00000440   0x00000024   Code   RO         2817    .text               mc_w.l(memcpya.o)
    0x00000464   0x0000000e   Code   RO         2819    .text               mc_w.l(strlen.o)
    0x00000472   0x00000070   Code   RO         3086    .text               mc_w.l(strtol.o)
    0x000004e2   0x0000014e   Code   RO         3088    .text               mf_w.l(dadd.o)
    0x00000630   0x000000e4   Code   RO         3090    .text               mf_w.l(dmul.o)
    0x00000714   0x000000de   Code   RO         3092    .text               mf_w.l(ddiv.o)
    0x000007f2   0x0000001a   Code   RO         3094    .text               mf_w.l(dfltui.o)
    0x0000080c   0x00000032   Code   RO         3096    .text               mf_w.l(dfixui.o)
    0x0000083e   0x00000026   Code   RO         3098    .text               mf_w.l(f2d.o)
    0x00000864   0x00000038   Code   RO         3100    .text               mf_w.l(d2f.o)
    0x0000089c   0x00000062   Code   RO         3121    .text               mc_w.l(uldiv.o)
    0x000008fe   0x0000001e   Code   RO         3123    .text               mc_w.l(llshl.o)
    0x0000091c   0x00000020   Code   RO         3125    .text               mc_w.l(llushr.o)
    0x0000093c   0x00000024   Code   RO         3127    .text               mc_w.l(llsshr.o)
    0x00000960   0x0000009e   Code   RO         3136    .text               mc_w.l(_strtoul.o)
    0x000009fe   0x00000000   Code   RO         3138    .text               mc_w.l(iusefp.o)
    0x000009fe   0x0000006e   Code   RO         3139    .text               mf_w.l(fepilogue.o)
    0x00000a6c   0x000000ba   Code   RO         3141    .text               mf_w.l(depilogue.o)
    0x00000b26   0x00000002   PAD
    0x00000b28   0x00000024   Code   RO         3147    .text               mc_w.l(init.o)
    0x00000b4c   0x0000001c   Code   RO         3150    .text               mc_w.l(_chval.o)
    0x00000b68   0x00000158   Code   RO         1591    i.SAADC_IRQHandler  nrf_drv_saadc.o
    0x00000cc0   0x00000010   Code   RO          949    i.SPIM0_SPIS0_TWIM0_TWIS0_SPI0_TWI0_IRQHandler  nrf_drv_twi.o
    0x00000cd0   0x00000044   Code   RO         1334    i.SPIM1_SPIS1_TWIM1_TWIS1_SPI1_TWI1_IRQHandler  nrf_drv_spi.o
    0x00000d14   0x0000029c   Code   RO         2754    i.SystemInit        system_nrf52.o
    0x00000fb0   0x0000004c   Code   RO         1731    i.TIMER0_IRQHandler  nrf_drv_timer.o
    0x00000ffc   0x0000001c   Code   RO         1109    i.UARTE0_UART0_IRQHandler  nrf_drv_uart.o
    0x00001018   0x00000030   Code   RO         3033    i.__0snprintf$8     mc_w.l(printf8.o)
    0x00001048   0x00000028   Code   RO         3034    i.__0sprintf$8      mc_w.l(printf8.o)
    0x00001070   0x00000008   Code   RO         3129    i.__aeabi_errno_addr  mc_w.l(errno.o)
    0x00001078   0x0000000e   Code   RO         3155    i.__scatterload_copy  mc_w.l(handlers.o)
    0x00001086   0x00000002   Code   RO         3156    i.__scatterload_null  mc_w.l(handlers.o)
    0x00001088   0x0000000e   Code   RO         3157    i.__scatterload_zeroinit  mc_w.l(handlers.o)
    0x00001096   0x00000002   PAD
    0x00001098   0x00000410   Code   RO         3039    i._printf_core      mc_w.l(printf8.o)
    0x000014a8   0x00000024   Code   RO         3040    i._printf_post_padding  mc_w.l(printf8.o)
    0x000014cc   0x0000002e   Code   RO         3041    i._printf_pre_padding  mc_w.l(printf8.o)
    0x000014fa   0x00000016   Code   RO         3042    i._snputc           mc_w.l(printf8.o)
    0x00001510   0x0000000a   Code   RO         3043    i._sputc            mc_w.l(printf8.o)
    0x0000151a   0x00000002   PAD
    0x0000151c   0x00000050   Code   RO         1917    i.app_error_fault_handler  app_error_weak.o
    0x0000156c   0x00000016   Code   RO         1872    i.app_error_handler_bare  app_error.o
    0x00001582   0x00000004   Code   RO         1945    i.app_util_critical_region_enter  app_util_platform.o
    0x00001586   0x00000004   Code   RO         1946    i.app_util_critical_region_exit  app_util_platform.o
    0x0000158a   0x00000002   PAD
    0x0000158c   0x00000010   Code   RO         1947    i.app_util_disable_irq  app_util_platform.o
    0x0000159c   0x00000014   Code   RO         1948    i.app_util_enable_irq  app_util_platform.o
    0x000015b0   0x000000b8   Code   RO         1110    i.apply_config      nrf_drv_uart.o
    0x00001668   0x00000030   Code   RO            4    i.blinkRate         main.o
    0x00001698   0x00000010   Code   RO          438    i.bsp_board_led_off  boards.o
    0x000016a8   0x0000002c   Code   RO          441    i.bsp_board_leds_init  boards.o
    0x000016d4   0x00000012   Code   RO          442    i.bsp_board_leds_off  boards.o
    0x000016e6   0x00000012   Code   RO         2364    i.buf_len_update    nrf_log_backend_serial.o
    0x000016f8   0x00000060   Code   RO         2459    i.buf_prealloc      nrf_log_frontend.o
    0x00001758   0x00000014   Code   RO         2460    i.buffer_is_empty   nrf_log_frontend.o
    0x0000176c   0x0000001c   Code   RO            6    i.clearHT16K33      main.o
    0x00001788   0x00000010   Code   RO            8    i.gpio_init         main.o
    0x00001798   0x0000004e   Code   RO            9    i.initAllScreens    main.o
    0x000017e6   0x00000002   PAD
    0x000017e8   0x00000050   Code   RO           10    i.initHT16K33       main.o
    0x00001838   0x00000058   Code   RO           11    i.initTimer         main.o
    0x00001890   0x00000078   Code   RO         1111    i.interrupts_enable  nrf_drv_uart.o
    0x00001908   0x0000014e   Code   RO          950    i.irq_handler_twim  nrf_drv_twi.o
    0x00001a56   0x00000002   PAD
    0x00001a58   0x00000574   Code   RO           12    i.main              main.o
    0x00001fcc   0x0000000a   Code   RO           13    i.nrf_delay_ms      main.o
    0x00001fd6   0x00000002   PAD
    0x00001fd8   0x0000008c   Code   RO           14    i.nrf_delay_us      main.o
    0x00002064   0x0000008c   Code   RO          951    i.nrf_delay_us      nrf_drv_twi.o
    0x000020f0   0x00000016   Code   RO         1112    i.nrf_drv_common_irq_disable  nrf_drv_uart.o
    0x00002106   0x00000038   Code   RO          908    i.nrf_drv_common_irq_enable  nrf_drv_common.o
    0x0000213e   0x00000006   Code   RO         1113    i.nrf_drv_get_IRQn  nrf_drv_uart.o
    0x00002144   0x00000010   Code   RO          952    i.nrf_drv_is_in_RAM  nrf_drv_twi.o
    0x00002154   0x00000010   Code   RO         1114    i.nrf_drv_is_in_RAM  nrf_drv_uart.o
    0x00002164   0x00000022   Code   RO         1734    i.nrf_drv_timer_compare  nrf_drv_timer.o
    0x00002186   0x00000002   PAD
    0x00002188   0x0000001c   Code   RO         1738    i.nrf_drv_timer_enable  nrf_drv_timer.o
    0x000021a4   0x0000002a   Code   RO         1739    i.nrf_drv_timer_extended_compare  nrf_drv_timer.o
    0x000021ce   0x00000002   PAD
    0x000021d0   0x00000090   Code   RO         1741    i.nrf_drv_timer_init  nrf_drv_timer.o
    0x00002260   0x00000010   Code   RO           15    i.nrf_drv_timer_ms_to_ticks  main.o
    0x00002270   0x00000020   Code   RO          955    i.nrf_drv_twi_enable  nrf_drv_twi.o
    0x00002290   0x0000008c   Code   RO          956    i.nrf_drv_twi_init  nrf_drv_twi.o
    0x0000231c   0x00000024   Code   RO          960    i.nrf_drv_twi_tx    nrf_drv_twi.o
    0x00002340   0x00000024   Code   RO          962    i.nrf_drv_twi_xfer  nrf_drv_twi.o
    0x00002364   0x00000068   Code   RO         1116    i.nrf_drv_uart_init  nrf_drv_uart.o
    0x000023cc   0x0000010c   Code   RO         1123    i.nrf_drv_uart_tx   nrf_drv_uart.o
    0x000024d8   0x00000018   Code   RO         1125    i.nrf_drv_uart_tx_in_progress  nrf_drv_uart.o
    0x000024f0   0x00000054   Code   RO         1126    i.nrf_drv_uart_uninit  nrf_drv_uart.o
    0x00002544   0x00000024   Code   RO          446    i.nrf_gpio_cfg      boards.o
    0x00002568   0x00000024   Code   RO         1127    i.nrf_gpio_cfg      nrf_drv_uart.o
    0x0000258c   0x00000012   Code   RO         1128    i.nrf_gpio_cfg_default  nrf_drv_uart.o
    0x0000259e   0x00000012   Code   RO         1129    i.nrf_gpio_cfg_input  nrf_drv_uart.o
    0x000025b0   0x00000014   Code   RO         1130    i.nrf_gpio_cfg_output  nrf_drv_uart.o
    0x000025c4   0x00000010   Code   RO           16    i.nrf_gpio_pin_read  main.o
    0x000025d4   0x0000000e   Code   RO          963    i.nrf_gpio_pin_set  nrf_drv_twi.o
    0x000025e2   0x0000000e   Code   RO         1344    i.nrf_gpio_pin_set  nrf_drv_spi.o
    0x000025f0   0x00000016   Code   RO          447    i.nrf_gpio_pin_write  boards.o
    0x00002606   0x00000002   PAD
    0x00002608   0x00000008   Code   RO         2366    i.nrf_log_backend_hexdump_handler_get  nrf_log_backend_serial.o
    0x00002610   0x00000070   Code   RO         2367    i.nrf_log_backend_init  nrf_log_backend_serial.o
    0x00002680   0x0000012e   Code   RO         2368    i.nrf_log_backend_serial_hexdump_handler  nrf_log_backend_serial.o
    0x000027ae   0x00000114   Code   RO         2369    i.nrf_log_backend_serial_std_handler  nrf_log_backend_serial.o
    0x000028c2   0x00000002   PAD
    0x000028c4   0x00000008   Code   RO         2370    i.nrf_log_backend_std_handler_get  nrf_log_backend_serial.o
    0x000028cc   0x00000006   Code   RO         2462    i.nrf_log_blocking_backend_set  nrf_log_frontend.o
    0x000028d2   0x00000002   PAD
    0x000028d4   0x00000130   Code   RO         2463    i.nrf_log_frontend_dequeue  nrf_log_frontend.o
    0x00002a04   0x00000014   Code   RO         2465    i.nrf_log_frontend_init  nrf_log_frontend.o
    0x00002a18   0x0000004c   Code   RO         2466    i.nrf_log_frontend_std_0  nrf_log_frontend.o
    0x00002a64   0x00000058   Code   RO         2467    i.nrf_log_frontend_std_1  nrf_log_frontend.o
    0x00002abc   0x00000068   Code   RO         2468    i.nrf_log_frontend_std_2  nrf_log_frontend.o
    0x00002b24   0x00000010   Code   RO         2474    i.nrf_log_handlers_set  nrf_log_frontend.o
    0x00002b34   0x00000024   Code   RO         2475    i.nrf_log_init      nrf_log_frontend.o
    0x00002b58   0x00000010   Code   RO         1604    i.nrf_saadc_buffer_init  nrf_drv_saadc.o
    0x00002b68   0x00000010   Code   RO         1606    i.nrf_saadc_event_check  nrf_drv_saadc.o
    0x00002b78   0x00000014   Code   RO         1607    i.nrf_saadc_event_clear  nrf_drv_saadc.o
    0x00002b8c   0x0000000a   Code   RO         1345    i.nrf_spim_event_check  nrf_drv_spi.o
    0x00002b96   0x0000000a   Code   RO          964    i.nrf_twim_event_check  nrf_drv_twi.o
    0x00002ba0   0x0000000c   Code   RO          965    i.nrf_twim_event_clear  nrf_drv_twi.o
    0x00002bac   0x0000000a   Code   RO         1131    i.nrf_uart_event_check  nrf_drv_uart.o
    0x00002bb6   0x0000000c   Code   RO         1132    i.nrf_uart_event_clear  nrf_drv_uart.o
    0x00002bc2   0x0000000c   Code   RO         1133    i.nrf_uart_int_enable_check  nrf_drv_uart.o
    0x00002bce   0x0000000a   Code   RO         1134    i.nrf_uarte_event_check  nrf_drv_uart.o
    0x00002bd8   0x0000000c   Code   RO         1135    i.nrf_uarte_event_clear  nrf_drv_uart.o
    0x00002be4   0x00000078   Code   RO         1136    i.pins_to_default   nrf_drv_uart.o
    0x00002c5c   0x000001d8   Code   RO           17    i.printChrono       main.o
    0x00002e34   0x0000007c   Code   RO           20    i.printLaps         main.o
    0x00002eb0   0x00000032   Code   RO         1137    i.rx_byte           nrf_drv_uart.o
    0x00002ee2   0x00000018   Code   RO         1138    i.rx_done_event     nrf_drv_uart.o
    0x00002efa   0x00000002   PAD
    0x00002efc   0x0000000c   Code   RO         2371    i.serial_is_busy    nrf_log_backend_serial.o
    0x00002f08   0x0000002c   Code   RO         2372    i.serial_tx         nrf_log_backend_serial.o
    0x00002f34   0x00000030   Code   RO           25    i.setBrightness     main.o
    0x00002f64   0x00000058   Code   RO           26    i.timer_event_handler  main.o
    0x00002fbc   0x00000034   Code   RO         2373    i.timestamp_process  nrf_log_backend_serial.o
    0x00002ff0   0x000000aa   Code   RO          966    i.twi_clear_bus     nrf_drv_twi.o
    0x0000309a   0x00000002   PAD
    0x0000309c   0x00000050   Code   RO           28    i.twi_handler       main.o
    0x000030ec   0x00000030   Code   RO           29    i.twi_init          main.o
    0x0000311c   0x00000240   Code   RO          967    i.twim_xfer         nrf_drv_twi.o
    0x0000335c   0x00000020   Code   RO         1140    i.tx_byte           nrf_drv_uart.o
    0x0000337c   0x0000001c   Code   RO         1141    i.tx_done_event     nrf_drv_uart.o
    0x00003398   0x00000010   Code   RO         2374    i.uart_event_handler  nrf_log_backend_serial.o
    0x000033a8   0x0000011e   Code   RO         1142    i.uart_irq_handler  nrf_drv_uart.o
    0x000034c6   0x000000f0   Code   RO         1143    i.uarte_irq_handler  nrf_drv_uart.o
    0x000035b6   0x00000002   PAD
    0x000035b8   0x00000018   Code   RO           31    i.writeDigitNumHT16K33  main.o
    0x000035d0   0x00000010   Code   RO           32    i.writeDigitRawHT16K33  main.o
    0x000035e0   0x00000070   Code   RO           33    i.writeDisplayHT16K33  main.o
    0x00003650   0x0000000a   Code   RO           34    i.writeNull         main.o
    0x0000365a   0x00000038   Code   RO           35    i.writeNullChrono   main.o
    0x00003692   0x00000002   PAD
    0x00003694   0x00000051   Data   RO           37    .constdata          main.o
    0x000036e5   0x00000008   Data   RO          448    .constdata          boards.o
    0x000036ed   0x00000003   PAD
    0x000036f0   0x00000020   Data   RO         2377    .constdata          nrf_log_backend_serial.o
    0x00003710   0x00000024   Data   RO         2478    .constdata          nrf_log_frontend.o
    0x00003734   0x00000081   Data   RO         2790    .constdata          mc_w.l(ctype_o.o)
    0x000037b5   0x00000003   PAD
    0x000037b8   0x00000004   Data   RO         2791    .constdata          mc_w.l(ctype_o.o)
    0x000037bc   0x0000000b   Data   RO         2479    .conststring        nrf_log_frontend.o
    0x000037c7   0x00000001   PAD
    0x000037c8   0x00000020   Data   RO         3153    Region$$Table       anon$$obj.o


    Execution Region RW_IRAM1 (Base: 0x20000000, Size: 0x00002638, Max: 0x00010000, ABSOLUTE)

    Base Addr    Size         Type   Attr      Idx    E Section Name        Object

    0x20000000   0x00000050   Data   RW           39    .data               main.o
    0x20000050   0x00000004   Data   RW         1949    .data               app_util_platform.o
    0x20000054   0x0000000c   Data   RW         2378    .data               nrf_log_backend_serial.o
    0x20000060   0x00000004   Data   RW         2480    .data               nrf_log_frontend.o
    0x20000064   0x00000004   Data   RW         2755    .data               system_nrf52.o
    0x20000068   0x00000004   Data   RW         3132    .data               mc_w.l(errno.o)
    0x2000006c   0x00000010   Zero   RW           36    .bss                main.o
    0x2000007c   0x00000028   Zero   RW          968    .bss                nrf_drv_twi.o
    0x200000a4   0x00000020   Zero   RW         1144    .bss                nrf_drv_uart.o
    0x200000c4   0x00000020   Zero   RW         1347    .bss                nrf_drv_spi.o
    0x200000e4   0x00000030   Zero   RW         1609    .bss                nrf_drv_saadc.o
    0x20000114   0x0000000c   Zero   RW         1745    .bss                nrf_drv_timer.o
    0x20000120   0x00000100   Zero   RW         2375    .bss                nrf_log_backend_serial.o
    0x20000220   0x00000418   Zero   RW         2477    .bss                nrf_log_frontend.o
    0x20000638   0x00002000   Zero   RW         2743    STACK               arm_startup_nrf52.o


==============================================================================

Image component sizes


      Code (inc. data)   RO Data    RW Data    ZI Data      Debug   Object Name

        22          0          0          0          0       2233   app_error.o
        80         34          0          0          0      27369   app_error_weak.o
         0          0          0          0          0       5836   app_uart_fifo.o
        44         10          0          4          0       3316   app_util_platform.o
        36          8       1024          0       8192        924   arm_startup_nrf52.o
       136         12          8          0          0      10365   boards.o
      2994        722         81         80         16      84264   main.o
        56          0          0          0          0      27551   nrf_drv_common.o
       396         22          0          0         48      14615   nrf_drv_saadc.o
        92          4          0          0         32      16015   nrf_drv_spi.o
       324         18          0          0         12      16363   nrf_drv_timer.o
      1532         38          0          0         40      59486   nrf_drv_twi.o
      1784         60          0          0         32      38732   nrf_drv_uart.o
       848         56         32         12        256      11159   nrf_log_backend_serial.o
       766         56         47          4       1048      12285   nrf_log_frontend.o
       668         58          0          4          0       2723   system_nrf52.o

    ----------------------------------------------------------------------
      9804       1098       1228        104       9676     333236   Object Totals
         0          0         32          0          0          0   (incl. Generated)
        26          0          4          0          0          0   (incl. Padding)

    ----------------------------------------------------------------------

      Code (inc. data)   RO Data    RW Data    ZI Data      Debug   Library Member Name

        28          0          0          0          0         68   _chval.o
       158          0          0          0          0         92   _strtoul.o
         8          4        133          0          0         68   ctype_o.o
         0          0          0          0          0          0   entry.o
         0          0          0          0          0          0   entry10a.o
         0          0          0          0          0          0   entry11a.o
         8          4          0          0          0          0   entry2.o
         4          0          0          0          0          0   entry5.o
         0          0          0          0          0          0   entry7b.o
         0          0          0          0          0          0   entry8b.o
         8          4          0          0          0          0   entry9a.o
         8          4          0          4          0         68   errno.o
        30          0          0          0          0          0   handlers.o
        36          8          0          0          0         68   init.o
         0          0          0          0          0          0   iusefp.o
        30          0          0          0          0         68   llshl.o
        36          0          0          0          0         68   llsshr.o
        32          0          0          0          0         68   llushr.o
        36          0          0          0          0         68   memcpya.o
      1242         54          0          0          0        572   printf8.o
        14          0          0          0          0         68   strlen.o
       112          0          0          0          0         88   strtol.o
        98          0          0          0          0         92   uldiv.o
        56          0          0          0          0         88   d2f.o
       334          0          0          0          0        148   dadd.o
       222          0          0          0          0        100   ddiv.o
       186          0          0          0          0        176   depilogue.o
        50          0          0          0          0         76   dfixui.o
        26          0          0          0          0         76   dfltui.o
       228          0          0          0          0         96   dmul.o
        38          0          0          0          0         68   f2d.o
       110          0          0          0          0        168   fepilogue.o

    ----------------------------------------------------------------------
      3144         78        136          4          0       2452   Library Totals
         6          0          3          0          0          0   (incl. Padding)

    ----------------------------------------------------------------------

      Code (inc. data)   RO Data    RW Data    ZI Data      Debug   Library Name

      1888         78        133          4          0       1456   mc_w.l
      1250          0          0          0          0        996   mf_w.l

    ----------------------------------------------------------------------
      3144         78        136          4          0       2452   Library Totals

    ----------------------------------------------------------------------

==============================================================================


      Code (inc. data)   RO Data    RW Data    ZI Data      Debug   

     12948       1176       1364        108       9676     324744   Grand Totals
     12948       1176       1364        108       9676     324744   ELF Image Totals
     12948       1176       1364        108          0          0   ROM Totals

==============================================================================

    Total RO  Size (Code + RO Data)                14312 (  13.98kB)
    Total RW  Size (RW Data + ZI Data)              9784 (   9.55kB)
    Total ROM Size (Code + RO Data + RW Data)      14420 (  14.08kB)

==============================================================================

