Component: ARM Compiler 5.06 update 4 (build 422) Tool: armlink [4d35d2]

==============================================================================

Section Cross References

    main.o(i.app_error_fault_handler) refers to boards.o(i.bsp_board_leds_off) for bsp_board_leds_off
    main.o(i.app_error_fault_handler) refers to main.o(i.nrf_delay_us) for nrf_delay_us
    main.o(i.app_error_fault_handler) refers to boards.o(i.bsp_board_led_invert) for bsp_board_led_invert
    main.o(i.led_and_timer_control) refers to boards.o(i.bsp_board_led_invert) for bsp_board_led_invert
    main.o(i.led_and_timer_control) refers to app_simple_timer.o(i.app_simple_timer_start) for app_simple_timer_start
    main.o(i.led_and_timer_control) refers to app_error.o(i.app_error_handler_bare) for app_error_handler_bare
    main.o(i.led_and_timer_control) refers to main.o(.data) for .data
    main.o(i.led_and_timer_control) refers to main.o(i.timeout_handler) for timeout_handler
    main.o(i.main) refers to app_simple_timer.o(i.app_simple_timer_init) for app_simple_timer_init
    main.o(i.main) refers to app_error.o(i.app_error_handler_bare) for app_error_handler_bare
    main.o(i.main) refers to boards.o(i.bsp_board_leds_init) for bsp_board_leds_init
    main.o(i.main) refers to boards.o(i.bsp_board_led_on) for bsp_board_led_on
    main.o(i.main) refers to main.o(i.nrf_delay_us) for nrf_delay_us
    main.o(i.main) refers to main.o(i.state_machine_state_change) for state_machine_state_change
    main.o(i.nrf_delay_us) refers to system_nrf52.o(.data) for SystemCoreClock
    main.o(i.state_machine_state_change) refers to app_error.o(i.app_error_handler_bare) for app_error_handler_bare
    main.o(i.state_machine_state_change) refers to main.o(i.led_and_timer_control) for led_and_timer_control
    main.o(i.state_machine_state_change) refers to main.o(.data) for .data
    main.o(i.timeout_handler) refers to boards.o(i.bsp_board_led_invert) for bsp_board_led_invert
    main.o(i.timeout_handler) refers to app_simple_timer.o(i.app_simple_timer_start) for app_simple_timer_start
    main.o(i.timeout_handler) refers to app_error.o(i.app_error_handler_bare) for app_error_handler_bare
    main.o(i.timeout_handler) refers to boards.o(i.bsp_board_led_on) for bsp_board_led_on
    main.o(i.timeout_handler) refers to app_simple_timer.o(i.app_simple_timer_stop) for app_simple_timer_stop
    main.o(i.timeout_handler) refers to main.o(i.nrf_delay_us) for nrf_delay_us
    main.o(i.timeout_handler) refers to main.o(i.state_machine_state_change) for state_machine_state_change
    main.o(i.timeout_handler) refers to main.o(.data) for .data
    boards.o(i.bsp_board_button_idx_to_pin) refers to boards.o(.constdata) for .constdata
    boards.o(i.bsp_board_button_state_get) refers to boards.o(.constdata) for .constdata
    boards.o(i.bsp_board_buttons_init) refers to boards.o(i.nrf_gpio_cfg) for nrf_gpio_cfg
    boards.o(i.bsp_board_buttons_init) refers to boards.o(.constdata) for .constdata
    boards.o(i.bsp_board_led_idx_to_pin) refers to boards.o(.constdata) for .constdata
    boards.o(i.bsp_board_led_invert) refers to boards.o(.constdata) for .constdata
    boards.o(i.bsp_board_led_off) refers to boards.o(i.nrf_gpio_pin_write) for nrf_gpio_pin_write
    boards.o(i.bsp_board_led_off) refers to boards.o(.constdata) for .constdata
    boards.o(i.bsp_board_led_on) refers to boards.o(i.nrf_gpio_pin_write) for nrf_gpio_pin_write
    boards.o(i.bsp_board_led_on) refers to boards.o(.constdata) for .constdata
    boards.o(i.bsp_board_led_state_get) refers to boards.o(.constdata) for .constdata
    boards.o(i.bsp_board_leds_init) refers to boards.o(i.nrf_gpio_cfg) for nrf_gpio_cfg
    boards.o(i.bsp_board_leds_init) refers to boards.o(i.bsp_board_leds_off) for bsp_board_leds_off
    boards.o(i.bsp_board_leds_init) refers to boards.o(.constdata) for .constdata
    boards.o(i.bsp_board_leds_off) refers to boards.o(i.bsp_board_led_off) for bsp_board_led_off
    boards.o(i.bsp_board_leds_on) refers to boards.o(i.bsp_board_led_on) for bsp_board_led_on
    boards.o(i.bsp_board_pin_to_button_idx) refers to boards.o(.constdata) for .constdata
    boards.o(i.bsp_board_pin_to_led_idx) refers to boards.o(.constdata) for .constdata
    bsp.o(i.alert_timer_handler) refers to boards.o(i.bsp_board_led_invert) for bsp_board_led_invert
    bsp.o(i.bsp_button_event_handler) refers to boards.o(i.bsp_board_pin_to_button_idx) for bsp_board_pin_to_button_idx
    bsp.o(i.bsp_button_event_handler) refers to app_timer.o(i.app_timer_start) for app_timer_start
    bsp.o(i.bsp_button_event_handler) refers to app_timer.o(i.app_timer_stop) for app_timer_stop
    bsp.o(i.bsp_button_event_handler) refers to bsp.o(.constdata) for .constdata
    bsp.o(i.bsp_button_event_handler) refers to bsp.o(.data) for .data
    bsp.o(i.bsp_button_event_handler) refers to bsp.o(.bss) for .bss
    bsp.o(i.bsp_button_is_pressed) refers to boards.o(i.bsp_board_button_state_get) for bsp_board_button_state_get
[...]
    bsp_nfc.o(i.bsp_nfc_btn_deinit) refers to bsp.o(i.bsp_event_to_button_action_assign) for bsp_event_to_button_action_assign
    bsp_nfc.o(i.bsp_nfc_btn_init) refers to bsp.o(i.bsp_event_to_button_action_assign) for bsp_event_to_button_action_assign
    nrf_drv_gpiote.o(i.GPIOTE_IRQHandler) refers to nrf_drv_gpiote.o(i.nrf_gpiote_event_is_set) for nrf_gpiote_event_is_set
    nrf_drv_gpiote.o(i.GPIOTE_IRQHandler) refers to nrf_drv_gpiote.o(i.nrf_gpiote_event_clear) for nrf_gpiote_event_clear
    nrf_drv_gpiote.o(i.GPIOTE_IRQHandler) refers to nrf_drv_gpiote.o(i.nrf_gpio_ports_read) for nrf_gpio_ports_read
    nrf_drv_gpiote.o(i.GPIOTE_IRQHandler) refers to nrf_drv_gpiote.o(i.nrf_bitmask_bit_is_set) for nrf_bitmask_bit_is_set
    nrf_drv_gpiote.o(i.GPIOTE_IRQHandler) refers to nrf_drv_gpiote.o(i.channel_port_get) for channel_port_get
    nrf_drv_gpiote.o(i.GPIOTE_IRQHandler) refers to nrf_drv_gpiote.o(i.nrf_gpio_cfg_sense_set) for nrf_gpio_cfg_sense_set
    nrf_drv_gpiote.o(i.GPIOTE_IRQHandler) refers to nrf_drv_gpiote.o(.bss) for .bss
    nrf_drv_gpiote.o(i.channel_free) refers to nrf_drv_gpiote.o(.bss) for .bss
    nrf_drv_gpiote.o(i.channel_port_alloc) refers to nrf_drv_gpiote.o(.bss) for .bss
    nrf_drv_gpiote.o(i.channel_port_get) refers to nrf_drv_gpiote.o(.bss) for .bss
    nrf_drv_gpiote.o(i.nrf_drv_gpiote_clr_task_addr_get) refers to nrf_drv_gpiote.o(i.channel_port_get) for channel_port_get
    nrf_drv_gpiote.o(i.nrf_drv_gpiote_clr_task_trigger) refers to nrf_drv_gpiote.o(i.channel_port_get) for channel_port_get
    nrf_drv_gpiote.o(i.nrf_drv_gpiote_in_event_addr_get) refers to nrf_drv_gpiote.o(i.pin_in_use_by_te) for pin_in_use_by_te
    nrf_drv_gpiote.o(i.nrf_drv_gpiote_in_event_addr_get) refers to nrf_drv_gpiote.o(i.channel_port_get) for channel_port_get
    nrf_drv_gpiote.o(i.nrf_drv_gpiote_in_event_disable) refers to nrf_drv_gpiote.o(i.pin_in_use_by_port) for pin_in_use_by_port
    nrf_drv_gpiote.o(i.nrf_drv_gpiote_in_event_disable) refers to nrf_drv_gpiote.o(i.nrf_gpio_cfg_sense_set) for nrf_gpio_cfg_sense_set
    nrf_drv_gpiote.o(i.nrf_drv_gpiote_in_event_disable) refers to nrf_drv_gpiote.o(i.pin_in_use_by_te) for pin_in_use_by_te
    nrf_drv_gpiote.o(i.nrf_drv_gpiote_in_event_disable) refers to nrf_drv_gpiote.o(i.channel_port_get) for channel_port_get
    nrf_drv_gpiote.o(i.nrf_drv_gpiote_in_event_enable) refers to nrf_drv_gpiote.o(i.pin_in_use_by_port) for pin_in_use_by_port
    nrf_drv_gpiote.o(i.nrf_drv_gpiote_in_event_enable) refers to nrf_drv_gpiote.o(i.channel_port_get) for channel_port_get
    nrf_drv_gpiote.o(i.nrf_drv_gpiote_in_event_enable) refers to nrf_drv_gpiote.o(i.nrf_gpio_cfg_sense_set) for nrf_gpio_cfg_sense_set
    nrf_drv_gpiote.o(i.nrf_drv_gpiote_in_event_enable) refers to nrf_drv_gpiote.o(i.pin_in_use_by_te) for pin_in_use_by_te
    nrf_drv_gpiote.o(i.nrf_drv_gpiote_in_event_enable) refers to nrf_drv_gpiote.o(i.nrf_gpiote_event_clear) for nrf_gpiote_event_clear
    nrf_drv_gpiote.o(i.nrf_drv_gpiote_in_event_enable) refers to nrf_drv_gpiote.o(.bss) for .bss
    nrf_drv_gpiote.o(i.nrf_drv_gpiote_in_init) refers to nrf_drv_gpiote.o(i.channel_port_alloc) for channel_port_alloc
    nrf_drv_gpiote.o(i.nrf_drv_gpiote_in_init) refers to nrf_drv_gpiote.o(i.nrf_gpio_cfg) for nrf_gpio_cfg
    nrf_drv_gpiote.o(i.nrf_drv_gpiote_in_init) refers to nrf_drv_gpiote.o(.bss) for .bss
    nrf_drv_gpiote.o(i.nrf_drv_gpiote_in_uninit) refers to nrf_drv_gpiote.o(i.nrf_drv_gpiote_in_event_disable) for nrf_drv_gpiote_in_event_disable
    nrf_drv_gpiote.o(i.nrf_drv_gpiote_in_uninit) refers to nrf_drv_gpiote.o(i.pin_in_use_by_te) for pin_in_use_by_te
    nrf_drv_gpiote.o(i.nrf_drv_gpiote_in_uninit) refers to nrf_drv_gpiote.o(i.channel_port_get) for channel_port_get
    nrf_drv_gpiote.o(i.nrf_drv_gpiote_in_uninit) refers to nrf_drv_gpiote.o(i.nrf_gpio_cfg_default) for nrf_gpio_cfg_default
    nrf_drv_gpiote.o(i.nrf_drv_gpiote_in_uninit) refers to nrf_drv_gpiote.o(i.channel_free) for channel_free
    nrf_drv_gpiote.o(i.nrf_drv_gpiote_in_uninit) refers to nrf_drv_gpiote.o(.bss) for .bss
    nrf_drv_gpiote.o(i.nrf_drv_gpiote_init) refers to nrf_drv_gpiote.o(i.channel_free) for channel_free
    nrf_drv_gpiote.o(i.nrf_drv_gpiote_init) refers to nrf_drv_common.o(i.nrf_drv_common_irq_enable) for nrf_drv_common_irq_enable
    nrf_drv_gpiote.o(i.nrf_drv_gpiote_init) refers to nrf_drv_gpiote.o(i.nrf_gpiote_event_clear) for nrf_gpiote_event_clear
    nrf_drv_gpiote.o(i.nrf_drv_gpiote_init) refers to nrf_drv_gpiote.o(.bss) for .bss
    nrf_drv_gpiote.o(i.nrf_drv_gpiote_is_init) refers to nrf_drv_gpiote.o(.bss) for .bss
    nrf_drv_gpiote.o(i.nrf_drv_gpiote_out_init) refers to nrf_drv_gpiote.o(i.channel_port_alloc) for channel_port_alloc
    nrf_drv_gpiote.o(i.nrf_drv_gpiote_out_init) refers to nrf_drv_gpiote.o(i.nrf_gpio_cfg) for nrf_gpio_cfg
    nrf_drv_gpiote.o(i.nrf_drv_gpiote_out_init) refers to nrf_drv_gpiote.o(.bss) for .bss
    nrf_drv_gpiote.o(i.nrf_drv_gpiote_out_task_addr_get) refers to nrf_drv_gpiote.o(i.channel_port_get) for channel_port_get
    nrf_drv_gpiote.o(i.nrf_drv_gpiote_out_task_disable) refers to nrf_drv_gpiote.o(.bss) for .bss
    nrf_drv_gpiote.o(i.nrf_drv_gpiote_out_task_enable) refers to nrf_drv_gpiote.o(.bss) for .bss
    nrf_drv_gpiote.o(i.nrf_drv_gpiote_out_task_force) refers to nrf_drv_gpiote.o(.bss) for .bss
    nrf_drv_gpiote.o(i.nrf_drv_gpiote_out_task_trigger) refers to nrf_drv_gpiote.o(i.channel_port_get) for channel_port_get
    nrf_drv_gpiote.o(i.nrf_drv_gpiote_out_uninit) refers to nrf_drv_gpiote.o(i.pin_in_use_by_te) for pin_in_use_by_te
    nrf_drv_gpiote.o(i.nrf_drv_gpiote_out_uninit) refers to nrf_drv_gpiote.o(i.channel_port_get) for channel_port_get
    nrf_drv_gpiote.o(i.nrf_drv_gpiote_out_uninit) refers to nrf_drv_gpiote.o(i.channel_free) for channel_free
    nrf_drv_gpiote.o(i.nrf_drv_gpiote_out_uninit) refers to nrf_drv_gpiote.o(i.nrf_gpio_cfg_default) for nrf_gpio_cfg_default
    nrf_drv_gpiote.o(i.nrf_drv_gpiote_out_uninit) refers to nrf_drv_gpiote.o(.bss) for .bss
    nrf_drv_gpiote.o(i.nrf_drv_gpiote_set_task_addr_get) refers to nrf_drv_gpiote.o(i.channel_port_get) for channel_port_get
    nrf_drv_gpiote.o(i.nrf_drv_gpiote_set_task_trigger) refers to nrf_drv_gpiote.o(i.channel_port_get) for channel_port_get
    nrf_drv_gpiote.o(i.nrf_drv_gpiote_uninit) refers to nrf_drv_gpiote.o(i.nrf_drv_gpiote_in_uninit) for nrf_drv_gpiote_in_uninit
    nrf_drv_gpiote.o(i.nrf_drv_gpiote_uninit) refers to nrf_drv_gpiote.o(i.nrf_drv_gpiote_out_uninit) for nrf_drv_gpiote_out_uninit
    nrf_drv_gpiote.o(i.nrf_drv_gpiote_uninit) refers to nrf_drv_gpiote.o(.bss) for .bss
    nrf_drv_gpiote.o(i.nrf_gpio_cfg_default) refers to nrf_drv_gpiote.o(i.nrf_gpio_cfg) for nrf_gpio_cfg
    nrf_drv_gpiote.o(i.nrf_gpio_ports_read) refers to nrf_drv_gpiote.o(.constdata) for .constdata
    nrf_drv_gpiote.o(i.pin_in_use_by_port) refers to nrf_drv_gpiote.o(.bss) for .bss
    nrf_drv_gpiote.o(i.pin_in_use_by_te) refers to nrf_drv_gpiote.o(.bss) for .bss
    nrf_drv_timer.o(i.TIMER1_IRQHandler) refers to nrf_drv_timer.o(.bss) for .bss
    nrf_drv_timer.o(i.nrf_drv_timer_disable) refers to nrf_drv_timer.o(.bss) for .bss
    nrf_drv_timer.o(i.nrf_drv_timer_enable) refers to nrf_drv_timer.o(.bss) for .bss
    nrf_drv_timer.o(i.nrf_drv_timer_extended_compare) refers to nrf_drv_timer.o(i.nrf_drv_timer_compare) for nrf_drv_timer_compare
    nrf_drv_timer.o(i.nrf_drv_timer_init) refers to nrf_drv_common.o(i.nrf_drv_common_irq_enable) for nrf_drv_common_irq_enable
    nrf_drv_timer.o(i.nrf_drv_timer_init) refers to nrf_drv_timer.o(.bss) for .bss
    nrf_drv_timer.o(i.nrf_drv_timer_uninit) refers to nrf_drv_timer.o(i.nrf_drv_timer_disable) for nrf_drv_timer_disable
    nrf_drv_timer.o(i.nrf_drv_timer_uninit) refers to nrf_drv_timer.o(.bss) for .bss
    nrf_drv_uart.o(i.UARTE0_UART0_IRQHandler) refers to nrf_drv_uart.o(i.uarte_irq_handler) for uarte_irq_handler
    nrf_drv_uart.o(i.UARTE0_UART0_IRQHandler) refers to nrf_drv_uart.o(i.uart_irq_handler) for uart_irq_handler
    nrf_drv_uart.o(i.UARTE0_UART0_IRQHandler) refers to nrf_drv_uart.o(.bss) for .bss
    nrf_drv_uart.o(i.apply_config) refers to nrf_drv_uart.o(i.nrf_gpio_cfg_output) for nrf_gpio_cfg_output
    nrf_drv_uart.o(i.apply_config) refers to nrf_drv_uart.o(i.nrf_gpio_cfg_input) for nrf_gpio_cfg_input
    nrf_drv_uart.o(i.apply_config) refers to nrf_drv_uart.o(.bss) for .bss
    nrf_drv_uart.o(i.interrupts_enable) refers to nrf_drv_uart.o(i.nrf_uarte_event_clear) for nrf_uarte_event_clear
    nrf_drv_uart.o(i.interrupts_enable) refers to nrf_drv_uart.o(i.nrf_uart_event_clear) for nrf_uart_event_clear
    nrf_drv_uart.o(i.interrupts_enable) refers to nrf_drv_uart.o(i.nrf_drv_get_IRQn) for nrf_drv_get_IRQn
    nrf_drv_uart.o(i.interrupts_enable) refers to nrf_drv_common.o(i.nrf_drv_common_irq_enable) for nrf_drv_common_irq_enable
    nrf_drv_uart.o(i.interrupts_enable) refers to nrf_drv_uart.o(.bss) for .bss
    nrf_drv_uart.o(i.nrf_drv_uart_errorsrc_get) refers to nrf_drv_uart.o(i.nrf_uarte_event_clear) for nrf_uarte_event_clear
    nrf_drv_uart.o(i.nrf_drv_uart_errorsrc_get) refers to nrf_drv_uart.o(i.nrf_uart_event_clear) for nrf_uart_event_clear
    nrf_drv_uart.o(i.nrf_drv_uart_errorsrc_get) refers to nrf_drv_uart.o(.bss) for .bss
    nrf_drv_uart.o(i.nrf_drv_uart_init) refers to nrf_drv_uart.o(i.apply_config) for apply_config
    nrf_drv_uart.o(i.nrf_drv_uart_init) refers to nrf_drv_uart.o(i.interrupts_enable) for interrupts_enable
    nrf_drv_uart.o(i.nrf_drv_uart_init) refers to nrf_drv_uart.o(.bss) for .bss
    nrf_drv_uart.o(i.nrf_drv_uart_rx) refers to nrf_drv_uart.o(i.nrf_drv_is_in_RAM) for nrf_drv_is_in_RAM
    nrf_drv_uart.o(i.nrf_drv_uart_rx) refers to nrf_drv_uart.o(i.nrf_drv_uart_rx_for_uarte) for nrf_drv_uart_rx_for_uarte
    nrf_drv_uart.o(i.nrf_drv_uart_rx) refers to nrf_drv_uart.o(i.nrf_drv_uart_rx_for_uart) for nrf_drv_uart_rx_for_uart
    nrf_drv_uart.o(i.nrf_drv_uart_rx) refers to nrf_drv_uart.o(.bss) for .bss
    nrf_drv_uart.o(i.nrf_drv_uart_rx_abort) refers to nrf_drv_uart.o(.bss) for .bss
    nrf_drv_uart.o(i.nrf_drv_uart_rx_disable) refers to nrf_drv_uart.o(.bss) for .bss
    nrf_drv_uart.o(i.nrf_drv_uart_rx_enable) refers to nrf_drv_uart.o(i.rx_enable) for rx_enable
    nrf_drv_uart.o(i.nrf_drv_uart_rx_enable) refers to nrf_drv_uart.o(.bss) for .bss
    nrf_drv_uart.o(i.nrf_drv_uart_rx_for_uart) refers to nrf_drv_uart.o(i.rx_enable) for rx_enable
    nrf_drv_uart.o(i.nrf_drv_uart_rx_for_uart) refers to nrf_drv_uart.o(i.nrf_uart_event_clear) for nrf_uart_event_clear
    nrf_drv_uart.o(i.nrf_drv_uart_rx_for_uart) refers to nrf_drv_uart.o(i.nrf_uart_event_check) for nrf_uart_event_check
    nrf_drv_uart.o(i.nrf_drv_uart_rx_for_uart) refers to nrf_drv_uart.o(i.rx_byte) for rx_byte
    nrf_drv_uart.o(i.nrf_drv_uart_rx_for_uart) refers to nrf_drv_uart.o(.bss) for .bss
    nrf_drv_uart.o(i.nrf_drv_uart_rx_for_uarte) refers to nrf_drv_uart.o(i.nrf_uarte_event_clear) for nrf_uarte_event_clear
    nrf_drv_uart.o(i.nrf_drv_uart_rx_for_uarte) refers to nrf_drv_uart.o(i.nrf_uarte_event_check) for nrf_uarte_event_check
    nrf_drv_uart.o(i.nrf_drv_uart_rx_for_uarte) refers to nrf_drv_uart.o(.bss) for .bss
    nrf_drv_uart.o(i.nrf_drv_uart_tx) refers to nrf_drv_uart.o(i.nrf_drv_is_in_RAM) for nrf_drv_is_in_RAM
    nrf_drv_uart.o(i.nrf_drv_uart_tx) refers to nrf_drv_uart.o(i.nrf_drv_uart_tx_in_progress) for nrf_drv_uart_tx_in_progress
    nrf_drv_uart.o(i.nrf_drv_uart_tx) refers to nrf_drv_uart.o(i.nrf_uarte_event_clear) for nrf_uarte_event_clear
    nrf_drv_uart.o(i.nrf_drv_uart_tx) refers to nrf_drv_uart.o(i.nrf_uarte_event_check) for nrf_uarte_event_check
    nrf_drv_uart.o(i.nrf_drv_uart_tx) refers to nrf_drv_uart.o(i.nrf_uart_event_clear) for nrf_uart_event_clear
    nrf_drv_uart.o(i.nrf_drv_uart_tx) refers to nrf_drv_uart.o(i.tx_byte) for tx_byte
    nrf_drv_uart.o(i.nrf_drv_uart_tx) refers to nrf_drv_uart.o(i.nrf_uart_event_check) for nrf_uart_event_check
    nrf_drv_uart.o(i.nrf_drv_uart_tx) refers to nrf_drv_uart.o(.bss) for .bss
    nrf_drv_uart.o(i.nrf_drv_uart_tx_abort) refers to nrf_drv_uart.o(i.nrf_uarte_event_clear) for nrf_uarte_event_clear
    nrf_drv_uart.o(i.nrf_drv_uart_tx_abort) refers to nrf_drv_uart.o(i.nrf_uarte_event_check) for nrf_uarte_event_check
    nrf_drv_uart.o(i.nrf_drv_uart_tx_abort) refers to nrf_drv_uart.o(i.tx_done_event) for tx_done_event
    nrf_drv_uart.o(i.nrf_drv_uart_tx_abort) refers to nrf_drv_uart.o(.bss) for .bss
    nrf_drv_uart.o(i.nrf_drv_uart_tx_in_progress) refers to nrf_drv_uart.o(.bss) for .bss
    nrf_drv_uart.o(i.nrf_drv_uart_uninit) refers to nrf_drv_uart.o(i.nrf_drv_get_IRQn) for nrf_drv_get_IRQn
    nrf_drv_uart.o(i.nrf_drv_uart_uninit) refers to nrf_drv_uart.o(i.nrf_drv_common_irq_disable) for nrf_drv_common_irq_disable
    nrf_drv_uart.o(i.nrf_drv_uart_uninit) refers to nrf_drv_uart.o(i.pins_to_default) for pins_to_default
    nrf_drv_uart.o(i.nrf_drv_uart_uninit) refers to nrf_drv_uart.o(.bss) for .bss
    nrf_drv_uart.o(i.nrf_gpio_cfg_default) refers to nrf_drv_uart.o(i.nrf_gpio_cfg) for nrf_gpio_cfg
    nrf_drv_uart.o(i.nrf_gpio_cfg_input) refers to nrf_drv_uart.o(i.nrf_gpio_cfg) for nrf_gpio_cfg
    nrf_drv_uart.o(i.nrf_gpio_cfg_output) refers to nrf_drv_uart.o(i.nrf_gpio_cfg) for nrf_gpio_cfg
    nrf_drv_uart.o(i.pins_to_default) refers to nrf_drv_uart.o(i.nrf_gpio_cfg_default) for nrf_gpio_cfg_default
    nrf_drv_uart.o(i.pins_to_default) refers to nrf_drv_uart.o(.bss) for .bss
    nrf_drv_uart.o(i.rx_byte) refers to nrf_drv_uart.o(i.nrf_uart_event_clear) for nrf_uart_event_clear
    nrf_drv_uart.o(i.rx_enable) refers to nrf_drv_uart.o(i.nrf_uart_event_clear) for nrf_uart_event_clear
    nrf_drv_uart.o(i.tx_byte) refers to nrf_drv_uart.o(i.nrf_uart_event_clear) for nrf_uart_event_clear
    nrf_drv_uart.o(i.uart_irq_handler) refers to nrf_drv_uart.o(i.nrf_uart_int_enable_check) for nrf_uart_int_enable_check
    nrf_drv_uart.o(i.uart_irq_handler) refers to nrf_drv_uart.o(i.nrf_uart_event_check) for nrf_uart_event_check
    nrf_drv_uart.o(i.uart_irq_handler) refers to nrf_drv_uart.o(i.nrf_uart_event_clear) for nrf_uart_event_clear
    nrf_drv_uart.o(i.uart_irq_handler) refers to nrf_drv_uart.o(i.rx_byte) for rx_byte
    nrf_drv_uart.o(i.uart_irq_handler) refers to nrf_drv_uart.o(i.rx_done_event) for rx_done_event
    nrf_drv_uart.o(i.uart_irq_handler) refers to nrf_drv_uart.o(i.tx_byte) for tx_byte
    nrf_drv_uart.o(i.uart_irq_handler) refers to nrf_drv_uart.o(i.tx_done_event) for tx_done_event
    nrf_drv_uart.o(i.uarte_irq_handler) refers to nrf_drv_uart.o(i.nrf_uarte_event_check) for nrf_uarte_event_check
    nrf_drv_uart.o(i.uarte_irq_handler) refers to nrf_drv_uart.o(i.nrf_uarte_event_clear) for nrf_uarte_event_clear
    nrf_drv_uart.o(i.uarte_irq_handler) refers to nrf_drv_uart.o(i.rx_done_event) for rx_done_event
    nrf_drv_uart.o(i.uarte_irq_handler) refers to nrf_drv_uart.o(i.tx_done_event) for tx_done_event
    nrf_nvic.o(i.sd_nvic_critical_region_enter) refers to nrf_nvic.o(.data) for .data
    nrf_nvic.o(i.sd_nvic_critical_region_exit) refers to nrf_nvic.o(.data) for .data
    app_button.o(i.app_button_disable) refers to nrf_drv_gpiote.o(i.nrf_drv_gpiote_in_event_disable) for nrf_drv_gpiote_in_event_disable
    app_button.o(i.app_button_disable) refers to app_timer.o(i.app_timer_stop) for app_timer_stop
    app_button.o(i.app_button_disable) refers to app_button.o(.data) for .data
    app_button.o(i.app_button_disable) refers to app_button.o(.constdata) for .constdata
    app_button.o(i.app_button_enable) refers to nrf_drv_gpiote.o(i.nrf_drv_gpiote_in_event_enable) for nrf_drv_gpiote_in_event_enable
    app_button.o(i.app_button_enable) refers to app_button.o(.data) for .data
    app_button.o(i.app_button_init) refers to nrf_drv_gpiote.o(i.nrf_drv_gpiote_is_init) for nrf_drv_gpiote_is_init
    app_button.o(i.app_button_init) refers to nrf_drv_gpiote.o(i.nrf_drv_gpiote_init) for nrf_drv_gpiote_init
    app_button.o(i.app_button_init) refers to nrf_drv_gpiote.o(i.nrf_drv_gpiote_in_init) for nrf_drv_gpiote_in_init
    app_button.o(i.app_button_init) refers to app_timer.o(i.app_timer_create) for app_timer_create
    app_button.o(i.app_button_init) refers to app_button.o(.data) for .data
    app_button.o(i.app_button_init) refers to app_button.o(.constdata) for .constdata
    app_button.o(i.app_button_init) refers to app_button.o(i.gpiote_event_handler) for gpiote_event_handler
    app_button.o(i.app_button_init) refers to app_button.o(i.detection_delay_timeout_handler) for detection_delay_timeout_handler
    app_button.o(i.app_button_is_pushed) refers to nrf_drv_gpiote.o(i.nrf_drv_gpiote_in_is_set) for nrf_drv_gpiote_in_is_set
    app_button.o(i.app_button_is_pushed) refers to app_button.o(.data) for .data
    app_button.o(i.detection_delay_timeout_handler) refers to nrf_drv_gpiote.o(i.nrf_drv_gpiote_in_is_set) for nrf_drv_gpiote_in_is_set
    app_button.o(i.detection_delay_timeout_handler) refers to app_button.o(.data) for .data
    app_button.o(i.gpiote_event_handler) refers to app_timer.o(i.app_timer_stop) for app_timer_stop
    app_button.o(i.gpiote_event_handler) refers to nrf_drv_gpiote.o(i.nrf_drv_gpiote_in_is_set) for nrf_drv_gpiote_in_is_set
    app_button.o(i.gpiote_event_handler) refers to app_timer.o(i.app_timer_start) for app_timer_start
    app_button.o(i.gpiote_event_handler) refers to app_button.o(.constdata) for .constdata
    app_button.o(i.gpiote_event_handler) refers to app_button.o(.data) for .data
    app_button.o(.constdata) refers to app_button.o(.bss) for m_detection_delay_timer_id_data
    app_error.o(i.app_error_handler) refers to main.o(i.app_error_fault_handler) for app_error_fault_handler
    app_error.o(i.app_error_handler_bare) refers to main.o(i.app_error_fault_handler) for app_error_fault_handler
    app_error.o(i.app_error_save_and_stop) refers to app_error.o(.bss) for .bss
    app_simple_timer.o(i.app_simple_timer_event_handler) refers to app_simple_timer.o(.data) for .data
    app_simple_timer.o(i.app_simple_timer_init) refers to nrf_drv_timer.o(i.nrf_drv_timer_init) for nrf_drv_timer_init
    app_simple_timer.o(i.app_simple_timer_init) refers to app_simple_timer.o(.constdata) for .constdata
    app_simple_timer.o(i.app_simple_timer_init) refers to app_simple_timer.o(i.app_simple_timer_event_handler) for app_simple_timer_event_handler
    app_simple_timer.o(i.app_simple_timer_init) refers to app_simple_timer.o(.data) for .data
    app_simple_timer.o(i.app_simple_timer_start) refers to app_simple_timer.o(i.app_simple_timer_stop) for app_simple_timer_stop
    app_simple_timer.o(i.app_simple_timer_start) refers to app_error.o(i.app_error_handler_bare) for app_error_handler_bare
    app_simple_timer.o(i.app_simple_timer_start) refers to nrf_drv_timer.o(i.nrf_drv_timer_clear) for nrf_drv_timer_clear
    app_simple_timer.o(i.app_simple_timer_start) refers to nrf_drv_timer.o(i.nrf_drv_timer_extended_compare) for nrf_drv_timer_extended_compare
    app_simple_timer.o(i.app_simple_timer_start) refers to nrf_drv_timer.o(i.nrf_drv_timer_enable) for nrf_drv_timer_enable
    app_simple_timer.o(i.app_simple_timer_start) refers to nrf_drv_timer.o(i.nrf_drv_timer_resume) for nrf_drv_timer_resume
    app_simple_timer.o(i.app_simple_timer_start) refers to app_simple_timer.o(.data) for .data
    app_simple_timer.o(i.app_simple_timer_start) refers to app_simple_timer.o(.constdata) for .constdata
    app_simple_timer.o(i.app_simple_timer_stop) refers to nrf_drv_timer.o(i.nrf_drv_timer_pause) for nrf_drv_timer_pause
    app_simple_timer.o(i.app_simple_timer_stop) refers to app_simple_timer.o(.data) for .data
    app_simple_timer.o(i.app_simple_timer_stop) refers to app_simple_timer.o(.constdata) for .constdata
    app_simple_timer.o(i.app_simple_timer_uninit) refers to nrf_drv_timer.o(i.nrf_drv_timer_uninit) for nrf_drv_timer_uninit
    app_simple_timer.o(i.app_simple_timer_uninit) refers to app_simple_timer.o(.data) for .data
    app_simple_timer.o(i.app_simple_timer_uninit) refers to app_simple_timer.o(.constdata) for .constdata
    app_timer.o(i.RTC1_IRQHandler) refers to app_timer.o(i.timer_timeouts_check) for timer_timeouts_check
    app_timer.o(i.SWI0_EGU0_IRQHandler) refers to app_timer.o(i.timer_list_handler) for timer_list_handler
    app_timer.o(i.app_timer_create) refers to app_timer.o(.data) for .data
    app_timer.o(i.app_timer_init) refers to app_timer.o(i.rtc1_stop) for rtc1_stop
    app_timer.o(i.app_timer_init) refers to app_timer.o(i.NVIC_ClearPendingIRQ) for NVIC_ClearPendingIRQ
    app_timer.o(i.app_timer_init) refers to app_timer.o(i.NVIC_SetPriority) for NVIC_SetPriority
    app_timer.o(i.app_timer_init) refers to app_timer.o(i.NVIC_EnableIRQ) for NVIC_EnableIRQ
    app_timer.o(i.app_timer_init) refers to app_timer.o(.data) for .data
    app_timer.o(i.app_timer_start) refers to app_util_platform.o(i.app_util_critical_region_enter) for app_util_critical_region_enter
    app_timer.o(i.app_timer_start) refers to app_timer.o(i.user_op_alloc) for user_op_alloc
    app_timer.o(i.app_timer_start) refers to app_util_platform.o(i.app_util_critical_region_exit) for app_util_critical_region_exit
    app_timer.o(i.app_timer_start) refers to app_timer.o(i.NVIC_SetPendingIRQ) for NVIC_SetPendingIRQ
    app_timer.o(i.app_timer_start) refers to app_timer.o(.data) for .data
    app_timer.o(i.app_timer_stop) refers to app_timer.o(i.timer_stop_op_schedule) for timer_stop_op_schedule
    app_timer.o(i.app_timer_stop) refers to app_timer.o(.data) for .data
    app_timer.o(i.app_timer_stop_all) refers to app_timer.o(i.timer_stop_op_schedule) for timer_stop_op_schedule
    app_timer.o(i.app_timer_stop_all) refers to app_timer.o(.data) for .data
    app_timer.o(i.compare_reg_update) refers to app_timer.o(i.NVIC_ClearPendingIRQ) for NVIC_ClearPendingIRQ
    app_timer.o(i.compare_reg_update) refers to app_timer.o(i.NVIC_EnableIRQ) for NVIC_EnableIRQ
    app_timer.o(i.compare_reg_update) refers to app_timer.o(i.nrf_delay_us) for nrf_delay_us
    app_timer.o(i.compare_reg_update) refers to app_timer.o(i.NVIC_SetPendingIRQ) for NVIC_SetPendingIRQ
    app_timer.o(i.compare_reg_update) refers to app_timer.o(i.rtc1_stop) for rtc1_stop
    app_timer.o(i.compare_reg_update) refers to app_timer.o(.data) for .data
    app_timer.o(i.elapsed_ticks_acquire) refers to app_timer.o(.data) for .data
    app_timer.o(i.list_deletions_handler) refers to app_timer.o(.data) for .data
    app_timer.o(i.list_insertions_handler) refers to app_timer.o(i.timer_list_insert) for timer_list_insert
    app_timer.o(i.list_insertions_handler) refers to app_timer.o(.data) for .data
    app_timer.o(i.nrf_delay_us) refers to system_nrf52.o(.data) for SystemCoreClock
    app_timer.o(i.rtc1_stop) refers to app_timer.o(i.nrf_delay_us) for nrf_delay_us
    app_timer.o(i.rtc1_stop) refers to app_timer.o(.data) for .data
    app_timer.o(i.timer_list_handler) refers to app_timer.o(i.elapsed_ticks_acquire) for elapsed_ticks_acquire
    app_timer.o(i.timer_list_handler) refers to app_timer.o(i.list_deletions_handler) for list_deletions_handler
    app_timer.o(i.timer_list_handler) refers to app_timer.o(i.list_insertions_handler) for list_insertions_handler
    app_timer.o(i.timer_list_handler) refers to app_timer.o(i.compare_reg_update) for compare_reg_update
    app_timer.o(i.timer_list_handler) refers to app_timer.o(.data) for .data
    app_timer.o(i.timer_list_insert) refers to app_timer.o(.data) for .data
    app_timer.o(i.timer_stop_op_schedule) refers to app_util_platform.o(i.app_util_critical_region_enter) for app_util_critical_region_enter
    app_timer.o(i.timer_stop_op_schedule) refers to app_timer.o(i.user_op_alloc) for user_op_alloc
    app_timer.o(i.timer_stop_op_schedule) refers to app_util_platform.o(i.app_util_critical_region_exit) for app_util_critical_region_exit
    app_timer.o(i.timer_stop_op_schedule) refers to app_timer.o(i.NVIC_SetPendingIRQ) for NVIC_SetPendingIRQ
    app_timer.o(i.timer_stop_op_schedule) refers to app_timer.o(.data) for .data
    app_timer.o(i.timer_timeouts_check) refers to app_error.o(i.app_error_handler_bare) for app_error_handler_bare
    app_timer.o(i.timer_timeouts_check) refers to app_timer.o(i.NVIC_SetPendingIRQ) for NVIC_SetPendingIRQ
    app_timer.o(i.timer_timeouts_check) refers to app_timer.o(.data) for .data
    app_timer.o(i.user_op_alloc) refers to app_timer.o(.data) for .data
    app_util_platform.o(i.app_util_critical_region_enter) refers to app_util_platform.o(i.app_util_disable_irq) for app_util_disable_irq
    app_util_platform.o(i.app_util_critical_region_exit) refers to app_util_platform.o(i.app_util_enable_irq) for app_util_enable_irq
    app_util_platform.o(i.app_util_disable_irq) refers to app_util_platform.o(.data) for .data
    app_util_platform.o(i.app_util_enable_irq) refers to app_util_platform.o(.data) for .data
    nrf_assert.o(i.assert_nrf_callback) refers to main.o(i.app_error_fault_handler) for app_error_fault_handler
    segger_rtt.o(i.SEGGER_RTT_ConfigDownBuffer) refers to segger_rtt.o(i._DoInit) for _DoInit
    segger_rtt.o(i.SEGGER_RTT_ConfigDownBuffer) refers to app_util_platform.o(i.app_util_critical_region_enter) for app_util_critical_region_enter
    segger_rtt.o(i.SEGGER_RTT_ConfigDownBuffer) refers to app_util_platform.o(i.app_util_critical_region_exit) for app_util_critical_region_exit
    segger_rtt.o(i.SEGGER_RTT_ConfigDownBuffer) refers to segger_rtt.o(.bss) for .bss
    segger_rtt.o(i.SEGGER_RTT_ConfigUpBuffer) refers to segger_rtt.o(i._DoInit) for _DoInit
    segger_rtt.o(i.SEGGER_RTT_ConfigUpBuffer) refers to app_util_platform.o(i.app_util_critical_region_enter) for app_util_critical_region_enter
    segger_rtt.o(i.SEGGER_RTT_ConfigUpBuffer) refers to app_util_platform.o(i.app_util_critical_region_exit) for app_util_critical_region_exit
    segger_rtt.o(i.SEGGER_RTT_ConfigUpBuffer) refers to segger_rtt.o(.bss) for .bss
    segger_rtt.o(i.SEGGER_RTT_GetKey) refers to segger_rtt.o(i.SEGGER_RTT_Read) for SEGGER_RTT_Read
    segger_rtt.o(i.SEGGER_RTT_HasData) refers to segger_rtt.o(.bss) for .bss
    segger_rtt.o(i.SEGGER_RTT_HasKey) refers to segger_rtt.o(i._DoInit) for _DoInit
    segger_rtt.o(i.SEGGER_RTT_HasKey) refers to segger_rtt.o(.bss) for .bss
    segger_rtt.o(i.SEGGER_RTT_Init) refers to segger_rtt.o(i._DoInit) for _DoInit
    segger_rtt.o(i.SEGGER_RTT_Init) refers to segger_rtt.o(.bss) for .bss
    segger_rtt.o(i.SEGGER_RTT_Read) refers to app_util_platform.o(i.app_util_critical_region_enter) for app_util_critical_region_enter
    segger_rtt.o(i.SEGGER_RTT_Read) refers to segger_rtt.o(i.SEGGER_RTT_ReadNoLock) for SEGGER_RTT_ReadNoLock
    segger_rtt.o(i.SEGGER_RTT_Read) refers to app_util_platform.o(i.app_util_critical_region_exit) for app_util_critical_region_exit
    segger_rtt.o(i.SEGGER_RTT_ReadNoLock) refers to segger_rtt.o(i._DoInit) for _DoInit
    segger_rtt.o(i.SEGGER_RTT_ReadNoLock) refers to memcpya.o(.text) for __aeabi_memcpy
    segger_rtt.o(i.SEGGER_RTT_ReadNoLock) refers to segger_rtt.o(.bss) for .bss
    segger_rtt.o(i.SEGGER_RTT_SetNameDownBuffer) refers to segger_rtt.o(i._DoInit) for _DoInit
    segger_rtt.o(i.SEGGER_RTT_SetNameDownBuffer) refers to app_util_platform.o(i.app_util_critical_region_enter) for app_util_critical_region_enter
    segger_rtt.o(i.SEGGER_RTT_SetNameDownBuffer) refers to app_util_platform.o(i.app_util_critical_region_exit) for app_util_critical_region_exit
    segger_rtt.o(i.SEGGER_RTT_SetNameDownBuffer) refers to segger_rtt.o(.bss) for .bss
    segger_rtt.o(i.SEGGER_RTT_SetNameUpBuffer) refers to segger_rtt.o(i._DoInit) for _DoInit
    segger_rtt.o(i.SEGGER_RTT_SetNameUpBuffer) refers to app_util_platform.o(i.app_util_critical_region_enter) for app_util_critical_region_enter
    segger_rtt.o(i.SEGGER_RTT_SetNameUpBuffer) refers to app_util_platform.o(i.app_util_critical_region_exit) for app_util_critical_region_exit
    segger_rtt.o(i.SEGGER_RTT_SetNameUpBuffer) refers to segger_rtt.o(.bss) for .bss
    segger_rtt.o(i.SEGGER_RTT_SetTerminal) refers to segger_rtt.o(i._DoInit) for _DoInit
    segger_rtt.o(i.SEGGER_RTT_SetTerminal) refers to app_util_platform.o(i.app_util_critical_region_enter) for app_util_critical_region_enter
    segger_rtt.o(i.SEGGER_RTT_SetTerminal) refers to segger_rtt.o(i._GetAvailWriteSpace) for _GetAvailWriteSpace
    segger_rtt.o(i.SEGGER_RTT_SetTerminal) refers to segger_rtt.o(i._WriteNoCheck) for _WriteNoCheck
    segger_rtt.o(i.SEGGER_RTT_SetTerminal) refers to segger_rtt.o(i._WriteBlocking) for _WriteBlocking
    segger_rtt.o(i.SEGGER_RTT_SetTerminal) refers to app_util_platform.o(i.app_util_critical_region_exit) for app_util_critical_region_exit
    segger_rtt.o(i.SEGGER_RTT_SetTerminal) refers to segger_rtt.o(.bss) for .bss
    segger_rtt.o(i.SEGGER_RTT_SetTerminal) refers to segger_rtt.o(.data) for .data
    segger_rtt.o(i.SEGGER_RTT_TerminalOut) refers to segger_rtt.o(i._DoInit) for _DoInit
    segger_rtt.o(i.SEGGER_RTT_TerminalOut) refers to strlen.o(.text) for strlen
    segger_rtt.o(i.SEGGER_RTT_TerminalOut) refers to app_util_platform.o(i.app_util_critical_region_enter) for app_util_critical_region_enter
    segger_rtt.o(i.SEGGER_RTT_TerminalOut) refers to segger_rtt.o(i._GetAvailWriteSpace) for _GetAvailWriteSpace
    segger_rtt.o(i.SEGGER_RTT_TerminalOut) refers to segger_rtt.o(i._PostTerminalSwitch) for _PostTerminalSwitch
    segger_rtt.o(i.SEGGER_RTT_TerminalOut) refers to segger_rtt.o(i._WriteBlocking) for _WriteBlocking
    segger_rtt.o(i.SEGGER_RTT_TerminalOut) refers to app_util_platform.o(i.app_util_critical_region_exit) for app_util_critical_region_exit
    segger_rtt.o(i.SEGGER_RTT_TerminalOut) refers to segger_rtt.o(.bss) for .bss
    segger_rtt.o(i.SEGGER_RTT_TerminalOut) refers to segger_rtt.o(.data) for .data
    segger_rtt.o(i.SEGGER_RTT_WaitKey) refers to segger_rtt.o(i.SEGGER_RTT_GetKey) for SEGGER_RTT_GetKey
    segger_rtt.o(i.SEGGER_RTT_Write) refers to segger_rtt.o(i._DoInit) for _DoInit
    segger_rtt.o(i.SEGGER_RTT_Write) refers to app_util_platform.o(i.app_util_critical_region_enter) for app_util_critical_region_enter
    segger_rtt.o(i.SEGGER_RTT_Write) refers to segger_rtt.o(i.SEGGER_RTT_WriteNoLock) for SEGGER_RTT_WriteNoLock
    segger_rtt.o(i.SEGGER_RTT_Write) refers to app_util_platform.o(i.app_util_critical_region_exit) for app_util_critical_region_exit
    segger_rtt.o(i.SEGGER_RTT_Write) refers to segger_rtt.o(.bss) for .bss
    segger_rtt.o(i.SEGGER_RTT_WriteNoLock) refers to segger_rtt.o(i._GetAvailWriteSpace) for _GetAvailWriteSpace
    segger_rtt.o(i.SEGGER_RTT_WriteNoLock) refers to segger_rtt.o(i._WriteNoCheck) for _WriteNoCheck
    segger_rtt.o(i.SEGGER_RTT_WriteNoLock) refers to segger_rtt.o(i._WriteBlocking) for _WriteBlocking
    segger_rtt.o(i.SEGGER_RTT_WriteNoLock) refers to segger_rtt.o(.bss) for .bss
    segger_rtt.o(i.SEGGER_RTT_WriteSkipNoLock) refers to memcpya.o(.text) for __aeabi_memcpy
    segger_rtt.o(i.SEGGER_RTT_WriteSkipNoLock) refers to segger_rtt.o(.bss) for .bss
    segger_rtt.o(i.SEGGER_RTT_WriteString) refers to strlen.o(.text) for strlen
    segger_rtt.o(i.SEGGER_RTT_WriteString) refers to segger_rtt.o(i.SEGGER_RTT_Write) for SEGGER_RTT_Write
    segger_rtt.o(i._DoInit) refers to strcpy.o(.text) for strcpy
    segger_rtt.o(i._DoInit) refers to segger_rtt.o(.bss) for .bss
    segger_rtt.o(i._PostTerminalSwitch) refers to segger_rtt.o(i._WriteBlocking) for _WriteBlocking
    segger_rtt.o(i._PostTerminalSwitch) refers to segger_rtt.o(.data) for .data
    segger_rtt.o(i._WriteBlocking) refers to memcpya.o(.text) for __aeabi_memcpy
    segger_rtt.o(i._WriteNoCheck) refers to memcpya.o(.text) for __aeabi_memcpy
    arm_startup_nrf52.o(RESET) refers to arm_startup_nrf52.o(STACK) for __initial_sp
    arm_startup_nrf52.o(RESET) refers to arm_startup_nrf52.o(.text) for Reset_Handler
    arm_startup_nrf52.o(RESET) refers to nrf_drv_uart.o(i.UARTE0_UART0_IRQHandler) for UARTE0_UART0_IRQHandler
    arm_startup_nrf52.o(RESET) refers to nrf_drv_gpiote.o(i.GPIOTE_IRQHandler) for GPIOTE_IRQHandler
    arm_startup_nrf52.o(RESET) refers to nrf_drv_timer.o(i.TIMER1_IRQHandler) for TIMER1_IRQHandler
    arm_startup_nrf52.o(RESET) refers to app_timer.o(i.RTC1_IRQHandler) for RTC1_IRQHandler
    arm_startup_nrf52.o(RESET) refers to app_timer.o(i.SWI0_EGU0_IRQHandler) for SWI0_EGU0_IRQHandler
    arm_startup_nrf52.o(.text) refers to system_nrf52.o(i.SystemInit) for SystemInit
    arm_startup_nrf52.o(.text) refers to entry.o(.ARM.Collect$$$$00000000) for __main
    system_nrf52.o(i.SystemCoreClockUpdate) refers to system_nrf52.o(.data) for .data
    system_nrf52.o(i.SystemInit) refers to system_nrf52.o(.data) for .data
    entry.o(.ARM.Collect$$$$00000000) refers (Special) to entry10a.o(.ARM.Collect$$$$0000000D) for __rt_final_cpp
    entry.o(.ARM.Collect$$$$00000000) refers (Special) to entry11a.o(.ARM.Collect$$$$0000000F) for __rt_final_exit
    entry.o(.ARM.Collect$$$$00000000) refers (Special) to entry7b.o(.ARM.Collect$$$$00000008) for _main_clock
    entry.o(.ARM.Collect$$$$00000000) refers (Special) to entry8b.o(.ARM.Collect$$$$0000000A) for _main_cpp_init
    entry.o(.ARM.Collect$$$$00000000) refers (Special) to entry9a.o(.ARM.Collect$$$$0000000B) for _main_init
    entry.o(.ARM.Collect$$$$00000000) refers (Special) to entry5.o(.ARM.Collect$$$$00000004) for _main_scatterload
    entry.o(.ARM.Collect$$$$00000000) refers (Special) to entry2.o(.ARM.Collect$$$$00000001) for _main_stk
    entry2.o(.ARM.Collect$$$$00000001) refers to entry2.o(.ARM.Collect$$$$00002712) for __lit__00000000
    entry2.o(.ARM.Collect$$$$00002712) refers to arm_startup_nrf52.o(STACK) for __initial_sp
    entry2.o(__vectab_stack_and_reset_area) refers to arm_startup_nrf52.o(STACK) for __initial_sp
    entry2.o(__vectab_stack_and_reset_area) refers to entry.o(.ARM.Collect$$$$00000000) for __main
    entry5.o(.ARM.Collect$$$$00000004) refers to init.o(.text) for __scatterload
    entry9a.o(.ARM.Collect$$$$0000000B) refers to main.o(i.main) for main
    entry9b.o(.ARM.Collect$$$$0000000C) refers to main.o(i.main) for main
    init.o(.text) refers to entry5.o(.ARM.Collect$$$$00000004) for __main_after_scatterload


==============================================================================

Removing Unused input sections from the image.

    Removing main.o(.rev16_text), (4 bytes).
    Removing main.o(.revsh_text), (4 bytes).
    Removing main.o(.rrx_text), (6 bytes).
    Removing boards.o(.rev16_text), (4 bytes).
    Removing boards.o(.revsh_text), (4 bytes).
    Removing boards.o(.rrx_text), (6 bytes).
    Removing boards.o(i.bsp_board_button_idx_to_pin), (12 bytes).
    Removing boards.o(i.bsp_board_button_state_get), (32 bytes).
    Removing boards.o(i.bsp_board_buttons_init), (36 bytes).
    Removing boards.o(i.bsp_board_led_idx_to_pin), (12 bytes).
    Removing boards.o(i.bsp_board_led_state_get), (32 bytes).
    Removing boards.o(i.bsp_board_leds_on), (18 bytes).
    Removing boards.o(i.bsp_board_pin_to_button_idx), (36 bytes).
    Removing boards.o(i.bsp_board_pin_to_led_idx), (36 bytes).
    Removing bsp.o(.rev16_text), (4 bytes).
    Removing bsp.o(.revsh_text), (4 bytes).
    Removing bsp.o(.rrx_text), (6 bytes).
    Removing bsp.o(i.alert_timer_handler), (6 bytes).
    Removing bsp.o(i.bsp_button_event_handler), (148 bytes).
    Removing bsp.o(i.bsp_button_is_pressed), (4 bytes).
    Removing bsp.o(i.bsp_buttons_disable), (4 bytes).
    Removing bsp.o(i.bsp_buttons_enable), (4 bytes).
    Removing bsp.o(i.bsp_event_to_button_action_assign), (68 bytes).
    Removing bsp.o(i.bsp_indication_set), (24 bytes).
    Removing bsp.o(i.bsp_init), (152 bytes).
    Removing bsp.o(i.bsp_led_indication), (372 bytes).
    Removing bsp.o(i.bsp_wakeup_button_disable), (16 bytes).
    Removing bsp.o(i.bsp_wakeup_button_enable), (16 bytes).
    Removing bsp.o(i.button_timer_handler), (8 bytes).
    Removing bsp.o(i.leds_timer_handler), (20 bytes).
    Removing bsp.o(i.nrf_gpio_cfg_sense_set), (34 bytes).
    Removing bsp.o(.bss), (32 bytes).
    Removing bsp.o(.bss), (32 bytes).
    Removing bsp.o(.bss), (12 bytes).
    Removing bsp.o(.bss), (32 bytes).
    Removing bsp.o(.constdata), (44 bytes).
    Removing bsp.o(.data), (20 bytes).
    Removing bsp_nfc.o(.rev16_text), (4 bytes).
    Removing bsp_nfc.o(.revsh_text), (4 bytes).
    Removing bsp_nfc.o(.rrx_text), (6 bytes).
    Removing bsp_nfc.o(i.bsp_nfc_btn_deinit), (8 bytes).
    Removing bsp_nfc.o(i.bsp_nfc_btn_init), (8 bytes).
    Removing bsp_nfc.o(i.bsp_nfc_sleep_mode_prepare), (16 bytes).
    Removing nrf_drv_common.o(.rev16_text), (4 bytes).
    Removing nrf_drv_common.o(.revsh_text), (4 bytes).
    Removing nrf_drv_common.o(.rrx_text), (6 bytes).
    Removing nrf_drv_gpiote.o(.rev16_text), (4 bytes).
    Removing nrf_drv_gpiote.o(.revsh_text), (4 bytes).
    Removing nrf_drv_gpiote.o(.rrx_text), (6 bytes).
    Removing nrf_drv_gpiote.o(i.channel_free), (28 bytes).
    Removing nrf_drv_gpiote.o(i.channel_port_alloc), (72 bytes).
    Removing nrf_drv_gpiote.o(i.nrf_drv_gpiote_clr_task_addr_get), (24 bytes).
    Removing nrf_drv_gpiote.o(i.nrf_drv_gpiote_clr_task_trigger), (28 bytes).
    Removing nrf_drv_gpiote.o(i.nrf_drv_gpiote_in_event_addr_get), (40 bytes).
    Removing nrf_drv_gpiote.o(i.nrf_drv_gpiote_in_event_disable), (72 bytes).
    Removing nrf_drv_gpiote.o(i.nrf_drv_gpiote_in_event_enable), (164 bytes).
    Removing nrf_drv_gpiote.o(i.nrf_drv_gpiote_in_init), (184 bytes).
    Removing nrf_drv_gpiote.o(i.nrf_drv_gpiote_in_is_set), (20 bytes).
    Removing nrf_drv_gpiote.o(i.nrf_drv_gpiote_in_uninit), (72 bytes).
    Removing nrf_drv_gpiote.o(i.nrf_drv_gpiote_init), (92 bytes).
    Removing nrf_drv_gpiote.o(i.nrf_drv_gpiote_is_init), (20 bytes).
    Removing nrf_drv_gpiote.o(i.nrf_drv_gpiote_out_clear), (14 bytes).
    Removing nrf_drv_gpiote.o(i.nrf_drv_gpiote_out_init), (184 bytes).
    Removing nrf_drv_gpiote.o(i.nrf_drv_gpiote_out_set), (14 bytes).
    Removing nrf_drv_gpiote.o(i.nrf_drv_gpiote_out_task_addr_get), (20 bytes).
    Removing nrf_drv_gpiote.o(i.nrf_drv_gpiote_out_task_disable), (36 bytes).
    Removing nrf_drv_gpiote.o(i.nrf_drv_gpiote_out_task_enable), (36 bytes).
    Removing nrf_drv_gpiote.o(i.nrf_drv_gpiote_out_task_force), (40 bytes).
    Removing nrf_drv_gpiote.o(i.nrf_drv_gpiote_out_task_trigger), (24 bytes).
    Removing nrf_drv_gpiote.o(i.nrf_drv_gpiote_out_toggle), (28 bytes).
    Removing nrf_drv_gpiote.o(i.nrf_drv_gpiote_out_uninit), (68 bytes).
    Removing nrf_drv_gpiote.o(i.nrf_drv_gpiote_set_task_addr_get), (24 bytes).
    Removing nrf_drv_gpiote.o(i.nrf_drv_gpiote_set_task_trigger), (28 bytes).
    Removing nrf_drv_gpiote.o(i.nrf_drv_gpiote_uninit), (56 bytes).
    Removing nrf_drv_gpiote.o(i.nrf_gpio_cfg), (36 bytes).
    Removing nrf_drv_gpiote.o(i.nrf_gpio_cfg_default), (18 bytes).
    Removing nrf_drv_gpiote.o(i.pin_in_use_by_port), (24 bytes).
    Removing nrf_drv_gpiote.o(i.pin_in_use_by_te), (24 bytes).
    Removing nrf_drv_gpiote.o(.constdata), (20 bytes).
    Removing nrf_drv_gpiote.o(.constdata), (24 bytes).
    Removing nrf_drv_gpiote.o(.constdata), (23 bytes).
    Removing nrf_drv_timer.o(.rev16_text), (4 bytes).
    Removing nrf_drv_timer.o(.revsh_text), (4 bytes).
    Removing nrf_drv_timer.o(.rrx_text), (6 bytes).
    Removing nrf_drv_timer.o(i.nrf_drv_timer_capture), (30 bytes).
    Removing nrf_drv_timer.o(i.nrf_drv_timer_compare_int_disable), (14 bytes).
    Removing nrf_drv_timer.o(i.nrf_drv_timer_compare_int_enable), (36 bytes).
    Removing nrf_drv_timer.o(i.nrf_drv_timer_disable), (28 bytes).
    Removing nrf_drv_timer.o(i.nrf_drv_timer_increment), (8 bytes).
    Removing nrf_drv_timer.o(i.nrf_drv_timer_uninit), (96 bytes).
    Removing nrf_drv_timer.o(.constdata), (19 bytes).
    Removing nrf_drv_uart.o(.rev16_text), (4 bytes).
    Removing nrf_drv_uart.o(.revsh_text), (4 bytes).
    Removing nrf_drv_uart.o(.rrx_text), (6 bytes).
    Removing nrf_drv_uart.o(i.apply_config), (184 bytes).
    Removing nrf_drv_uart.o(i.interrupts_enable), (120 bytes).
    Removing nrf_drv_uart.o(i.nrf_drv_common_irq_disable), (22 bytes).
    Removing nrf_drv_uart.o(i.nrf_drv_get_IRQn), (6 bytes).
    Removing nrf_drv_uart.o(i.nrf_drv_is_in_RAM), (16 bytes).
    Removing nrf_drv_uart.o(i.nrf_drv_uart_errorsrc_get), (48 bytes).
    Removing nrf_drv_uart.o(i.nrf_drv_uart_init), (104 bytes).
    Removing nrf_drv_uart.o(i.nrf_drv_uart_rx), (176 bytes).
    Removing nrf_drv_uart.o(i.nrf_drv_uart_rx_abort), (40 bytes).
    Removing nrf_drv_uart.o(i.nrf_drv_uart_rx_disable), (36 bytes).
    Removing nrf_drv_uart.o(i.nrf_drv_uart_rx_enable), (48 bytes).
    Removing nrf_drv_uart.o(i.nrf_drv_uart_rx_for_uart), (168 bytes).
    Removing nrf_drv_uart.o(i.nrf_drv_uart_rx_for_uarte), (176 bytes).
    Removing nrf_drv_uart.o(i.nrf_drv_uart_tx), (268 bytes).
    Removing nrf_drv_uart.o(i.nrf_drv_uart_tx_abort), (88 bytes).
    Removing nrf_drv_uart.o(i.nrf_drv_uart_tx_in_progress), (24 bytes).
    Removing nrf_drv_uart.o(i.nrf_drv_uart_uninit), (84 bytes).
    Removing nrf_drv_uart.o(i.nrf_gpio_cfg), (36 bytes).
    Removing nrf_drv_uart.o(i.nrf_gpio_cfg_default), (18 bytes).
    Removing nrf_drv_uart.o(i.nrf_gpio_cfg_input), (18 bytes).
    Removing nrf_drv_uart.o(i.nrf_gpio_cfg_output), (20 bytes).
    Removing nrf_drv_uart.o(i.pins_to_default), (120 bytes).
    Removing nrf_drv_uart.o(i.rx_enable), (32 bytes).
    Removing nrf_drv_uart.o(.constdata), (18 bytes).
    Removing nrf_drv_uart.o(.constdata), (25 bytes).
    Removing nrf_drv_uart.o(.constdata), (26 bytes).
    Removing nrf_drv_uart.o(.constdata), (16 bytes).
    Removing nrf_drv_uart.o(.constdata), (25 bytes).
    Removing nrf_drv_uart.o(.constdata), (26 bytes).
    Removing nrf_drv_uart.o(.constdata), (16 bytes).
    Removing nrf_nvic.o(.rev16_text), (4 bytes).
    Removing nrf_nvic.o(.revsh_text), (4 bytes).
    Removing nrf_nvic.o(.rrx_text), (6 bytes).
    Removing nrf_nvic.o(i.sd_nvic_ClearPendingIRQ), (24 bytes).
    Removing nrf_nvic.o(i.sd_nvic_DisableIRQ), (24 bytes).
    Removing nrf_nvic.o(i.sd_nvic_EnableIRQ), (24 bytes).
    Removing nrf_nvic.o(i.sd_nvic_GetPendingIRQ), (42 bytes).
    Removing nrf_nvic.o(i.sd_nvic_GetPriority), (40 bytes).
    Removing nrf_nvic.o(i.sd_nvic_SetPendingIRQ), (24 bytes).
    Removing nrf_nvic.o(i.sd_nvic_SetPriority), (34 bytes).
    Removing nrf_nvic.o(i.sd_nvic_SystemReset), (36 bytes).
    Removing nrf_nvic.o(i.sd_nvic_critical_region_enter), (28 bytes).
    Removing nrf_nvic.o(i.sd_nvic_critical_region_exit), (24 bytes).
    Removing nrf_nvic.o(.data), (1 bytes).
    Removing nrf_soc.o(.rev16_text), (4 bytes).
    Removing nrf_soc.o(.revsh_text), (4 bytes).
    Removing nrf_soc.o(.rrx_text), (6 bytes).
    Removing nrf_soc.o(i.sd_app_evt_wait), (6 bytes).
    Removing app_button.o(.rev16_text), (4 bytes).
    Removing app_button.o(.revsh_text), (4 bytes).
    Removing app_button.o(.rrx_text), (6 bytes).
    Removing app_button.o(i.app_button_disable), (48 bytes).
    Removing app_button.o(i.app_button_enable), (36 bytes).
    Removing app_button.o(i.app_button_init), (112 bytes).
    Removing app_button.o(i.app_button_is_pushed), (36 bytes).
    Removing app_button.o(i.detection_delay_timeout_handler), (96 bytes).
    Removing app_button.o(i.gpiote_event_handler), (88 bytes).
    Removing app_button.o(.bss), (32 bytes).
    Removing app_button.o(.constdata), (8 bytes).
    Removing app_button.o(.data), (20 bytes).
    Removing app_error.o(.rev16_text), (4 bytes).
    Removing app_error.o(.revsh_text), (4 bytes).
    Removing app_error.o(.rrx_text), (6 bytes).
    Removing app_error.o(i.app_error_handler), (24 bytes).
    Removing app_error.o(i.app_error_save_and_stop), (100 bytes).
    Removing app_error.o(.bss), (32 bytes).
    Removing app_error_weak.o(.rev16_text), (4 bytes).
    Removing app_error_weak.o(.revsh_text), (4 bytes).
    Removing app_error_weak.o(.rrx_text), (6 bytes).
    Removing app_error_weak.o(i.app_error_fault_handler), (36 bytes).
    Removing app_simple_timer.o(.rev16_text), (4 bytes).
    Removing app_simple_timer.o(.revsh_text), (4 bytes).
    Removing app_simple_timer.o(.rrx_text), (6 bytes).
    Removing app_simple_timer.o(i.app_simple_timer_uninit), (32 bytes).
    Removing app_timer.o(.rev16_text), (4 bytes).
    Removing app_timer.o(.revsh_text), (4 bytes).
    Removing app_timer.o(.rrx_text), (6 bytes).
    Removing app_timer.o(i.NVIC_SetPriority), (32 bytes).
    Removing app_timer.o(i.app_timer_cnt_diff_compute), (12 bytes).
    Removing app_timer.o(i.app_timer_cnt_get), (12 bytes).
    Removing app_timer.o(i.app_timer_create), (36 bytes).
    Removing app_timer.o(i.app_timer_init), (112 bytes).
    Removing app_timer.o(i.app_timer_start), (128 bytes).
    Removing app_timer.o(i.app_timer_stop), (32 bytes).
    Removing app_timer.o(i.app_timer_stop_all), (24 bytes).
    Removing app_timer.o(i.timer_stop_op_schedule), (64 bytes).
    Removing app_timer.o(i.user_op_alloc), (48 bytes).
    Removing app_util_platform.o(.rev16_text), (4 bytes).
    Removing app_util_platform.o(.revsh_text), (4 bytes).
    Removing app_util_platform.o(.rrx_text), (6 bytes).
    Removing app_util_platform.o(i.app_util_critical_region_enter), (4 bytes).
    Removing app_util_platform.o(i.app_util_critical_region_exit), (4 bytes).
    Removing app_util_platform.o(i.app_util_disable_irq), (16 bytes).
    Removing app_util_platform.o(i.app_util_enable_irq), (20 bytes).
    Removing app_util_platform.o(.data), (4 bytes).
    Removing nrf_assert.o(.rev16_text), (4 bytes).
    Removing nrf_assert.o(.revsh_text), (4 bytes).
    Removing nrf_assert.o(.rrx_text), (6 bytes).
    Removing nrf_assert.o(i.assert_nrf_callback), (22 bytes).
    Removing nrf_log_backend_serial.o(.rev16_text), (4 bytes).
    Removing nrf_log_backend_serial.o(.revsh_text), (4 bytes).
    Removing nrf_log_backend_serial.o(.rrx_text), (6 bytes).
    Removing nrf_log_frontend.o(.rev16_text), (4 bytes).
    Removing nrf_log_frontend.o(.revsh_text), (4 bytes).
    Removing nrf_log_frontend.o(.rrx_text), (6 bytes).
    Removing segger_rtt.o(.rev16_text), (4 bytes).
    Removing segger_rtt.o(.revsh_text), (4 bytes).
    Removing segger_rtt.o(.rrx_text), (6 bytes).
    Removing segger_rtt.o(i.SEGGER_RTT_ConfigDownBuffer), (92 bytes).
    Removing segger_rtt.o(i.SEGGER_RTT_ConfigUpBuffer), (92 bytes).
    Removing segger_rtt.o(i.SEGGER_RTT_GetKey), (28 bytes).
    Removing segger_rtt.o(i.SEGGER_RTT_HasData), (24 bytes).
    Removing segger_rtt.o(i.SEGGER_RTT_HasKey), (32 bytes).
    Removing segger_rtt.o(i.SEGGER_RTT_Init), (20 bytes).
    Removing segger_rtt.o(i.SEGGER_RTT_Read), (38 bytes).
    Removing segger_rtt.o(i.SEGGER_RTT_ReadNoLock), (124 bytes).
    Removing segger_rtt.o(i.SEGGER_RTT_SetNameDownBuffer), (60 bytes).
    Removing segger_rtt.o(i.SEGGER_RTT_SetNameUpBuffer), (60 bytes).
    Removing segger_rtt.o(i.SEGGER_RTT_SetTerminal), (132 bytes).
    Removing segger_rtt.o(i.SEGGER_RTT_TerminalOut), (172 bytes).
    Removing segger_rtt.o(i.SEGGER_RTT_WaitKey), (14 bytes).
    Removing segger_rtt.o(i.SEGGER_RTT_Write), (52 bytes).
    Removing segger_rtt.o(i.SEGGER_RTT_WriteNoLock), (92 bytes).
    Removing segger_rtt.o(i.SEGGER_RTT_WriteSkipNoLock), (116 bytes).
    Removing segger_rtt.o(i.SEGGER_RTT_WriteString), (26 bytes).
    Removing segger_rtt.o(i._DoInit), (104 bytes).
    Removing segger_rtt.o(i._GetAvailWriteSpace), (22 bytes).
    Removing segger_rtt.o(i._PostTerminalSwitch), (32 bytes).
    Removing segger_rtt.o(i._WriteBlocking), (90 bytes).
    Removing segger_rtt.o(i._WriteNoCheck), (62 bytes).
    Removing segger_rtt.o(.bss), (200 bytes).
    Removing segger_rtt.o(.data), (17 bytes).
    Removing arm_startup_nrf52.o(HEAP), (8192 bytes).
    Removing system_nrf52.o(.rev16_text), (4 bytes).
    Removing system_nrf52.o(.revsh_text), (4 bytes).
    Removing system_nrf52.o(.rrx_text), (6 bytes).
    Removing system_nrf52.o(i.SystemCoreClockUpdate), (16 bytes).

231 unused section(s) (total 16866 bytes) removed from the image.

==============================================================================

Image Symbol Table

    Local Symbols

    Symbol Name                              Value     Ov Type        Size  Object(Section)

    RESET                                    0x00000000   Section     1024  arm_startup_nrf52.o(RESET)
    ../clib/microlib/init/entry.s            0x00000000   Number         0  entry7b.o ABSOLUTE
    ../clib/microlib/init/entry.s            0x00000000   Number         0  entry11b.o ABSOLUTE
    ../clib/microlib/init/entry.s            0x00000000   Number         0  entry10b.o ABSOLUTE
    ../clib/microlib/init/entry.s            0x00000000   Number         0  entry.o ABSOLUTE
    ../clib/microlib/init/entry.s            0x00000000   Number         0  entry2.o ABSOLUTE
    ../clib/microlib/init/entry.s            0x00000000   Number         0  entry7a.o ABSOLUTE
    ../clib/microlib/init/entry.s            0x00000000   Number         0  entry10a.o ABSOLUTE
    ../clib/microlib/init/entry.s            0x00000000   Number         0  entry9b.o ABSOLUTE
    ../clib/microlib/init/entry.s            0x00000000   Number         0  entry11a.o ABSOLUTE
    ../clib/microlib/init/entry.s            0x00000000   Number         0  entry9a.o ABSOLUTE
    ../clib/microlib/init/entry.s            0x00000000   Number         0  entry5.o ABSOLUTE
    ../clib/microlib/init/entry.s            0x00000000   Number         0  entry8b.o ABSOLUTE
    ../clib/microlib/init/entry.s            0x00000000   Number         0  entry8a.o ABSOLUTE
    ../clib/microlib/string/memcpy.c         0x00000000   Number         0  memcpyb.o ABSOLUTE
    ../clib/microlib/string/memcpy.c         0x00000000   Number         0  memcpya.o ABSOLUTE
    ../clib/microlib/string/strcpy.c         0x00000000   Number         0  strcpy.o ABSOLUTE
    ../clib/microlib/string/strlen.c         0x00000000   Number         0  strlen.o ABSOLUTE
    ..\..\..\..\..\..\components\boards\boards.c 0x00000000   Number         0  boards.o ABSOLUTE
    ..\..\..\..\..\..\components\drivers_nrf\common\nrf_drv_common.c 0x00000000   Number         0  nrf_drv_common.o ABSOLUTE
    ..\..\..\..\..\..\components\drivers_nrf\gpiote\nrf_drv_gpiote.c 0x00000000   Number         0  nrf_drv_gpiote.o ABSOLUTE
    ..\..\..\..\..\..\components\drivers_nrf\nrf_soc_nosd\nrf_nvic.c 0x00000000   Number         0  nrf_nvic.o ABSOLUTE
    ..\..\..\..\..\..\components\drivers_nrf\nrf_soc_nosd\nrf_soc.c 0x00000000   Number         0  nrf_soc.o ABSOLUTE
    ..\..\..\..\..\..\components\drivers_nrf\timer\nrf_drv_timer.c 0x00000000   Number         0  nrf_drv_timer.o ABSOLUTE
    ..\..\..\..\..\..\components\drivers_nrf\uart\nrf_drv_uart.c 0x00000000   Number         0  nrf_drv_uart.o ABSOLUTE
    ..\..\..\..\..\..\components\libraries\bsp\bsp.c 0x00000000   Number         0  bsp.o ABSOLUTE
    ..\..\..\..\..\..\components\libraries\bsp\bsp_nfc.c 0x00000000   Number         0  bsp_nfc.o ABSOLUTE
    ..\..\..\..\..\..\components\libraries\button\app_button.c 0x00000000   Number         0  app_button.o ABSOLUTE
    ..\..\..\..\..\..\components\libraries\log\src\nrf_log_backend_serial.c 0x00000000   Number         0  nrf_log_backend_serial.o ABSOLUTE
    ..\..\..\..\..\..\components\libraries\log\src\nrf_log_frontend.c 0x00000000   Number         0  nrf_log_frontend.o ABSOLUTE
    ..\..\..\..\..\..\components\libraries\simple_timer\app_simple_timer.c 0x00000000   Number         0  app_simple_timer.o ABSOLUTE
    ..\..\..\..\..\..\components\libraries\timer\app_timer.c 0x00000000   Number         0  app_timer.o ABSOLUTE
    ..\..\..\..\..\..\components\libraries\util\app_error.c 0x00000000   Number         0  app_error.o ABSOLUTE
    ..\..\..\..\..\..\components\libraries\util\app_error_weak.c 0x00000000   Number         0  app_error_weak.o ABSOLUTE
    ..\..\..\..\..\..\components\libraries\util\app_util_platform.c 0x00000000   Number         0  app_util_platform.o ABSOLUTE
    ..\..\..\..\..\..\components\libraries\util\nrf_assert.c 0x00000000   Number         0  nrf_assert.o ABSOLUTE
    ..\..\..\..\..\..\components\libraries\util\sdk_errors.c 0x00000000   Number         0  sdk_errors.o ABSOLUTE
    ..\..\..\..\..\..\external\segger_rtt\RTT_Syscalls_KEIL.c 0x00000000   Number         0  rtt_syscalls_keil.o ABSOLUTE
    ..\..\..\..\..\..\external\segger_rtt\SEGGER_RTT.c 0x00000000   Number         0  segger_rtt.o ABSOLUTE
    ..\..\..\..\..\..\external\segger_rtt\SEGGER_RTT_printf.c 0x00000000   Number         0  segger_rtt_printf.o ABSOLUTE
    ..\..\..\main.c                          0x00000000   Number         0  main.o ABSOLUTE
    ..\\..\\..\\..\\..\\..\\components\\boards\\boards.c 0x00000000   Number         0  boards.o ABSOLUTE
    ..\\..\\..\\..\\..\\..\\components\\drivers_nrf\\common\\nrf_drv_common.c 0x00000000   Number         0  nrf_drv_common.o ABSOLUTE
    ..\\..\\..\\..\\..\\..\\components\\drivers_nrf\\gpiote\\nrf_drv_gpiote.c 0x00000000   Number         0  nrf_drv_gpiote.o ABSOLUTE
    ..\\..\\..\\..\\..\\..\\components\\drivers_nrf\\nrf_soc_nosd\\nrf_nvic.c 0x00000000   Number         0  nrf_nvic.o ABSOLUTE
    ..\\..\\..\\..\\..\\..\\components\\drivers_nrf\\nrf_soc_nosd\\nrf_soc.c 0x00000000   Number         0  nrf_soc.o ABSOLUTE
    ..\\..\\..\\..\\..\\..\\components\\drivers_nrf\\timer\\nrf_drv_timer.c 0x00000000   Number         0  nrf_drv_timer.o ABSOLUTE
    ..\\..\\..\\..\\..\\..\\components\\drivers_nrf\\uart\\nrf_drv_uart.c 0x00000000   Number         0  nrf_drv_uart.o ABSOLUTE
    ..\\..\\..\\..\\..\\..\\components\\libraries\\bsp\\bsp.c 0x00000000   Number         0  bsp.o ABSOLUTE
    ..\\..\\..\\..\\..\\..\\components\\libraries\\bsp\\bsp_nfc.c 0x00000000   Number         0  bsp_nfc.o ABSOLUTE
    ..\\..\\..\\..\\..\\..\\components\\libraries\\button\\app_button.c 0x00000000   Number         0  app_button.o ABSOLUTE
    ..\\..\\..\\..\\..\\..\\components\\libraries\\log\\src\\nrf_log_backend_serial.c 0x00000000   Number         0  nrf_log_backend_serial.o ABSOLUTE
    ..\\..\\..\\..\\..\\..\\components\\libraries\\log\\src\\nrf_log_frontend.c 0x00000000   Number         0  nrf_log_frontend.o ABSOLUTE
    ..\\..\\..\\..\\..\\..\\components\\libraries\\simple_timer\\app_simple_timer.c 0x00000000   Number         0  app_simple_timer.o ABSOLUTE
    ..\\..\\..\\..\\..\\..\\components\\libraries\\timer\\app_timer.c 0x00000000   Number         0  app_timer.o ABSOLUTE
    ..\\..\\..\\..\\..\\..\\components\\libraries\\util\\app_error.c 0x00000000   Number         0  app_error.o ABSOLUTE
    ..\\..\\..\\..\\..\\..\\components\\libraries\\util\\app_error_weak.c 0x00000000   Number         0  app_error_weak.o ABSOLUTE
    ..\\..\\..\\..\\..\\..\\components\\libraries\\util\\app_util_platform.c 0x00000000   Number         0  app_util_platform.o ABSOLUTE
    ..\\..\\..\\..\\..\\..\\components\\libraries\\util\\nrf_assert.c 0x00000000   Number         0  nrf_assert.o ABSOLUTE
    ..\\..\\..\\..\\..\\..\\external\\segger_rtt\\SEGGER_RTT.c 0x00000000   Number         0  segger_rtt.o ABSOLUTE
    ..\\..\\..\\main.c                       0x00000000   Number         0  main.o ABSOLUTE
    RTE\Device\nRF52832_xxAA\arm_startup_nrf52.s 0x00000000   Number         0  arm_startup_nrf52.o ABSOLUTE
    RTE\Device\nRF52832_xxAA\system_nrf52.c  0x00000000   Number         0  system_nrf52.o ABSOLUTE
    RTE\\Device\\nRF52832_xxAA\\system_nrf52.c 0x00000000   Number         0  system_nrf52.o ABSOLUTE
    dc.s                                     0x00000000   Number         0  dc.o ABSOLUTE
    handlers.s                               0x00000000   Number         0  handlers.o ABSOLUTE
    init.s                                   0x00000000   Number         0  init.o ABSOLUTE
    .ARM.Collect$$$$00000000                 0x00000400   Section        0  entry.o(.ARM.Collect$$$$00000000)
    .ARM.Collect$$$$00000001                 0x00000400   Section        4  entry2.o(.ARM.Collect$$$$00000001)
    .ARM.Collect$$$$00000004                 0x00000404   Section        4  entry5.o(.ARM.Collect$$$$00000004)
    .ARM.Collect$$$$00000008                 0x00000408   Section        0  entry7b.o(.ARM.Collect$$$$00000008)
    .ARM.Collect$$$$0000000A                 0x00000408   Section        0  entry8b.o(.ARM.Collect$$$$0000000A)
    .ARM.Collect$$$$0000000B                 0x00000408   Section        8  entry9a.o(.ARM.Collect$$$$0000000B)
    .ARM.Collect$$$$0000000D                 0x00000410   Section        0  entry10a.o(.ARM.Collect$$$$0000000D)
    .ARM.Collect$$$$0000000F                 0x00000410   Section        0  entry11a.o(.ARM.Collect$$$$0000000F)
    .ARM.Collect$$$$00002712                 0x00000410   Section        4  entry2.o(.ARM.Collect$$$$00002712)
    __lit__00000000                          0x00000410   Data           4  entry2.o(.ARM.Collect$$$$00002712)
    .text                                    0x00000414   Section       36  arm_startup_nrf52.o(.text)
    $v0                                      0x00000414   Number         0  arm_startup_nrf52.o(.text)
    .text                                    0x00000438   Section       36  init.o(.text)
    i.GPIOTE_IRQHandler                      0x0000045c   Section        0  nrf_drv_gpiote.o(i.GPIOTE_IRQHandler)
    i.NVIC_ClearPendingIRQ                   0x000005d0   Section        0  app_timer.o(i.NVIC_ClearPendingIRQ)
    NVIC_ClearPendingIRQ                     0x000005d1   Thumb Code    22  app_timer.o(i.NVIC_ClearPendingIRQ)
    i.NVIC_EnableIRQ                         0x000005e6   Section        0  app_timer.o(i.NVIC_EnableIRQ)
    NVIC_EnableIRQ                           0x000005e7   Thumb Code    22  app_timer.o(i.NVIC_EnableIRQ)
    i.NVIC_SetPendingIRQ                     0x000005fc   Section        0  app_timer.o(i.NVIC_SetPendingIRQ)
    NVIC_SetPendingIRQ                       0x000005fd   Thumb Code    22  app_timer.o(i.NVIC_SetPendingIRQ)
    i.RTC1_IRQHandler                        0x00000614   Section        0  app_timer.o(i.RTC1_IRQHandler)
    i.SWI0_EGU0_IRQHandler                   0x00000638   Section        0  app_timer.o(i.SWI0_EGU0_IRQHandler)
    i.SystemInit                             0x0000063c   Section        0  system_nrf52.o(i.SystemInit)
    i.TIMER1_IRQHandler                      0x000008d8   Section        0  nrf_drv_timer.o(i.TIMER1_IRQHandler)
    i.UARTE0_UART0_IRQHandler                0x00000924   Section        0  nrf_drv_uart.o(i.UARTE0_UART0_IRQHandler)
    i.__scatterload_copy                     0x00000940   Section       14  handlers.o(i.__scatterload_copy)
    i.__scatterload_null                     0x0000094e   Section        2  handlers.o(i.__scatterload_null)
    i.__scatterload_zeroinit                 0x00000950   Section       14  handlers.o(i.__scatterload_zeroinit)
    i.app_error_fault_handler                0x00000960   Section        0  main.o(i.app_error_fault_handler)
    i.app_error_handler_bare                 0x00000980   Section        0  app_error.o(i.app_error_handler_bare)
    i.app_simple_timer_event_handler         0x00000998   Section        0  app_simple_timer.o(i.app_simple_timer_event_handler)
    app_simple_timer_event_handler           0x00000999   Thumb Code    24  app_simple_timer.o(i.app_simple_timer_event_handler)
    i.app_simple_timer_init                  0x000009b4   Section        0  app_simple_timer.o(i.app_simple_timer_init)
    i.app_simple_timer_start                 0x000009f4   Section        0  app_simple_timer.o(i.app_simple_timer_start)
    i.app_simple_timer_stop                  0x00000a78   Section        0  app_simple_timer.o(i.app_simple_timer_stop)
    i.bsp_board_led_invert                   0x00000a98   Section        0  boards.o(i.bsp_board_led_invert)
    i.bsp_board_led_off                      0x00000abc   Section        0  boards.o(i.bsp_board_led_off)
    i.bsp_board_led_on                       0x00000acc   Section        0  boards.o(i.bsp_board_led_on)
    i.bsp_board_leds_init                    0x00000adc   Section        0  boards.o(i.bsp_board_leds_init)
    i.bsp_board_leds_off                     0x00000b08   Section        0  boards.o(i.bsp_board_leds_off)
    i.channel_port_get                       0x00000b1c   Section        0  nrf_drv_gpiote.o(i.channel_port_get)
    channel_port_get                         0x00000b1d   Thumb Code    10  nrf_drv_gpiote.o(i.channel_port_get)
    i.compare_reg_update                     0x00000b2c   Section        0  app_timer.o(i.compare_reg_update)
    compare_reg_update                       0x00000b2d   Thumb Code   160  app_timer.o(i.compare_reg_update)
    i.elapsed_ticks_acquire                  0x00000bd8   Section        0  app_timer.o(i.elapsed_ticks_acquire)
    elapsed_ticks_acquire                    0x00000bd9   Thumb Code    58  app_timer.o(i.elapsed_ticks_acquire)
    i.led_and_timer_control                  0x00000c18   Section        0  main.o(i.led_and_timer_control)
    led_and_timer_control                    0x00000c19   Thumb Code    46  main.o(i.led_and_timer_control)
    i.list_deletions_handler                 0x00000c50   Section        0  app_timer.o(i.list_deletions_handler)
    list_deletions_handler                   0x00000c51   Thumb Code   158  app_timer.o(i.list_deletions_handler)
    i.list_insertions_handler                0x00000cf8   Section        0  app_timer.o(i.list_insertions_handler)
    list_insertions_handler                  0x00000cf9   Thumb Code   174  app_timer.o(i.list_insertions_handler)
    i.main                                   0x00000db0   Section        0  main.o(i.main)
    i.nrf_bitmask_bit_is_set                 0x00000de4   Section        0  nrf_drv_gpiote.o(i.nrf_bitmask_bit_is_set)
    nrf_bitmask_bit_is_set                   0x00000de5   Thumb Code    16  nrf_drv_gpiote.o(i.nrf_bitmask_bit_is_set)
    i.nrf_delay_us                           0x00000df4   Section        0  main.o(i.nrf_delay_us)
    nrf_delay_us                             0x00000df5   Thumb Code   132  main.o(i.nrf_delay_us)
    i.nrf_delay_us                           0x00000e80   Section        0  app_timer.o(i.nrf_delay_us)
    nrf_delay_us                             0x00000e81   Thumb Code   132  app_timer.o(i.nrf_delay_us)
    i.nrf_drv_common_irq_enable              0x00000f0c   Section        0  nrf_drv_common.o(i.nrf_drv_common_irq_enable)
    i.nrf_drv_timer_clear                    0x00000f44   Section        0  nrf_drv_timer.o(i.nrf_drv_timer_clear)
    i.nrf_drv_timer_compare                  0x00000f4c   Section        0  nrf_drv_timer.o(i.nrf_drv_timer_compare)
    i.nrf_drv_timer_enable                   0x00000f70   Section        0  nrf_drv_timer.o(i.nrf_drv_timer_enable)
    i.nrf_drv_timer_extended_compare         0x00000f8c   Section        0  nrf_drv_timer.o(i.nrf_drv_timer_extended_compare)
    i.nrf_drv_timer_init                     0x00000fb8   Section        0  nrf_drv_timer.o(i.nrf_drv_timer_init)
    i.nrf_drv_timer_pause                    0x00001048   Section        0  nrf_drv_timer.o(i.nrf_drv_timer_pause)
    i.nrf_drv_timer_resume                   0x00001050   Section        0  nrf_drv_timer.o(i.nrf_drv_timer_resume)
    i.nrf_gpio_cfg                           0x00001058   Section        0  boards.o(i.nrf_gpio_cfg)
    nrf_gpio_cfg                             0x00001059   Thumb Code    36  boards.o(i.nrf_gpio_cfg)
    i.nrf_gpio_cfg_sense_set                 0x0000107c   Section        0  nrf_drv_gpiote.o(i.nrf_gpio_cfg_sense_set)
    nrf_gpio_cfg_sense_set                   0x0000107d   Thumb Code    34  nrf_drv_gpiote.o(i.nrf_gpio_cfg_sense_set)
    i.nrf_gpio_pin_write                     0x0000109e   Section        0  boards.o(i.nrf_gpio_pin_write)
    nrf_gpio_pin_write                       0x0000109f   Thumb Code    22  boards.o(i.nrf_gpio_pin_write)
    i.nrf_gpio_ports_read                    0x000010b4   Section        0  nrf_drv_gpiote.o(i.nrf_gpio_ports_read)
    nrf_gpio_ports_read                      0x000010b5   Thumb Code    34  nrf_drv_gpiote.o(i.nrf_gpio_ports_read)
    i.nrf_gpiote_event_clear                 0x000010dc   Section        0  nrf_drv_gpiote.o(i.nrf_gpiote_event_clear)
    nrf_gpiote_event_clear                   0x000010dd   Thumb Code    16  nrf_drv_gpiote.o(i.nrf_gpiote_event_clear)
    i.nrf_gpiote_event_is_set                0x000010f0   Section        0  nrf_drv_gpiote.o(i.nrf_gpiote_event_is_set)
    nrf_gpiote_event_is_set                  0x000010f1   Thumb Code    12  nrf_drv_gpiote.o(i.nrf_gpiote_event_is_set)
    i.nrf_uart_event_check                   0x00001100   Section        0  nrf_drv_uart.o(i.nrf_uart_event_check)
    nrf_uart_event_check                     0x00001101   Thumb Code    10  nrf_drv_uart.o(i.nrf_uart_event_check)
    i.nrf_uart_event_clear                   0x0000110a   Section        0  nrf_drv_uart.o(i.nrf_uart_event_clear)
    nrf_uart_event_clear                     0x0000110b   Thumb Code    12  nrf_drv_uart.o(i.nrf_uart_event_clear)
    i.nrf_uart_int_enable_check              0x00001116   Section        0  nrf_drv_uart.o(i.nrf_uart_int_enable_check)
    nrf_uart_int_enable_check                0x00001117   Thumb Code    12  nrf_drv_uart.o(i.nrf_uart_int_enable_check)
    i.nrf_uarte_event_check                  0x00001122   Section        0  nrf_drv_uart.o(i.nrf_uarte_event_check)
    nrf_uarte_event_check                    0x00001123   Thumb Code    10  nrf_drv_uart.o(i.nrf_uarte_event_check)
    i.nrf_uarte_event_clear                  0x0000112c   Section        0  nrf_drv_uart.o(i.nrf_uarte_event_clear)
    nrf_uarte_event_clear                    0x0000112d   Thumb Code    12  nrf_drv_uart.o(i.nrf_uarte_event_clear)
    i.rtc1_stop                              0x00001138   Section        0  app_timer.o(i.rtc1_stop)
    rtc1_stop                                0x00001139   Thumb Code    52  app_timer.o(i.rtc1_stop)
    i.rx_byte                                0x00001174   Section        0  nrf_drv_uart.o(i.rx_byte)
    rx_byte                                  0x00001175   Thumb Code    50  nrf_drv_uart.o(i.rx_byte)
    i.rx_done_event                          0x000011a6   Section        0  nrf_drv_uart.o(i.rx_done_event)
    rx_done_event                            0x000011a7   Thumb Code    24  nrf_drv_uart.o(i.rx_done_event)
    i.state_machine_state_change             0x000011c0   Section        0  main.o(i.state_machine_state_change)
    state_machine_state_change               0x000011c1   Thumb Code    32  main.o(i.state_machine_state_change)
    i.timeout_handler                        0x000011e4   Section        0  main.o(i.timeout_handler)
    i.timer_list_handler                     0x0000127c   Section        0  app_timer.o(i.timer_list_handler)
    timer_list_handler                       0x0000127d   Thumb Code   134  app_timer.o(i.timer_list_handler)
    i.timer_list_insert                      0x00001308   Section        0  app_timer.o(i.timer_list_insert)
    timer_list_insert                        0x00001309   Thumb Code    56  app_timer.o(i.timer_list_insert)
    i.timer_timeouts_check                   0x00001344   Section        0  app_timer.o(i.timer_timeouts_check)
    timer_timeouts_check                     0x00001345   Thumb Code   124  app_timer.o(i.timer_timeouts_check)
    i.tx_byte                                0x000013c8   Section        0  nrf_drv_uart.o(i.tx_byte)
    tx_byte                                  0x000013c9   Thumb Code    32  nrf_drv_uart.o(i.tx_byte)
    i.tx_done_event                          0x000013e8   Section        0  nrf_drv_uart.o(i.tx_done_event)
    tx_done_event                            0x000013e9   Thumb Code    28  nrf_drv_uart.o(i.tx_done_event)
    i.uart_irq_handler                       0x00001404   Section        0  nrf_drv_uart.o(i.uart_irq_handler)
    uart_irq_handler                         0x00001405   Thumb Code   286  nrf_drv_uart.o(i.uart_irq_handler)
    i.uarte_irq_handler                      0x00001522   Section        0  nrf_drv_uart.o(i.uarte_irq_handler)
    uarte_irq_handler                        0x00001523   Thumb Code   240  nrf_drv_uart.o(i.uarte_irq_handler)
    .constdata                               0x00001612   Section        8  boards.o(.constdata)
    m_board_led_list                         0x00001612   Data           4  boards.o(.constdata)
    m_board_btn_list                         0x00001616   Data           4  boards.o(.constdata)
    .constdata                               0x0000161c   Section        4  nrf_drv_gpiote.o(.constdata)
    .constdata                               0x00001620   Section       16  app_simple_timer.o(.constdata)
    .data                                    0x20000000   Section       12  main.o(.data)
    m_state                                  0x20000000   Data           1  main.o(.data)
    m_state_transit_counter                  0x20000004   Data           4  main.o(.data)
    m_toggle_led_counter                     0x20000008   Data           4  main.o(.data)
    .data                                    0x2000000c   Section       12  app_simple_timer.o(.data)
    m_simple_timer_state                     0x2000000c   Data           1  app_simple_timer.o(.data)
    m_mode                                   0x2000000d   Data           1  app_simple_timer.o(.data)
    m_timeout_handler                        0x20000010   Data           4  app_simple_timer.o(.data)
    mp_timeout_handler_context               0x20000014   Data           4  app_simple_timer.o(.data)
    .data                                    0x20000018   Section       32  app_timer.o(.data)
    m_ticks_elapsed_q_read_ind               0x20000018   Data           1  app_timer.o(.data)
    m_ticks_elapsed_q_write_ind              0x20000019   Data           1  app_timer.o(.data)
    m_rtc1_running                           0x2000001a   Data           1  app_timer.o(.data)
    m_rtc1_reset                             0x2000001b   Data           1  app_timer.o(.data)
    mp_timer_id_head                         0x2000001c   Data           4  app_timer.o(.data)
    m_ticks_latest                           0x20000020   Data           4  app_timer.o(.data)
    m_evt_schedule_func                      0x20000024   Data           4  app_timer.o(.data)
    m_op_queue                               0x20000028   Data           8  app_timer.o(.data)
    m_ticks_elapsed                          0x20000030   Data           8  app_timer.o(.data)
    .data                                    0x20000038   Section        4  system_nrf52.o(.data)
    __tagsym$$used                           0x20000038   Number         0  system_nrf52.o(.data)
    .bss                                     0x2000003c   Section       88  nrf_drv_gpiote.o(.bss)
    m_cb                                     0x2000003c   Data          88  nrf_drv_gpiote.o(.bss)
    .bss                                     0x20000094   Section       12  nrf_drv_timer.o(.bss)
    m_cb                                     0x20000094   Data          12  nrf_drv_timer.o(.bss)
    .bss                                     0x200000a0   Section       32  nrf_drv_uart.o(.bss)
    m_cb                                     0x200000a0   Data          32  nrf_drv_uart.o(.bss)
    STACK                                    0x200000c0   Section     8192  arm_startup_nrf52.o(STACK)

    Global Symbols

    Symbol Name                              Value     Ov Type        Size  Object(Section)

    BuildAttributes$$THM_ISAv4$E$P$D$K$B$S$7EM$VFPi3$EXTD16$VFPS$VFMA$PE$A:L22UL41UL21$X:L11$S22US41US21$IEEE1$IW$USESV6$~STKCKD$USESV7$~SHL$OSPACE$EBA8$MICROLIB$REQ8$PRES8$EABIv2 0x00000000   Number         0  anon$$obj.o ABSOLUTE
    __ARM_use_no_argv                        0x00000000   Number         0  main.o ABSOLUTE
    __Vectors                                0x00000000   Data           4  arm_startup_nrf52.o(RESET)
    __cpp_initialize__aeabi_                  - Undefined Weak Reference
    __cxa_finalize                            - Undefined Weak Reference
    __decompress                              - Undefined Weak Reference
    _clock_init                               - Undefined Weak Reference
    _microlib_exit                            - Undefined Weak Reference
    __Vectors_End                            0x00000400   Data           0  arm_startup_nrf52.o(RESET)
    __Vectors_Size                           0x00000400   Number         0  arm_startup_nrf52.o ABSOLUTE
    __main                                   0x00000401   Thumb Code     0  entry.o(.ARM.Collect$$$$00000000)
    _main_stk                                0x00000401   Thumb Code     0  entry2.o(.ARM.Collect$$$$00000001)
    _main_scatterload                        0x00000405   Thumb Code     0  entry5.o(.ARM.Collect$$$$00000004)
    __main_after_scatterload                 0x00000409   Thumb Code     0  entry5.o(.ARM.Collect$$$$00000004)
    _main_clock                              0x00000409   Thumb Code     0  entry7b.o(.ARM.Collect$$$$00000008)
    _main_cpp_init                           0x00000409   Thumb Code     0  entry8b.o(.ARM.Collect$$$$0000000A)
    _main_init                               0x00000409   Thumb Code     0  entry9a.o(.ARM.Collect$$$$0000000B)
    __rt_final_cpp                           0x00000411   Thumb Code     0  entry10a.o(.ARM.Collect$$$$0000000D)
    __rt_final_exit                          0x00000411   Thumb Code     0  entry11a.o(.ARM.Collect$$$$0000000F)
    Reset_Handler                            0x00000415   Thumb Code     8  arm_startup_nrf52.o(.text)
    NMI_Handler                              0x0000041d   Thumb Code     2  arm_startup_nrf52.o(.text)
    HardFault_Handler                        0x0000041f   Thumb Code     2  arm_startup_nrf52.o(.text)
    MemoryManagement_Handler                 0x00000421   Thumb Code     2  arm_startup_nrf52.o(.text)
    BusFault_Handler                         0x00000423   Thumb Code     2  arm_startup_nrf52.o(.text)
    UsageFault_Handler                       0x00000425   Thumb Code     2  arm_startup_nrf52.o(.text)
    SVC_Handler                              0x00000427   Thumb Code     2  arm_startup_nrf52.o(.text)
    DebugMon_Handler                         0x00000429   Thumb Code     2  arm_startup_nrf52.o(.text)
    PendSV_Handler                           0x0000042b   Thumb Code     2  arm_startup_nrf52.o(.text)
    SysTick_Handler                          0x0000042d   Thumb Code     2  arm_startup_nrf52.o(.text)
    CCM_AAR_IRQHandler                       0x0000042f   Thumb Code     0  arm_startup_nrf52.o(.text)
    COMP_LPCOMP_IRQHandler                   0x0000042f   Thumb Code     0  arm_startup_nrf52.o(.text)
    ECB_IRQHandler                           0x0000042f   Thumb Code     0  arm_startup_nrf52.o(.text)
    FPU_IRQHandler                           0x0000042f   Thumb Code     0  arm_startup_nrf52.o(.text)
    I2S_IRQHandler                           0x0000042f   Thumb Code     0  arm_startup_nrf52.o(.text)
    MWU_IRQHandler                           0x0000042f   Thumb Code     0  arm_startup_nrf52.o(.text)
    NFCT_IRQHandler                          0x0000042f   Thumb Code     0  arm_startup_nrf52.o(.text)
    PDM_IRQHandler                           0x0000042f   Thumb Code     0  arm_startup_nrf52.o(.text)
    POWER_CLOCK_IRQHandler                   0x0000042f   Thumb Code     0  arm_startup_nrf52.o(.text)
    PWM0_IRQHandler                          0x0000042f   Thumb Code     0  arm_startup_nrf52.o(.text)
    PWM1_IRQHandler                          0x0000042f   Thumb Code     0  arm_startup_nrf52.o(.text)
    PWM2_IRQHandler                          0x0000042f   Thumb Code     0  arm_startup_nrf52.o(.text)
    QDEC_IRQHandler                          0x0000042f   Thumb Code     0  arm_startup_nrf52.o(.text)
    RADIO_IRQHandler                         0x0000042f   Thumb Code     0  arm_startup_nrf52.o(.text)
    RNG_IRQHandler                           0x0000042f   Thumb Code     0  arm_startup_nrf52.o(.text)
    RTC0_IRQHandler                          0x0000042f   Thumb Code     0  arm_startup_nrf52.o(.text)
    RTC2_IRQHandler                          0x0000042f   Thumb Code     0  arm_startup_nrf52.o(.text)
    SAADC_IRQHandler                         0x0000042f   Thumb Code     0  arm_startup_nrf52.o(.text)
    SPIM0_SPIS0_TWIM0_TWIS0_SPI0_TWI0_IRQHandler 0x0000042f   Thumb Code     0  arm_startup_nrf52.o(.text)
    SPIM1_SPIS1_TWIM1_TWIS1_SPI1_TWI1_IRQHandler 0x0000042f   Thumb Code     0  arm_startup_nrf52.o(.text)
    SPIM2_SPIS2_SPI2_IRQHandler              0x0000042f   Thumb Code     0  arm_startup_nrf52.o(.text)
    SWI1_EGU1_IRQHandler                     0x0000042f   Thumb Code     0  arm_startup_nrf52.o(.text)
    SWI2_EGU2_IRQHandler                     0x0000042f   Thumb Code     0  arm_startup_nrf52.o(.text)
    SWI3_EGU3_IRQHandler                     0x0000042f   Thumb Code     0  arm_startup_nrf52.o(.text)
    SWI4_EGU4_IRQHandler                     0x0000042f   Thumb Code     0  arm_startup_nrf52.o(.text)
    SWI5_EGU5_IRQHandler                     0x0000042f   Thumb Code     0  arm_startup_nrf52.o(.text)
    TEMP_IRQHandler                          0x0000042f   Thumb Code     0  arm_startup_nrf52.o(.text)
    TIMER0_IRQHandler                        0x0000042f   Thumb Code     0  arm_startup_nrf52.o(.text)
    TIMER2_IRQHandler                        0x0000042f   Thumb Code     0  arm_startup_nrf52.o(.text)
    TIMER3_IRQHandler                        0x0000042f   Thumb Code     0  arm_startup_nrf52.o(.text)
    TIMER4_IRQHandler                        0x0000042f   Thumb Code     0  arm_startup_nrf52.o(.text)
    WDT_IRQHandler                           0x0000042f   Thumb Code     0  arm_startup_nrf52.o(.text)
    __scatterload                            0x00000439   Thumb Code    28  init.o(.text)
    __scatterload_rt2                        0x00000439   Thumb Code     0  init.o(.text)
    GPIOTE_IRQHandler                        0x0000045d   Thumb Code   362  nrf_drv_gpiote.o(i.GPIOTE_IRQHandler)
    RTC1_IRQHandler                          0x00000615   Thumb Code    32  app_timer.o(i.RTC1_IRQHandler)
    SWI0_EGU0_IRQHandler                     0x00000639   Thumb Code     4  app_timer.o(i.SWI0_EGU0_IRQHandler)
    SystemInit                               0x0000063d   Thumb Code   610  system_nrf52.o(i.SystemInit)
    TIMER1_IRQHandler                        0x000008d9   Thumb Code    68  nrf_drv_timer.o(i.TIMER1_IRQHandler)
    UARTE0_UART0_IRQHandler                  0x00000925   Thumb Code    20  nrf_drv_uart.o(i.UARTE0_UART0_IRQHandler)
    __scatterload_copy                       0x00000941   Thumb Code    14  handlers.o(i.__scatterload_copy)
    __scatterload_null                       0x0000094f   Thumb Code     2  handlers.o(i.__scatterload_null)
    __scatterload_zeroinit                   0x00000951   Thumb Code    14  handlers.o(i.__scatterload_zeroinit)
    app_error_fault_handler                  0x00000961   Thumb Code    26  main.o(i.app_error_fault_handler)
    app_error_handler_bare                   0x00000981   Thumb Code    22  app_error.o(i.app_error_handler_bare)
    app_simple_timer_init                    0x000009b5   Thumb Code    50  app_simple_timer.o(i.app_simple_timer_init)
    app_simple_timer_start                   0x000009f5   Thumb Code   124  app_simple_timer.o(i.app_simple_timer_start)
    app_simple_timer_stop                    0x00000a79   Thumb Code    24  app_simple_timer.o(i.app_simple_timer_stop)
    bsp_board_led_invert                     0x00000a99   Thumb Code    32  boards.o(i.bsp_board_led_invert)
    bsp_board_led_off                        0x00000abd   Thumb Code    10  boards.o(i.bsp_board_led_off)
    bsp_board_led_on                         0x00000acd   Thumb Code    10  boards.o(i.bsp_board_led_on)
    bsp_board_leds_init                      0x00000add   Thumb Code    38  boards.o(i.bsp_board_leds_init)
    bsp_board_leds_off                       0x00000b09   Thumb Code    18  boards.o(i.bsp_board_leds_off)
    main                                     0x00000db1   Thumb Code    46  main.o(i.main)
    nrf_drv_common_irq_enable                0x00000f0d   Thumb Code    56  nrf_drv_common.o(i.nrf_drv_common_irq_enable)
    nrf_drv_timer_clear                      0x00000f45   Thumb Code     8  nrf_drv_timer.o(i.nrf_drv_timer_clear)
    nrf_drv_timer_compare                    0x00000f4d   Thumb Code    34  nrf_drv_timer.o(i.nrf_drv_timer_compare)
    nrf_drv_timer_enable                     0x00000f71   Thumb Code    24  nrf_drv_timer.o(i.nrf_drv_timer_enable)
    nrf_drv_timer_extended_compare           0x00000f8d   Thumb Code    42  nrf_drv_timer.o(i.nrf_drv_timer_extended_compare)
    nrf_drv_timer_init                       0x00000fb9   Thumb Code   138  nrf_drv_timer.o(i.nrf_drv_timer_init)
    nrf_drv_timer_pause                      0x00001049   Thumb Code     8  nrf_drv_timer.o(i.nrf_drv_timer_pause)
    nrf_drv_timer_resume                     0x00001051   Thumb Code     8  nrf_drv_timer.o(i.nrf_drv_timer_resume)
    timeout_handler                          0x000011e5   Thumb Code   142  main.o(i.timeout_handler)
    SIMPLE_TIMER                             0x00001620   Data           8  app_simple_timer.o(.constdata)
    Region$$Table$$Base                      0x00001630   Number         0  anon$$obj.o(Region$$Table)
    Region$$Table$$Limit                     0x00001650   Number         0  anon$$obj.o(Region$$Table)
    SystemCoreClock                          0x20000038   Data           4  system_nrf52.o(.data)
    __initial_sp                             0x200020c0   Data           0  arm_startup_nrf52.o(STACK)



==============================================================================

Memory Map of the image

  Image Entry point : 0x00000401

  Load Region LR_IROM1 (Base: 0x00000000, Size: 0x0000168c, Max: 0x00080000, ABSOLUTE)

    Execution Region ER_IROM1 (Base: 0x00000000, Size: 0x00001650, Max: 0x00080000, ABSOLUTE)

    Base Addr    Size         Type   Attr      Idx    E Section Name        Object

    0x00000000   0x00000400   Data   RO         1842    RESET               arm_startup_nrf52.o
    0x00000400   0x00000000   Code   RO         1883  * .ARM.Collect$$$$00000000  mc_w.l(entry.o)
    0x00000400   0x00000004   Code   RO         1894    .ARM.Collect$$$$00000001  mc_w.l(entry2.o)
    0x00000404   0x00000004   Code   RO         1897    .ARM.Collect$$$$00000004  mc_w.l(entry5.o)
    0x00000408   0x00000000   Code   RO         1899    .ARM.Collect$$$$00000008  mc_w.l(entry7b.o)
    0x00000408   0x00000000   Code   RO         1901    .ARM.Collect$$$$0000000A  mc_w.l(entry8b.o)
    0x00000408   0x00000008   Code   RO         1902    .ARM.Collect$$$$0000000B  mc_w.l(entry9a.o)
    0x00000410   0x00000000   Code   RO         1904    .ARM.Collect$$$$0000000D  mc_w.l(entry10a.o)
    0x00000410   0x00000000   Code   RO         1906    .ARM.Collect$$$$0000000F  mc_w.l(entry11a.o)
    0x00000410   0x00000004   Code   RO         1895    .ARM.Collect$$$$00002712  mc_w.l(entry2.o)
    0x00000414   0x00000024   Code   RO         1843    .text               arm_startup_nrf52.o
    0x00000438   0x00000024   Code   RO         1908    .text               mc_w.l(init.o)
    0x0000045c   0x00000174   Code   RO          482    i.GPIOTE_IRQHandler  nrf_drv_gpiote.o
    0x000005d0   0x00000016   Code   RO         1411    i.NVIC_ClearPendingIRQ  app_timer.o
    0x000005e6   0x00000016   Code   RO         1412    i.NVIC_EnableIRQ    app_timer.o
    0x000005fc   0x00000016   Code   RO         1413    i.NVIC_SetPendingIRQ  app_timer.o
    0x00000612   0x00000002   PAD
    0x00000614   0x00000024   Code   RO         1415    i.RTC1_IRQHandler   app_timer.o
    0x00000638   0x00000004   Code   RO         1416    i.SWI0_EGU0_IRQHandler  app_timer.o
    0x0000063c   0x0000029c   Code   RO         1851    i.SystemInit        system_nrf52.o
    0x000008d8   0x0000004c   Code   RO          750    i.TIMER1_IRQHandler  nrf_drv_timer.o
    0x00000924   0x0000001c   Code   RO          867    i.UARTE0_UART0_IRQHandler  nrf_drv_uart.o
    0x00000940   0x0000000e   Code   RO         1912    i.__scatterload_copy  mc_w.l(handlers.o)
    0x0000094e   0x00000002   Code   RO         1913    i.__scatterload_null  mc_w.l(handlers.o)
    0x00000950   0x0000000e   Code   RO         1914    i.__scatterload_zeroinit  mc_w.l(handlers.o)
    0x0000095e   0x00000002   PAD
    0x00000960   0x00000020   Code   RO            4    i.app_error_fault_handler  main.o
    0x00000980   0x00000016   Code   RO         1278    i.app_error_handler_bare  app_error.o
    0x00000996   0x00000002   PAD
    0x00000998   0x0000001c   Code   RO         1354    i.app_simple_timer_event_handler  app_simple_timer.o
    0x000009b4   0x00000040   Code   RO         1355    i.app_simple_timer_init  app_simple_timer.o
    0x000009f4   0x00000084   Code   RO         1356    i.app_simple_timer_start  app_simple_timer.o
    0x00000a78   0x00000020   Code   RO         1357    i.app_simple_timer_stop  app_simple_timer.o
    0x00000a98   0x00000024   Code   RO          157    i.bsp_board_led_invert  boards.o
    0x00000abc   0x00000010   Code   RO          158    i.bsp_board_led_off  boards.o
    0x00000acc   0x00000010   Code   RO          159    i.bsp_board_led_on  boards.o
    0x00000adc   0x0000002c   Code   RO          161    i.bsp_board_leds_init  boards.o
    0x00000b08   0x00000012   Code   RO          162    i.bsp_board_leds_off  boards.o
    0x00000b1a   0x00000002   PAD
    0x00000b1c   0x00000010   Code   RO          485    i.channel_port_get  nrf_drv_gpiote.o
    0x00000b2c   0x000000ac   Code   RO         1424    i.compare_reg_update  app_timer.o
    0x00000bd8   0x00000040   Code   RO         1425    i.elapsed_ticks_acquire  app_timer.o
    0x00000c18   0x00000038   Code   RO            5    i.led_and_timer_control  main.o
    0x00000c50   0x000000a8   Code   RO         1426    i.list_deletions_handler  app_timer.o
    0x00000cf8   0x000000b8   Code   RO         1427    i.list_insertions_handler  app_timer.o
    0x00000db0   0x00000034   Code   RO            6    i.main              main.o
    0x00000de4   0x00000010   Code   RO          486    i.nrf_bitmask_bit_is_set  nrf_drv_gpiote.o
    0x00000df4   0x0000008c   Code   RO            7    i.nrf_delay_us      main.o
    0x00000e80   0x0000008c   Code   RO         1428    i.nrf_delay_us      app_timer.o
    0x00000f0c   0x00000038   Code   RO          429    i.nrf_drv_common_irq_enable  nrf_drv_common.o
    0x00000f44   0x00000008   Code   RO          752    i.nrf_drv_timer_clear  nrf_drv_timer.o
    0x00000f4c   0x00000022   Code   RO          753    i.nrf_drv_timer_compare  nrf_drv_timer.o
    0x00000f6e   0x00000002   PAD
    0x00000f70   0x0000001c   Code   RO          757    i.nrf_drv_timer_enable  nrf_drv_timer.o
    0x00000f8c   0x0000002a   Code   RO          758    i.nrf_drv_timer_extended_compare  nrf_drv_timer.o
    0x00000fb6   0x00000002   PAD
    0x00000fb8   0x00000090   Code   RO          760    i.nrf_drv_timer_init  nrf_drv_timer.o
    0x00001048   0x00000008   Code   RO          761    i.nrf_drv_timer_pause  nrf_drv_timer.o
    0x00001050   0x00000008   Code   RO          762    i.nrf_drv_timer_resume  nrf_drv_timer.o
    0x00001058   0x00000024   Code   RO          166    i.nrf_gpio_cfg      boards.o
    0x0000107c   0x00000022   Code   RO          512    i.nrf_gpio_cfg_sense_set  nrf_drv_gpiote.o
    0x0000109e   0x00000016   Code   RO          167    i.nrf_gpio_pin_write  boards.o
    0x000010b4   0x00000028   Code   RO          513    i.nrf_gpio_ports_read  nrf_drv_gpiote.o
    0x000010dc   0x00000014   Code   RO          514    i.nrf_gpiote_event_clear  nrf_drv_gpiote.o
    0x000010f0   0x00000010   Code   RO          515    i.nrf_gpiote_event_is_set  nrf_drv_gpiote.o
    0x00001100   0x0000000a   Code   RO          889    i.nrf_uart_event_check  nrf_drv_uart.o
    0x0000110a   0x0000000c   Code   RO          890    i.nrf_uart_event_clear  nrf_drv_uart.o
    0x00001116   0x0000000c   Code   RO          891    i.nrf_uart_int_enable_check  nrf_drv_uart.o
    0x00001122   0x0000000a   Code   RO          892    i.nrf_uarte_event_check  nrf_drv_uart.o
    0x0000112c   0x0000000c   Code   RO          893    i.nrf_uarte_event_clear  nrf_drv_uart.o
    0x00001138   0x0000003c   Code   RO         1429    i.rtc1_stop         app_timer.o
    0x00001174   0x00000032   Code   RO          895    i.rx_byte           nrf_drv_uart.o
    0x000011a6   0x00000018   Code   RO          896    i.rx_done_event     nrf_drv_uart.o
    0x000011be   0x00000002   PAD
    0x000011c0   0x00000024   Code   RO            8    i.state_machine_state_change  main.o
    0x000011e4   0x00000098   Code   RO            9    i.timeout_handler   main.o
    0x0000127c   0x0000008c   Code   RO         1430    i.timer_list_handler  app_timer.o
    0x00001308   0x0000003c   Code   RO         1431    i.timer_list_insert  app_timer.o
    0x00001344   0x00000084   Code   RO         1433    i.timer_timeouts_check  app_timer.o
    0x000013c8   0x00000020   Code   RO          898    i.tx_byte           nrf_drv_uart.o
    0x000013e8   0x0000001c   Code   RO          899    i.tx_done_event     nrf_drv_uart.o
    0x00001404   0x0000011e   Code   RO          900    i.uart_irq_handler  nrf_drv_uart.o
    0x00001522   0x000000f0   Code   RO          901    i.uarte_irq_handler  nrf_drv_uart.o
    0x00001612   0x00000008   Data   RO          168    .constdata          boards.o
    0x0000161a   0x00000002   PAD
    0x0000161c   0x00000004   Data   RO          519    .constdata          nrf_drv_gpiote.o
    0x00001620   0x00000010   Data   RO         1359    .constdata          app_simple_timer.o
    0x00001630   0x00000020   Data   RO         1910    Region$$Table       anon$$obj.o


    Execution Region RW_IRAM1 (Base: 0x20000000, Size: 0x000020c0, Max: 0x00010000, ABSOLUTE)

    Base Addr    Size         Type   Attr      Idx    E Section Name        Object

    0x20000000   0x0000000c   Data   RW           10    .data               main.o
    0x2000000c   0x0000000c   Data   RW         1360    .data               app_simple_timer.o
    0x20000018   0x00000020   Data   RW         1435    .data               app_timer.o
    0x20000038   0x00000004   Data   RW         1852    .data               system_nrf52.o
    0x2000003c   0x00000058   Zero   RW          518    .bss                nrf_drv_gpiote.o
    0x20000094   0x0000000c   Zero   RW          764    .bss                nrf_drv_timer.o
    0x200000a0   0x00000020   Zero   RW          902    .bss                nrf_drv_uart.o
    0x200000c0   0x00002000   Zero   RW         1840    STACK               arm_startup_nrf52.o


==============================================================================

Image component sizes


      Code (inc. data)   RO Data    RW Data    ZI Data      Debug   Object Name

        22          0          0          0          0       2245   app_error.o
         0          0          0          0          0      26607   app_error_weak.o
       256         34         16         12          0      12536   app_simple_timer.o
      1226         76          0         32          0      41996   app_timer.o
        36          8       1024          0       8192        920   arm_startup_nrf52.o
       188         22          8          0          0       9469   boards.o
         0          0          0          0          0       1744   bsp.o
       468         44          0         12          0      42351   main.o
        56          0          0          0          0      29203   nrf_drv_common.o
       514         30          4          0         88      19180   nrf_drv_gpiote.o
       348         18          0          0         12      18786   nrf_drv_timer.o
       744          8          0          0         32      24332   nrf_drv_uart.o
       668         58          0          4          0       2735   system_nrf52.o

    ----------------------------------------------------------------------
      4538        298       1086         60       8324     232104   Object Totals
         0          0         32          0          0          0   (incl. Generated)
        12          0          2          0          0          0   (incl. Padding)

    ----------------------------------------------------------------------

      Code (inc. data)   RO Data    RW Data    ZI Data      Debug   Library Member Name

         0          0          0          0          0          0   entry.o
         0          0          0          0          0          0   entry10a.o
         0          0          0          0          0          0   entry11a.o
         8          4          0          0          0          0   entry2.o
         4          0          0          0          0          0   entry5.o
         0          0          0          0          0          0   entry7b.o
         0          0          0          0          0          0   entry8b.o
         8          4          0          0          0          0   entry9a.o
        30          0          0          0          0          0   handlers.o
        36          8          0          0          0         68   init.o

    ----------------------------------------------------------------------
        88         16          0          0          0         68   Library Totals
         2          0          0          0          0          0   (incl. Padding)

    ----------------------------------------------------------------------

      Code (inc. data)   RO Data    RW Data    ZI Data      Debug   Library Name

        86         16          0          0          0         68   mc_w.l

    ----------------------------------------------------------------------
        88         16          0          0          0         68   Library Totals

    ----------------------------------------------------------------------

==============================================================================


      Code (inc. data)   RO Data    RW Data    ZI Data      Debug   

      4626        314       1086         60       8324     226776   Grand Totals
      4626        314       1086         60       8324     226776   ELF Image Totals
      4626        314       1086         60          0          0   ROM Totals

==============================================================================

    Total RO  Size (Code + RO Data)                 5712 (   5.58kB)
    Total RW  Size (RW Data + ZI Data)              8384 (   8.19kB)
    Total ROM Size (Code + RO Data + RW Data)       5772 (   5.64kB)

==============================================================================

